Archive member included to satisfy reference by file (symbol)

libraries/libgiec/lib/libgiec_ipc_lib.a(giec_video_in.o)
                              _build_giec_I04L-debug/task_video.o (fca_video_in_init)
libraries/libgiec/lib/libgiec_ipc_lib.a(giec_video_push.o)
                              _build_giec_I04L-debug/task_video.o (fca_video_in_start_callback)
libraries/libgiec/lib/libgiec_ipc_lib.a(giec_svp.o)
                              libraries/libgiec/lib/libgiec_ipc_lib.a(giec_video_in.o) (giec_svp_init_vi_chn)
libraries/libgiec/lib/libgiec_ipc_lib.a(human_shape_alarm.o)
                              libraries/libgiec/lib/libgiec_ipc_lib.a(giec_svp.o) (human_shape_alarm_init)
libraries/libgiec/lib/libgiec_ipc_lib.a(giec_led.o)
                              _build_giec_I04L-debug/task_gpio.o (fca_set_led_lighting)
libraries/libgiec/lib/libgiec_ipc_lib.a(giec_ircut.o)
                              libraries/libgiec/lib/libgiec_ipc_lib.a(giec_svp.o) (fca_get_dn_status_by_image_sensor)
libraries/libgiec/lib/libgiec_ipc_lib.a(giec_net.o)
                              _build_giec_I04L-debug/task_network.o (fca_wifi_get_mac)
libraries/libgiec/lib/libgiec_ipc_lib.a(giec_gpio_panel.o)
                              libraries/libgiec/lib/libgiec_ipc_lib.a(giec_led.o) (giec_sys_panel_set_value)
libraries/libgiec/lib/libgiec_ipc_lib.a(giec_osd.o)
                              libraries/libgiec/lib/libgiec_ipc_lib.a(giec_video_in.o) (giec_osd_notify_resoluton_changed)
libraries/libgiec/lib/libgiec_ipc_lib.a(giec_qrcode.o)
                              libraries/libgiec/lib/libgiec_ipc_lib.a(giec_video_in.o) (giec_qrcode_set_width)
libraries/libgiec/lib/libgiec_ipc_lib.a(giec_common.o)
                              libraries/libgiec/lib/libgiec_ipc_lib.a(giec_video_push.o) (giec_sleepmode)
libraries/libgiec/lib/libgiec_ipc_lib.a(ak_rtsp.o)
                              libraries/libgiec/lib/libgiec_ipc_lib.a(giec_video_in.o) (rtsp_video_put)
libraries/libgiec/lib/libgiec_ipc_lib.a(ak_rtsp_demo.o)
                              libraries/libgiec/lib/libgiec_ipc_lib.a(ak_rtsp.o) (g_dvs)
libraries/libgiec/lib/libgiec_ipc_lib.a(ipc_srv.o)
                              libraries/libgiec/lib/libgiec_ipc_lib.a(ak_rtsp_demo.o) (ak_cmd_server_register)
libraries/libgiec/lib/libgiec_ipc_lib.a(ak_dvs.o)
                              libraries/libgiec/lib/libgiec_ipc_lib.a(ak_rtsp.o) (buffers_put_data_with_pts)
libraries/libgiec/lib/libgiec_ipc_lib.a(onvif_service.o)
                              libraries/libgiec/lib/libgiec_ipc_lib.a(ak_dvs.o) (GetNet)
libraries/libgiec/lib/libgiec_ipc_lib.a(onvif_discovery.o)
                              libraries/libgiec/lib/libgiec_ipc_lib.a(ak_rtsp_demo.o) (onvif_discovery_init)
libraries/libgiec/lib/libgiec_ipc_lib.a(ak_net.o)
                              libraries/libgiec/lib/libgiec_ipc_lib.a(ak_rtsp.o) (ak_net_get_ip)
libraries/libgiec/lib/libgiec_ipc_lib.a(http_service.o)
                              libraries/libgiec/lib/libgiec_ipc_lib.a(ak_rtsp_demo.o) (onvif_security)
libraries/libgiec/lib/libgiec_ipc_lib.a(ak_svp_md.o)
                              libraries/libgiec/lib/libgiec_ipc_lib.a(giec_svp.o) (ak_svp_md_init)
libraries/libgiec/lib/libgiec_ipc_lib.a(giec_ptz_sch.o)
                              libraries/libgiec/lib/libgiec_ipc_lib.a(http_service.o) (fca_ptz_go_direction)
libraries/libgiec/lib/libgiec_ipc_lib.a(onvif_cmd.o)
                              libraries/libgiec/lib/libgiec_ipc_lib.a(ak_rtsp_demo.o) (onvif_cmd_init)
libraries/libgiec/lib/libgiec_ipc_lib.a(ak_cmd_exec.o)
                              libraries/libgiec/lib/libgiec_ipc_lib.a(onvif_service.o) (ak_cmd_exec)
libraries/libgiec/lib/libgiec_ipc_lib.a(digest.o)
                              libraries/libgiec/lib/libgiec_ipc_lib.a(http_service.o) (ONVIF_GenrateDigest)
libraries/libgiec/lib/libgiec_ipc_lib.a(rtsp.o)
                              libraries/libgiec/lib/libgiec_ipc_lib.a(ak_dvs.o) (rtsp_init_client)
libraries/libgiec/lib/libgiec_ipc_lib.a(giec_mt.o)
                              libraries/libgiec/lib/libgiec_ipc_lib.a(giec_ptz_sch.o) (giec_mt_get_track_rel_pos)
libraries/libgiec/lib/libgiec_ipc_lib.a(giec_ptz_hal.o)
                              libraries/libgiec/lib/libgiec_ipc_lib.a(giec_ptz_sch.o) (giec_bsp_set_speed_value)
libraries/libgiec/lib/libgiec_ipc_lib.a(ak_md.o)
                              libraries/libgiec/lib/libgiec_ipc_lib.a(giec_mt.o) (ak_md_get_result)
libraries/libzbar/lib/libzbar.a(image.o)
                              libraries/libgiec/lib/libgiec_ipc_lib.a(giec_qrcode.o) (zbar_image_create)
libraries/libzbar/lib/libzbar.a(img_scanner.o)
                              libraries/libgiec/lib/libgiec_ipc_lib.a(giec_qrcode.o) (zbar_image_scanner_create)
libraries/libzbar/lib/libzbar.a(qrdec.o)
                              libraries/libzbar/lib/libzbar.a(img_scanner.o) (_zbar_qr_create)
libraries/libzbar/lib/libzbar.a(qrdectxt.o)
[...]
Memory Configuration

Name             Origin             Length             Attributes
*default*        0x0000000000000000 0xffffffffffffffff

Linker script and memory map

LOAD /opt/arm-anycloud-linux-uclibcgnueabi.gcc_7.3.0/arm-anycloud-linux-uclibcgnueabi/sysroot/usr/lib/crt1.o
LOAD /opt/arm-anycloud-linux-uclibcgnueabi.gcc_7.3.0/arm-anycloud-linux-uclibcgnueabi/sysroot/usr/lib/crti.o
LOAD /opt/arm-anycloud-linux-uclibcgnueabi.gcc_7.3.0/bin/../lib/gcc/arm-anycloud-linux-uclibcgnueabi/7.3.0/crtbegin.o
LOAD _build_giec_I04L-debug/ak.o
LOAD _build_giec_I04L-debug/message.o
LOAD _build_giec_I04L-debug/timer.o
LOAD _build_giec_I04L-debug/fsm.o
LOAD _build_giec_I04L-debug/tsm.o
LOAD _build_giec_I04L-debug/sys_dbg.o
LOAD _build_giec_I04L-debug/if_console.o
LOAD _build_giec_I04L-debug/mqtt.o
LOAD _build_giec_I04L-debug/ota.o
LOAD _build_giec_I04L-debug/parser_json.o
LOAD _build_giec_I04L-debug/fca_button.o
LOAD _build_giec_I04L-debug/SocketHelper.o
LOAD _build_giec_I04L-debug/giec_params.o
LOAD _build_giec_I04L-debug/app.o
LOAD _build_giec_I04L-debug/app_config.o
LOAD _build_giec_I04L-debug/app_data.o
LOAD _build_giec_I04L-debug/app_bsp.o
LOAD _build_giec_I04L-debug/task_list.o
LOAD _build_giec_I04L-debug/shell.o
LOAD _build_giec_I04L-debug/task_console.o
LOAD _build_giec_I04L-debug/task_sys.o
LOAD _build_giec_I04L-debug/task_cloud.o
LOAD _build_giec_I04L-debug/task_network.o
LOAD _build_giec_I04L-debug/task_fw.o
LOAD _build_giec_I04L-debug/task_gpio.o
LOAD _build_giec_I04L-debug/task_ircut.o
LOAD _build_giec_I04L-debug/task_video.o
LOAD _build_giec_I04L-debug/cmd_line.o
LOAD _build_giec_I04L-debug/jsmn.o
LOAD _build_giec_I04L-debug/firmware.o
LOAD _build_giec_I04L-debug/utils.o
LOAD _build_giec_I04L-debug/fifo.o
LOAD _build_giec_I04L-debug/g711.o
LOAD libraries/libcurl/lib/libcurl.so
LOAD libraries/libmosquitto/lib/libmosquitto.so
LOAD libraries/libmosquitto/lib/libmosquittopp.so
LOAD libraries/libopenssl/lib/libcrypto.so
LOAD libraries/libopenssl/lib/libssl.so
LOAD libraries/libgiec/lib/libgiec_ipc_lib.a
LOAD libraries/libanyka/lib/libplat_common.so
LOAD libraries/libanyka/lib/libplat_mem.so
LOAD libraries/libanyka/lib/libplat_thread.so
LOAD libraries/libanyka/lib/libplat_log.so
LOAD libraries/libanyka/lib/libplat_osal.so
LOAD libraries/libanyka/lib/libmpi_venc.so
LOAD libraries/libanyka/lib/libplat_dbg.so
LOAD libraries/libanyka/lib/libak_object_filter.so
LOAD libraries/libanyka/lib/libplat_vi.so
LOAD libraries/libanyka/lib/libplat_isp_sdk.so
LOAD libraries/libanyka/lib/libplat_vpss.so
LOAD libraries/libanyka/lib/libplat_ao.so
LOAD libraries/libanyka/lib/libmpi_adec.so
LOAD libraries/libanyka/lib/libplat_vqe.so
LOAD libraries/libanyka/lib/libakaudiofilter.so
LOAD libraries/libanyka/lib/libplat_ai.so
LOAD libraries/libanyka/lib/libakaudiocodec.so
LOAD libraries/libanyka/lib/libmpi_aenc.so
LOAD libraries/libanyka/lib/libak_mrd.so
LOAD libraries/libanyka/lib/libapp_video.so
LOAD libraries/libanyka/lib/libapp_its.so
LOAD libraries/libanyka/lib/libplat_timer.so
LOAD libraries/libanyka/lib/libmpi_osd.so
LOAD libraries/libanyka/lib/libapp_osd_ex.so
LOAD libraries/libanyka/lib/libmpi_svp.so
LOAD libraries/libanyka/lib/libakv_cnn_dt.so
LOAD libraries/libanyka/lib/libakv_cnn_fas.so
LOAD libraries/libanyka/lib/libakv_cnn_re.so
LOAD libraries/libzbar/lib/libzbar.a
LOAD /opt/arm-anycloud-linux-uclibcgnueabi.gcc_7.3.0/arm-anycloud-linux-uclibcgnueabi/sysroot/usr/lib/libpthread.a
LOAD /opt/arm-anycloud-linux-uclibcgnueabi.gcc_7.3.0/arm-anycloud-linux-uclibcgnueabi/sysroot/usr/lib/librt.a
LOAD /opt/arm-anycloud-linux-uclibcgnueabi.gcc_7.3.0/bin/../lib/gcc/arm-anycloud-linux-uclibcgnueabi/7.3.0/../../../../arm-anycloud-linux-uclibcgnueabi/lib/libstdc++fs.a
LOAD /opt/arm-anycloud-linux-uclibcgnueabi.gcc_7.3.0/bin/../lib/gcc/arm-anycloud-linux-uclibcgnueabi/7.3.0/../../../../arm-anycloud-linux-uclibcgnueabi/lib/libstdc++.so
LOAD /opt/arm-anycloud-linux-uclibcgnueabi.gcc_7.3.0/arm-anycloud-linux-uclibcgnueabi/sysroot/usr/lib/libm.a
LOAD /opt/arm-anycloud-linux-uclibcgnueabi.gcc_7.3.0/bin/../lib/gcc/arm-anycloud-linux-uclibcgnueabi/7.3.0/../../../../arm-anycloud-linux-uclibcgnueabi/lib/libgcc_s.so
START GROUP
LOAD /opt/arm-anycloud-linux-uclibcgnueabi.gcc_7.3.0/bin/../lib/gcc/arm-anycloud-linux-uclibcgnueabi/7.3.0/../../../../arm-anycloud-linux-uclibcgnueabi/lib/libgcc_s.so.1
LOAD /opt/arm-anycloud-linux-uclibcgnueabi.gcc_7.3.0/bin/../lib/gcc/arm-anycloud-linux-uclibcgnueabi/7.3.0/libgcc.a
END GROUP
LOAD /opt/arm-anycloud-linux-uclibcgnueabi.gcc_7.3.0/bin/../lib/gcc/arm-anycloud-linux-uclibcgnueabi/7.3.0/libgcc.a
LOAD /opt/arm-anycloud-linux-uclibcgnueabi.gcc_7.3.0/arm-anycloud-linux-uclibcgnueabi/sysroot/usr/lib/libc.so
START GROUP
LOAD /opt/arm-anycloud-linux-uclibcgnueabi.gcc_7.3.0/arm-anycloud-linux-uclibcgnueabi/sysroot/lib/libc.so.1
LOAD /opt/arm-anycloud-linux-uclibcgnueabi.gcc_7.3.0/arm-anycloud-linux-uclibcgnueabi/sysroot/usr/lib/uclibc_nonshared.a
LOAD /opt/arm-anycloud-linux-uclibcgnueabi.gcc_7.3.0/arm-anycloud-linux-uclibcgnueabi/sysroot/usr/lib/libpthread_nonshared.a
LOAD /opt/arm-anycloud-linux-uclibcgnueabi.gcc_7.3.0/arm-anycloud-linux-uclibcgnueabi/sysroot/lib/ld-uClibc.so.1
END GROUP
LOAD /opt/arm-anycloud-linux-uclibcgnueabi.gcc_7.3.0/bin/../lib/gcc/arm-anycloud-linux-uclibcgnueabi/7.3.0/../../../../arm-anycloud-linux-uclibcgnueabi/lib/libgcc_s.so
START GROUP
LOAD /opt/arm-anycloud-linux-uclibcgnueabi.gcc_7.3.0/bin/../lib/gcc/arm-anycloud-linux-uclibcgnueabi/7.3.0/../../../../arm-anycloud-linux-uclibcgnueabi/lib/libgcc_s.so.1
LOAD /opt/arm-anycloud-linux-uclibcgnueabi.gcc_7.3.0/bin/../lib/gcc/arm-anycloud-linux-uclibcgnueabi/7.3.0/libgcc.a
END GROUP
LOAD /opt/arm-anycloud-linux-uclibcgnueabi.gcc_7.3.0/bin/../lib/gcc/arm-anycloud-linux-uclibcgnueabi/7.3.0/libgcc.a
LOAD /opt/arm-anycloud-linux-uclibcgnueabi.gcc_7.3.0/bin/../lib/gcc/arm-anycloud-linux-uclibcgnueabi/7.3.0/crtend.o
LOAD /opt/arm-anycloud-linux-uclibcgnueabi.gcc_7.3.0/arm-anycloud-linux-uclibcgnueabi/sysroot/usr/lib/crtn.o
                [!provide]                        PROVIDE (__executable_start, SEGMENT_START ("text-segment", 0x10000))
                0x0000000000010134                . = (SEGMENT_START ("text-segment", 0x10000) + SIZEOF_HEADERS)

.interp         0x0000000000010134       0x14
 *(.interp)
 .interp        0x0000000000010134       0x14 /opt/arm-anycloud-linux-uclibcgnueabi.gcc_7.3.0/arm-anycloud-linux-uclibcgnueabi/sysroot/usr/lib/crt1.o

.note.gnu.build-id
 *(.note.gnu.build-id)

.hash           0x0000000000010148     0x1094
 *(.hash)
 .hash          0x0000000000010148     0x1094 /opt/arm-anycloud-linux-uclibcgnueabi.gcc_7.3.0/arm-anycloud-linux-uclibcgnueabi/sysroot/usr/lib/crt1.o

.gnu.hash
 *(.gnu.hash)

.dynsym         0x00000000000111dc     0x21a0
 *(.dynsym)
 .dynsym        0x00000000000111dc     0x21a0 /opt/arm-anycloud-linux-uclibcgnueabi.gcc_7.3.0/arm-anycloud-linux-uclibcgnueabi/sysroot/usr/lib/crt1.o

.dynstr         0x000000000001337c     0x2bd4
 *(.dynstr)
 .dynstr        0x000000000001337c     0x2bd4 /opt/arm-anycloud-linux-uclibcgnueabi.gcc_7.3.0/arm-anycloud-linux-uclibcgnueabi/sysroot/usr/lib/crt1.o

.gnu.version    0x0000000000015f50      0x434
 *(.gnu.version)
 .gnu.version   0x0000000000015f50      0x434 /opt/arm-anycloud-linux-uclibcgnueabi.gcc_7.3.0/arm-anycloud-linux-uclibcgnueabi/sysroot/usr/lib/crt1.o

.gnu.version_d  0x0000000000016384        0x0
 *(.gnu.version_d)
 .gnu.version_d
                0x0000000000016384        0x0 /opt/arm-anycloud-linux-uclibcgnueabi.gcc_7.3.0/arm-anycloud-linux-uclibcgnueabi/sysroot/usr/lib/crt1.o

.gnu.version_r  0x0000000000016384       0xd0
 *(.gnu.version_r)
 .gnu.version_r
                0x0000000000016384       0xd0 /opt/arm-anycloud-linux-uclibcgnueabi.gcc_7.3.0/arm-anycloud-linux-uclibcgnueabi/sysroot/usr/lib/crt1.o

.rel.dyn        0x0000000000016454       0xa8
 *(.rel.init)
 *(.rel.text .rel.text.* .rel.gnu.linkonce.t.*)
 *(.rel.fini)
 *(.rel.rodata .rel.rodata.* .rel.gnu.linkonce.r.*)
 *(.rel.data.rel.ro .rel.data.rel.ro.* .rel.gnu.linkonce.d.rel.ro.*)
 .rel.data.rel.ro
                0x0000000000016454       0x80 /opt/arm-anycloud-linux-uclibcgnueabi.gcc_7.3.0/arm-anycloud-linux-uclibcgnueabi/sysroot/usr/lib/crt1.o
 *(.rel.data .rel.data.* .rel.gnu.linkonce.d.*)
 *(.rel.tdata .rel.tdata.* .rel.gnu.linkonce.td.*)
 *(.rel.tbss .rel.tbss.* .rel.gnu.linkonce.tb.*)
 *(.rel.ctors)
 *(.rel.dtors)
 *(.rel.got)
 .rel.got       0x00000000000164d4       0x20 /opt/arm-anycloud-linux-uclibcgnueabi.gcc_7.3.0/arm-anycloud-linux-uclibcgnueabi/sysroot/usr/lib/crt1.o
 *(.rel.bss .rel.bss.* .rel.gnu.linkonce.b.*)
 .rel.bss       0x00000000000164f4        0x8 /opt/arm-anycloud-linux-uclibcgnueabi.gcc_7.3.0/arm-anycloud-linux-uclibcgnueabi/sysroot/usr/lib/crt1.o
                [!provide]                        PROVIDE (__rel_iplt_start, .)
 *(.rel.iplt)
 .rel.iplt      0x00000000000164fc        0x0 /opt/arm-anycloud-linux-uclibcgnueabi.gcc_7.3.0/arm-anycloud-linux-uclibcgnueabi/sysroot/usr/lib/crt1.o
                [!provide]                        PROVIDE (__rel_iplt_end, .)

.rela.dyn       0x00000000000164fc        0x0
 *(.rela.init)
 *(.rela.text .rela.text.* .rela.gnu.linkonce.t.*)
 *(.rela.fini)
 *(.rela.rodata .rela.rodata.* .rela.gnu.linkonce.r.*)
 *(.rela.data .rela.data.* .rela.gnu.linkonce.d.*)
 *(.rela.tdata .rela.tdata.* .rela.gnu.linkonce.td.*)
 *(.rela.tbss .rela.tbss.* .rela.gnu.linkonce.tb.*)
 *(.rela.ctors)
 *(.rela.dtors)
 *(.rela.got)
 *(.rela.bss .rela.bss.* .rela.gnu.linkonce.b.*)
                [!provide]                        PROVIDE (__rela_iplt_start, .)
 *(.rela.iplt)
                [!provide]                        PROVIDE (__rela_iplt_end, .)

.rel.plt        0x00000000000164fc      0xb48
 *(.rel.plt)
 .rel.plt       0x00000000000164fc      0xb48 /opt/arm-anycloud-linux-uclibcgnueabi.gcc_7.3.0/arm-anycloud-linux-uclibcgnueabi/sysroot/usr/lib/crt1.o

.rela.plt
 *(.rela.plt)

.init           0x0000000000017044       0x10
 *(SORT(.init))
 .init          0x0000000000017044        0xc /opt/arm-anycloud-linux-uclibcgnueabi.gcc_7.3.0/arm-anycloud-linux-uclibcgnueabi/sysroot/usr/lib/crti.o
                0x0000000000017044                _init
 .init          0x0000000000017050        0x4 /opt/arm-anycloud-linux-uclibcgnueabi.gcc_7.3.0/arm-anycloud-linux-uclibcgnueabi/sysroot/usr/lib/crtn.o

.plt            0x0000000000017054     0x1100
 *(.plt)
 .plt           0x0000000000017054     0x1100 /opt/arm-anycloud-linux-uclibcgnueabi.gcc_7.3.0/arm-anycloud-linux-uclibcgnueabi/sysroot/usr/lib/crt1.o
                0x0000000000017068                mosqpp::mosquittopp::tls_set(char const*, char const*, char const*, char const*, int (*)(char*, int, int, void*))
                0x0000000000017074                timer_delete
                0x0000000000017080                ak_sleep_ms
                0x000000000001708c                ak_venc_request_idr
                0x0000000000017098                std::ostream::put(char)@@GLIBCXX_3.4
                0x00000000000170a4                pthread_cond_signal
                0x00000000000170b0                pthread_attr_setschedpolicy
                0x00000000000170bc                ak_thread_mutex_lock
                0x00000000000170c8                __aeabi_d2uiz@@GCC_3.5
                0x00000000000170d4                ak_app_video_bind_chn
                0x00000000000170e0                curl_easy_perform
                0x00000000000170ec                OPENSSL_init_crypto@@OPENSSL_1_1_0
                0x00000000000170f8                operator new(unsigned int)@@GLIBCXX_3.4
                0x0000000000017104                signal
                0x0000000000017110                curl_easy_getinfo
                0x000000000001711c                __aeabi_uldivmod@@GCC_3.5
                0x0000000000017128                __aeabi_dcmpeq@@GCC_3.5
                0x0000000000017134                connect
                0x0000000000017140                strncpy
                0x000000000001714c                pthread_rwlock_unlock
                0x0000000000017158                execve
                0x0000000000017164                ak_vi_enable_chn
                0x0000000000017170                exit
                0x000000000001717c                std::_Rb_tree_insert_and_rebalance(bool, std::_Rb_tree_node_base*, std::_Rb_tree_node_base*, std::_Rb_tree_node_base&)@@GLIBCXX_3.4
                0x0000000000017188                ak_vi_get_chn_attr
                0x0000000000017194                strlen
                0x00000000000171a0                select
                0x00000000000171ac                atof
                0x00000000000171b8                printf
                0x00000000000171c4                ak_vi_open
                0x00000000000171d0                ak_vi_set_box_color_table
                0x00000000000171dc                ntohs
                0x00000000000171e8                std::basic_fstream<char, std::char_traits<char> >::~basic_fstream()@@GLIBCXX_3.4
                0x00000000000171f4                std::basic_filebuf<char, std::char_traits<char> >::close()@@GLIBCXX_3.4
                0x0000000000017200                std::__basic_file<char>::is_open() const@@GLIBCXX_3.4
                0x000000000001720c                free
                0x0000000000017218                abort
                0x0000000000017224                memmove
                0x0000000000017230                htons
                0x000000000001723c                std::basic_ifstream<char, std::char_traits<char> >::~basic_ifstream()@@GLIBCXX_3.4
                0x0000000000017248                ak_vpss_get_cur_lumi
                0x0000000000017254                freeaddrinfo
                0x0000000000017260                curl_easy_init
                0x000000000001726c                ak_venc_get_attr_ex
                0x0000000000017278                std::ios_base::ios_base()@@GLIBCXX_3.4
                0x0000000000017284                fork
                0x0000000000017290                ak_object_filter_set_md_level
                0x000000000001729c                mosqpp::mosquittopp::mosquittopp(char const*, bool)
                0x00000000000172a8                ak_app_video_set_dst_chn_active
                0x00000000000172b4                ak_object_filter_set_false_record_params
                0x00000000000172c0                pthread_mutex_init
                0x00000000000172cc                std::ios_base::~ios_base()@@GLIBCXX_3.4
                0x00000000000172d8                ak_vi_get_frame
                0x00000000000172e4                ak_vi_disable_chn
                0x00000000000172f0                pthread_create
                0x00000000000172fc                __aeabi_i2f@@GCC_3.5
                0x0000000000017308                std::__throw_bad_alloc()@@GLIBCXX_3.4
                0x0000000000017314                curl_easy_strerror
                0x0000000000017320                ak_thread_mutex_init
                0x000000000001732c                std::__throw_bad_function_call()@@GLIBCXX_3.4.14
                0x0000000000017338                ak_vi_get_dev_attr
                0x0000000000017344                fprintf
                0x0000000000017350                __aeabi_dcmpge@@GCC_3.5
                0x000000000001735c                strtoull
                0x0000000000017368                std::runtime_error::runtime_error(char const*)@@GLIBCXX_3.4.21
                0x0000000000017374                strtok
                0x0000000000017380                __aeabi_dmul@@GCC_3.5
                0x000000000001738c                __cxa_begin_catch@@CXXABI_1.3
                0x0000000000017398                __aeabi_uidivmod@@GCC_3.5
                0x00000000000173a4                atoi
                0x00000000000173b0                std::runtime_error::runtime_error(std::runtime_error const&)@@GLIBCXX_3.4.21
                0x00000000000173bc                puts
                0x00000000000173c8                mosqpp::mosquittopp::tls_opts_set(int, char const*, char const*)
                0x00000000000173d4                ntohl
                0x00000000000173e0                ak_venc_set_attr_ex
                0x00000000000173ec                ak_mrd_destroy
                0x00000000000173f8                mosqpp::mosquittopp::unsubscribe(int*, char const*)
                0x0000000000017404                ak_vi_set_dev_attr
                0x0000000000017410                __cxa_allocate_exception@@CXXABI_1.3
                0x000000000001741c                __uClibc_main
                0x0000000000017428                ak_its_start
                0x0000000000017434                htonl
                0x0000000000017440                fcntl
                0x000000000001744c                pthread_self
                0x0000000000017458                mosqpp::mosquittopp::~mosquittopp()
                0x0000000000017464                mosqpp::mosquittopp::publish(int*, char const*, int, void const*, int, bool)
                0x0000000000017470                remove
                0x000000000001747c                std::__throw_length_error(char const*)@@GLIBCXX_3.4
                0x0000000000017488                ak_thread_sem_init
                0x0000000000017494                ioctl
                0x00000000000174a0                ak_vi_set_chn_attr_ex
                0x00000000000174ac                mosqpp::mosquittopp::subscribe(int*, char const*, int)
                0x00000000000174b8                __aeabi_i2d@@GCC_3.5
                0x00000000000174c4                poll
                0x00000000000174d0                ak_venc_set_attr
                0x00000000000174dc                __aeabi_ddiv@@GCC_3.5
                0x00000000000174e8                sleep
                0x00000000000174f4                lseek
                0x0000000000017500                ak_osd_ex_set_font_interval
                0x000000000001750c                pthread_exit
                0x0000000000017518                mosqpp::lib_init()
                0x0000000000017530                snprintf
                0x000000000001753c                send
                0x0000000000017548                vsprintf
                0x0000000000017554                std::_Rb_tree_rebalance_for_erase(std::_Rb_tree_node_base*, std::_Rb_tree_node_base&)@@GLIBCXX_3.4
                0x0000000000017560                std::__throw_invalid_argument(char const*)@@GLIBCXX_3.4
                0x000000000001756c                sscanf
                0x0000000000017578                ak_app_video_venc_get_stream
                0x0000000000017584                ak_seconds_to_date
                0x0000000000017590                ak_venc_open_ex
                0x000000000001759c                ak_thread_sem_post
                0x00000000000175a8                MD5_Final@@OPENSSL_1_1_0
                0x00000000000175b4                __aeabi_f2d@@GCC_3.5
                0x00000000000175c0                inet_aton
                0x00000000000175cc                ak_get_localdate
                0x00000000000175d8                fread
                0x00000000000175e4                std::ostream::flush()@@GLIBCXX_3.4
                0x00000000000175f0                strcmp
                0x00000000000175fc                inet_addr
                0x0000000000017608                operator delete(void*, unsigned int)@@CXXABI_1.3.9
                0x0000000000017614                std::_Rb_tree_increment(std::_Rb_tree_node_base*)@@GLIBCXX_3.4
                0x0000000000017620                std::__throw_logic_error(char const*)@@GLIBCXX_3.4
                0x000000000001762c                __cxa_free_exception@@CXXABI_1.3
                0x0000000000017638                ak_venc_open
                0x0000000000017644                pthread_mutex_unlock
                0x0000000000017650                __aeabi_dcmpun@@GCC_3.5
                0x000000000001765c                std::__cxx11::basic_stringstream<char, std::char_traits<char>, std::allocator<char> >::~basic_stringstream()@@GLIBCXX_3.4.21
                0x0000000000017668                ak_svp_init
                0x0000000000017674                recv
                0x0000000000017680                inet_ntoa
                0x000000000001768c                pthread_rwlock_rdlock
                0x0000000000017698                __aeabi_dcmplt@@GCC_3.5
                0x00000000000176a4                strrchr
                0x00000000000176b0                ak_osd_ex_set_font_file
                0x00000000000176bc                qsort
                0x00000000000176c8                pthread_attr_init
                0x00000000000176d4                ak_svp_destroy_chn
                0x00000000000176e0                ak_thread_exit
                0x00000000000176ec                ak_mem_rb_read
                0x00000000000176f8                memset
                0x0000000000017704                ak_vi_disable_dev
                0x0000000000017710                ak_debug_info
                0x000000000001771c                ak_osd_ex_clean_str
                0x0000000000017728                read
                0x0000000000017734                mosqpp::mosquittopp::will_set(char const*, int, void const*, int, bool)
                0x0000000000017740                listen
                0x000000000001774c                perror
                0x0000000000017758                fflush
                0x0000000000017764                std::basic_filebuf<char, std::char_traits<char> >::open(char const*, std::_Ios_Openmode)@@GLIBCXX_3.4
                0x0000000000017770                fopen
                0x000000000001777c                ak_osd_ex_init2
                0x0000000000017788                __pthread_key_create
                0x0000000000017794                pthread_cond_init
                0x00000000000177a0                strcpy
                0x00000000000177ac                bzero
                0x00000000000177b8                ak_mrd
                0x00000000000177c4                __errno_location
                0x00000000000177d0                __aeabi_fdiv@@GCC_3.5
                0x00000000000177dc                fscanf
                0x00000000000177e8                operator delete(void*)@@GLIBCXX_3.4
                0x00000000000177f4                ak_mrd_set_filters
                0x0000000000017800                curl_easy_cleanup
                0x000000000001780c                ak_mem_rb_reset
                0x0000000000017818                ak_osd_ex_set_color
                0x0000000000017824                time
                0x0000000000017830                fwrite
                0x000000000001783c                pthread_mutex_lock
                0x0000000000017848                memchr
                0x0000000000017854                pthread_attr_setstacksize
                0x0000000000017860                mosqpp::mosquittopp::loop_start()
                0x000000000001786c                ak_mem_alloc_
                0x0000000000017878                memcmp
                0x0000000000017884                fseek
                0x0000000000017890                std::runtime_error::~runtime_error()@@GLIBCXX_3.4
                0x000000000001789c                ak_object_filter_set_frames
                0x00000000000178a8                ak_vi_draw_box
                0x00000000000178b4                ak_osd_ex_set_font_size
                0x00000000000178c0                std::type_info::operator==(std::type_info const&) const@@GLIBCXX_3.4
                0x00000000000178cc                std::basic_filebuf<char, std::char_traits<char> >::basic_filebuf()@@GLIBCXX_3.4
                0x00000000000178d8                std::_Rb_tree_decrement(std::_Rb_tree_node_base*)@@GLIBCXX_3.4
                0x00000000000178e4                ak_osd_ex_destroy
                0x00000000000178f0                ak_object_filter_get_version
                0x00000000000178fc                fsync
                0x0000000000017908                strftime
                0x0000000000017914                ak_vpss_get_sensor_fps
                0x0000000000017920                ak_venc_close
                0x000000000001792c                ak_vi_set_chn_attr
                0x0000000000017938                mosqpp::mosquittopp::loop_stop(bool)
                0x0000000000017944                ak_mem_rb_write
                0x0000000000017950                ak_vi_get_sensor_resolution
                0x000000000001795c                __cxa_end_cleanup@@CXXABI_1.3
                0x0000000000017968                strtod
                0x0000000000017974                pthread_mutex_destroy
                0x0000000000017980                strtol
                0x000000000001798c                __aeabi_fmul@@GCC_3.5
                0x0000000000017998                ak_mrd_init
                0x00000000000179a4                ak_vi_load_sensor_cfg
                0x00000000000179b0                timer_settime
                0x00000000000179bc                std::ctype<char>::_M_widen_init() const@@GLIBCXX_3.4.11
                0x00000000000179c8                ak_vpss_md_get_stat
                0x00000000000179d4                ak_thread_create
                0x00000000000179e0                ak_object_filter_set_continous_enhancement_params
                0x00000000000179ec                malloc
                0x00000000000179f8                std::_Rb_tree_increment(std::_Rb_tree_node_base const*)@@GLIBCXX_3.4
                0x0000000000017a04                __aeabi_ldivmod@@GCC_3.5
                0x0000000000017a10                gettimeofday
                0x0000000000017a1c                pread
                0x0000000000017a28                __aeabi_dadd@@GCC_3.5
                0x0000000000017a34                __aeabi_fcmpeq@@GCC_3.5
                0x0000000000017a40                calloc
                0x0000000000017a4c                __aeabi_f2iz@@GCC_3.5
                0x0000000000017a58                ak_osd_ex_get_max_rect
                0x0000000000017a64                pthread_kill
                0x0000000000017a70                mosqpp::lib_cleanup()
                0x0000000000017a7c                gai_strerror
                0x0000000000017a88                pthread_cond_wait
                0x0000000000017a94                ak_thread_cancel
                0x0000000000017aa0                ak_venc_release_stream
                0x0000000000017aac                localeconv
                0x0000000000017ab8                ak_mrd_set_floating_wadding_params
                0x0000000000017ac4                std::__throw_bad_cast()@@GLIBCXX_3.4
                0x0000000000017ad0                fstat
                0x0000000000017adc                ak_get_ostime
                0x0000000000017ae8                memcpy
                0x0000000000017af4                localtime_r
                0x0000000000017b00                usleep
                0x0000000000017b0c                ak_mrd_set_mode
                0x0000000000017b18                std::basic_ostream<char, std::char_traits<char> >& std::__ostream_insert<char, std::char_traits<char> >(std::basic_ostream<char, std::char_traits<char> >&, char const*, int)@@GLIBCXX_3.4.9
                0x0000000000017b24                ak_mem_rb_get_data_size
                0x0000000000017b30                ak_vi_switch_mode
                0x0000000000017b3c                pthread_rwlock_wrlock
                0x0000000000017b48                MD5_Update@@OPENSSL_1_1_0
                0x0000000000017b54                popen
                0x0000000000017b60                mosqpp::connack_string(int)
                0x0000000000017b6c                pclose
                0x0000000000017b78                timer_create
                0x0000000000017b84                __aeabi_idivmod@@GCC_3.5
                0x0000000000017b90                strtoll
                0x0000000000017b9c                localtime
                0x0000000000017ba8                std::basic_ios<char, std::char_traits<char> >::init(std::basic_streambuf<char, std::char_traits<char> >*)@@GLIBCXX_3.4
                0x0000000000017bb4                waitpid
                0x0000000000017bc0                fileno
                0x0000000000017bcc                ak_print
                0x0000000000017bd8                __aeabi_fcmplt@@GCC_3.5
                0x0000000000017be4                std::runtime_error::what() const@@GLIBCXX_3.4
                0x0000000000017bf0                ak_vi_release_frame
                0x0000000000017bfc                ak_osd_ex_draw_str
                0x0000000000017c08                ak_svp_deinit
                0x0000000000017c14                ak_get_os_timestamp
                0x0000000000017c20                mosqpp::mosquittopp::username_pw_set(char const*, char const*)
                0x0000000000017c2c                ak_mrd_get_version
                0x0000000000017c38                std::locale::~locale()@@GLIBCXX_3.4
                0x0000000000017c44                putchar
                0x0000000000017c50                curl_easy_setopt
                0x0000000000017c5c                __aeabi_fsub@@GCC_3.5
                0x0000000000017c68                __aeabi_uidiv@@GCC_3.5
                0x0000000000017c80                mosqpp::mosquittopp::tls_insecure_set(bool)
                0x0000000000017c8c                mkdir
                0x0000000000017c98                __aeabi_idiv@@GCC_3.5
                0x0000000000017ca4                ak_osd_ex_set_rect
                0x0000000000017cb0                readdir_r
                0x0000000000017cbc                std::__throw_out_of_range(char const*)@@GLIBCXX_3.4
                0x0000000000017cc8                closedir
                0x0000000000017cd4                __cxa_rethrow@@CXXABI_1.3
                0x0000000000017ce0                ak_svp_release
                0x0000000000017cec                ak_venc_strictlylimit_frameSize
                0x0000000000017cf8                __aeabi_fcmpgt@@GCC_3.5
                0x0000000000017d04                ak_app_video_unbind_chn
                0x0000000000017d10                ak_object_filter_set_distance_enhancement_params
                0x0000000000017d1c                ak_thread_join
                0x0000000000017d28                ak_svp_create_chn
                0x0000000000017d34                kill
                0x0000000000017d40                std::__throw_out_of_range_fmt(char const*, ...)@@GLIBCXX_3.4.20
                0x0000000000017d4c                sendto
                0x0000000000017d58                open
                0x0000000000017d64                bind
                0x0000000000017d70                ak_svp_process
                0x0000000000017d7c                setsockopt
                0x0000000000017d88                std::ios_base::Init::Init()@@GLIBCXX_3.4
                0x0000000000017d94                socket
                0x0000000000017da0                opendir
                0x0000000000017dac                std::istream::read(char*, int)@@GLIBCXX_3.4
                0x0000000000017db8                ak_mem_rb_destroy
                0x0000000000017dc4                std::basic_filebuf<char, std::char_traits<char> >::~basic_filebuf()@@GLIBCXX_3.4
                0x0000000000017dd0                inet_pton
                0x0000000000017ddc                ak_date_to_seconds
                0x0000000000017de8                ak_thread_set_name
                0x0000000000017df4                vfprintf
                0x0000000000017e00                access
                0x0000000000017e0c                sprintf
                0x0000000000017e18                __aeabi_ui2d@@GCC_3.5
                0x0000000000017e24                vsnprintf
                0x0000000000017e30                ak_vi_close
                0x0000000000017e3c                ak_object_filter_destroy
                0x0000000000017e48                MD5_Init@@OPENSSL_1_1_0
                0x0000000000017e54                __aeabi_d2iz@@GCC_3.5
                0x0000000000017e60                fclose
                0x0000000000017e6c                feof
                0x0000000000017e78                __cxa_end_catch@@CXXABI_1.3
                0x0000000000017e84                __gxx_personality_v0@@CXXABI_1.3
                0x0000000000017e90                stat
                0x0000000000017e9c                readdir
                0x0000000000017ea8                close
                0x0000000000017eb4                fgets
                0x0000000000017ec0                recvfrom
                0x0000000000017ecc                fputc
                0x0000000000017ed8                pthread_attr_setschedparam
                0x0000000000017ee4                strstr
                0x0000000000017ef0                getaddrinfo
                0x0000000000017efc                ak_vi_enable_dev
                0x0000000000017f08                ak_vpss_get_awb_stat_info
                0x0000000000017f14                realloc
                0x0000000000017f20                ak_sdk_init
                0x0000000000017f2c                std::basic_ios<char, std::char_traits<char> >::clear(std::_Ios_Iostate)@@GLIBCXX_3.4
                0x0000000000017f38                ak_thread_mutex_destroy
                0x0000000000017f44                ak_mem_rb_init_
                0x0000000000017f50                fputs
                0x0000000000017f5c                __cxa_throw@@CXXABI_1.3
                0x0000000000017f68                std::ostream::operator<<(int)@@GLIBCXX_3.4
                0x0000000000017f74                ak_thread_sem_wait
                0x0000000000017f80                __aeabi_dcmpgt@@GCC_3.5
                0x0000000000017f8c                ak_seconds_to_string
                0x0000000000017f98                strncmp
                0x0000000000017fa4                ak_osd_ex_set_edge_color
                0x0000000000017fb0                getchar
                0x0000000000017fbc                pthread_join
                0x0000000000017fc8                ak_diff_ms_time
                0x0000000000017fd4                ak_venc_encode_frame
                0x0000000000017fe0                accept
                0x0000000000017fec                __aeabi_d2f@@GCC_3.5
                0x0000000000017ff8                ak_venc_get_version
                0x0000000000018004                ak_mem_free
                0x0000000000018010                ak_vi_reset_chn_crop
                0x000000000001801c                ak_vi_get_chn_attr_ex
                0x0000000000018028                ak_object_filter_init
                0x0000000000018034                prctl
                0x0000000000018040                mosqpp::mosquittopp::connect_async(char const*, int, int)
                0x000000000001804c                ak_thread_sem_destroy
                0x0000000000018058                strerror
                0x0000000000018064                std::exception::~exception()@@GLIBCXX_3.4
                0x0000000000018070                std::basic_istream<char, std::char_traits<char> >& std::getline<char, std::char_traits<char>, std::allocator<char> >(std::basic_istream<char, std::char_traits<char> >&, std::__cxx11::basic_string<char, std::char_traits<char>, std::allocator<char> >&, char)@@GLIBCXX_3.4.21
                0x000000000001807c                pthread_cancel
                0x0000000000018088                getenv
                0x0000000000018094                ak_thread_detach
                0x00000000000180a0                std::__basic_file<char>::~__basic_file()@@GLIBCXX_3.4
                0x00000000000180ac                pthread_setname_np
                0x00000000000180b8                __assert
                0x00000000000180c4                ak_thread_get_tid
                0x00000000000180d0                pthread_detach
                0x00000000000180dc                __aeabi_fadd@@GCC_3.5
                0x00000000000180e8                system
                0x00000000000180f4                ak_mrd_set_motion_region_size
                0x0000000000018100                strcat
                0x000000000001810c                ak_thread_mutex_unlock
                0x0000000000018118                OPENSSL_config@@OPENSSL_1_1_0
                0x0000000000018124                pthread_attr_destroy
                0x0000000000018130                std::locale::locale()@@GLIBCXX_3.4
                0x000000000001813c                ak_venc_get_attr
                0x0000000000018148                std::ios_base::Init::~Init()@@GLIBCXX_3.4

.iplt           0x0000000000018154        0x0
 *(.iplt)
 .iplt          0x0000000000018154        0x0 /opt/arm-anycloud-linux-uclibcgnueabi.gcc_7.3.0/arm-anycloud-linux-uclibcgnueabi/sysroot/usr/lib/crt1.o

.text           0x0000000000018154    0xa2498
 *(.text.unlikely .text.*_unlikely .text.unlikely.*)
 .text.unlikely
                0x0000000000018154       0x5c _build_giec_I04L-debug/task_cloud.o
 .text.unlikely
                0x00000000000181b0       0xb0 _build_giec_I04L-debug/utils.o
 *(.text.exit .text.exit.*)
 .text.exit     0x0000000000018260        0xc _build_giec_I04L-debug/if_console.o
 .text.exit     0x000000000001826c        0xc _build_giec_I04L-debug/app_config.o
 .text.exit     0x0000000000018278       0x38 _build_giec_I04L-debug/task_cloud.o
 .text.exit     0x00000000000182b0        0xc _build_giec_I04L-debug/utils.o
 *(.text.startup .text.startup.*)
 .text.startup  0x00000000000182bc      0x110 _build_giec_I04L-debug/ak.o
                0x00000000000182bc                main
 .text.startup  0x00000000000183cc        0xc _build_giec_I04L-debug/if_console.o
 .text.startup  0x00000000000183d8        0xc _build_giec_I04L-debug/app_config.o
 .text.startup  0x00000000000183e4        0xc _build_giec_I04L-debug/task_cloud.o
 .text.startup  0x00000000000183f0        0xc _build_giec_I04L-debug/utils.o
 *(.text.hot .text.hot.*)
 *(.text .stub .text.* .gnu.linkonce.t.*)
 .text          0x00000000000183fc       0x3c /opt/arm-anycloud-linux-uclibcgnueabi.gcc_7.3.0/arm-anycloud-linux-uclibcgnueabi/sysroot/usr/lib/crt1.o
                0x00000000000183fc                _start
 .text          0x0000000000018438        0x0 /opt/arm-anycloud-linux-uclibcgnueabi.gcc_7.3.0/arm-anycloud-linux-uclibcgnueabi/sysroot/usr/lib/crti.o
 .text          0x0000000000018438       0xdc /opt/arm-anycloud-linux-uclibcgnueabi.gcc_7.3.0/bin/../lib/gcc/arm-anycloud-linux-uclibcgnueabi/7.3.0/crtbegin.o
 .text          0x0000000000018514     0x12f0 _build_giec_I04L-debug/ak.o
                0x0000000000018514                wait_all_tasks_started()
                0x000000000001857c                get_pure_msg()
                0x0000000000018604                get_dynamic_msg()
                0x000000000001868c                get_common_msg()
                0x0000000000018714                ak_memcpy_msg(ak_msg_t*)
                0x00000000000189bc                ak_msg_free(ak_msg_t*)
                0x00000000000189d8                set_msg_sig(ak_msg_t*, unsigned int)
                0x00000000000189fc                set_msg_des_task_id(ak_msg_t*, unsigned int)
                0x0000000000018a20                set_msg_src_task_id(ak_msg_t*, unsigned int)
                0x0000000000018a44                set_if_des_task_id(ak_msg_t*, unsigned int)
                0x0000000000018a68                set_if_src_task_id(ak_msg_t*, unsigned int)
                0x0000000000018a8c                set_if_des_type(ak_msg_t*, unsigned int)
                0x0000000000018ab0                set_if_src_type(ak_msg_t*, unsigned int)
                0x0000000000018ad4                set_if_sig(ak_msg_t*, unsigned int)
                0x0000000000018af8                set_if_data_common_msg(ak_msg_t*, unsigned char*, unsigned int)
                0x0000000000018b8c                set_if_data_dynamic_msg(ak_msg_t*, unsigned char*, unsigned int)
                0x0000000000018c08                set_data_common_msg(ak_msg_t*, unsigned char*, unsigned int)
                0x0000000000018c9c                get_data_common_msg(ak_msg_t*, unsigned char*, unsigned int)
                0x0000000000018cfc                get_data_common_msg(ak_msg_t*)
                0x0000000000018d64                get_data_len_common_msg(ak_msg_t*)
                0x0000000000018db4                set_data_dynamic_msg(ak_msg_t*, unsigned char*, unsigned int)
                0x0000000000018e30                get_data_dynamic_msg(ak_msg_t*, unsigned char*, unsigned int)
                0x0000000000018e90                get_data_len_dynamic_msg(ak_msg_t*)
                0x0000000000018ee0                task_post(unsigned int, ak_msg_t*)
                0x0000000000018f70                task_post_pure_msg(unsigned int, unsigned int, unsigned int)
                0x0000000000019068                task_post_pure_msg(unsigned int, unsigned int)
                0x000000000001915c                task_post_common_msg(unsigned int, unsigned int, unsigned int, unsigned char*, unsigned int)
                0x00000000000192b8                task_post_common_msg(unsigned int, unsigned int, unsigned char*, unsigned int)
                0x0000000000019410                task_post_dynamic_msg(unsigned int, unsigned int, unsigned int, unsigned char*, unsigned int)
                0x0000000000019548                task_post_dynamic_msg(unsigned int, unsigned int, unsigned char*, unsigned int)
                0x000000000001967c                ak_msg_rev(unsigned int)
                0x0000000000019714                get_msg_type(ak_msg_t*)
                0x0000000000019720                get_task_id()
 .text          0x0000000000019804      0x180 _build_giec_I04L-debug/message.o
                0x0000000000019804                q_msg_init(q_msg_t*)
                0x0000000000019818                q_msg_put(q_msg_t*, ak_msg_t*)
                0x0000000000019870                q_msg_get(q_msg_t*)
                0x00000000000198cc                q_msg_free(ak_msg_t*)
                0x000000000001990c                q_msg_len(q_msg_t*)
                0x000000000001994c                q_msg_available(q_msg_t*)
 .text          0x0000000000019984      0x420 _build_giec_I04L-debug/timer.o
                0x0000000000019984                timer_handler(sigval)
                0x0000000000019ab8                TaskTimerEntry(void*)
                0x0000000000019b48                timer_set(unsigned int, unsigned int, unsigned int, timer_type_t)
                0x0000000000019cd0                timer_remove_attr(unsigned int, unsigned int)
                0x0000000000019d94                timer_stick_get()
 .text          0x0000000000019da4        0xc _build_giec_I04L-debug/fsm.o
                0x0000000000019da4                fsm_dispatch(fsm_t*, ak_msg_t*)
 .text          0x0000000000019db0       0xd4 _build_giec_I04L-debug/tsm.o
                0x0000000000019db0                tsm_init(tsm_tbl_t*, tsm_t**, unsigned char)
                0x0000000000019dfc                tsm_dispatch(tsm_tbl_t*, ak_msg_t*)
                0x0000000000019e6c                tsm_tran(tsm_tbl_t*, unsigned char)
 .text          0x0000000000019e84      0x3d0 _build_giec_I04L-debug/sys_dbg.o
                0x0000000000019e84                sys_dbg_get_time()
                0x0000000000019f18                sys_dbg_fatal(char const*, unsigned char)
 .text._ZN9__gnu_cxx12__to_xstringINSt7__cxx1112basic_stringIcSt11char_traitsIcESaIcEEEcEET_PFiPT0_jPKS8_St9__va_listEjSB_z
                0x000000000001a254       0xd4 _build_giec_I04L-debug/sys_dbg.o
                0x000000000001a254                std::__cxx11::basic_string<char, std::char_traits<char>, std::allocator<char> > __gnu_cxx::__to_xstring<std::__cxx11::basic_string<char, std::char_traits<char>, std::allocator<char> >, char>(int (*)(char*, unsigned int, char const*, std::__va_list), unsigned int, char const*, ...)
 .text._ZNSt7__cxx1112basic_stringIcSt11char_traitsIcESaIcEEC2EOS4_
                0x000000000001a328       0x60 _build_giec_I04L-debug/sys_dbg.o
                0x000000000001a328                std::__cxx11::basic_string<char, std::char_traits<char>, std::allocator<char> >::basic_string(std::__cxx11::basic_string<char, std::char_traits<char>, std::allocator<char> >&&)
                0x000000000001a328                std::__cxx11::basic_string<char, std::char_traits<char>, std::allocator<char> >::basic_string(std::__cxx11::basic_string<char, std::char_traits<char>, std::allocator<char> >&&)
 .text._ZNSt7__cxx1112basic_stringIcSt11char_traitsIcESaIcEE10_M_replaceEjjPKcj
                0x000000000001a388      0x3a8 _build_giec_I04L-debug/sys_dbg.o
                0x000000000001a388                std::__cxx11::basic_string<char, std::char_traits<char>, std::allocator<char> >::_M_replace(unsigned int, unsigned int, char const*, unsigned int)
 .text._ZNSt7__cxx1112basic_stringIcSt11char_traitsIcESaIcEE9_M_mutateEjjPKcj
                0x000000000001a730      0x158 _build_giec_I04L-debug/sys_dbg.o
                0x000000000001a730                std::__cxx11::basic_string<char, std::char_traits<char>, std::allocator<char> >::_M_mutate(unsigned int, unsigned int, char const*, unsigned int)
 .text          0x000000000001a888      0x104 _build_giec_I04L-debug/if_console.o
                0x000000000001a888                gw_task_if_console_entry(void*)
 .text          0x000000000001a98c     0x2ac8 _build_giec_I04L-debug/mqtt.o
                0x000000000001a98c                mqtt::on_publish(int)
                0x000000000001a990                mqtt::on_disconnect(int)
                0x000000000001aa30                mqtt::on_subscribe(int, int, int const*)
                0x000000000001aa58                mqtt::on_log(int, char const*)
                0x000000000001ab6c                mqtt::clearRetainMsg(char const*, bool)
                0x000000000001aba4                mqtt::showSubTopicMap()
                0x000000000001ae90                mqtt::setConnected(bool)
                0x000000000001aeac                mqtt::isConnected()
                0x000000000001aecc                mqtt::checkMessageDuplicate(mosquitto_message const*)
                0x000000000001b054                mqtt::on_message(mosquitto_message const*)
                0x000000000001b434                mqtt::retrySubTopics()
                0x000000000001ba18                mqtt::publishResponse(nlohmann::basic_json<std::map, std::vector, std::__cxx11::basic_string<char, std::char_traits<char>, std::allocator<char> >, bool, long long, unsigned long long, double, std::allocator, nlohmann::adl_serializer, std::vector<unsigned char, std::allocator<unsigned char> > >&, int, bool)
                0x000000000001bb90                mqtt::publishStatus(nlohmann::basic_json<std::map, std::vector, std::__cxx11::basic_string<char, std::char_traits<char>, std::allocator<char> >, bool, long long, unsigned long long, double, std::allocator, nlohmann::adl_serializer, std::vector<unsigned char, std::allocator<unsigned char> > >&, int, bool)
                0x000000000001bd08                mqtt::tryConnect(char const*)
                0x000000000001c794                mqtt::addSubTopicMap(std::__cxx11::basic_string<char, std::char_traits<char>, std::allocator<char> > const&, int const&, int const&)
                0x000000000001cbc4                mqtt::subcribePerform(std::__cxx11::basic_string<char, std::char_traits<char>, std::allocator<char> >&, int)
                0x000000000001cc4c                mqtt::on_connect(int)
                0x000000000001cf64                mqtt::mqtt(mqttTopicCfg_t*, fca_netMQTT_t*)
                0x000000000001cf64                mqtt::mqtt(mqttTopicCfg_t*, fca_netMQTT_t*)
                0x000000000001d060                mqtt::removeSubTopicMap(std::__cxx11::basic_string<char, std::char_traits<char>, std::allocator<char> > const&)
                0x000000000001d104                mqtt::removeSubTopicMap(int const&)
                0x000000000001d388                mqtt::unsubcribePerform(std::__cxx11::basic_string<char, std::char_traits<char>, std::allocator<char> >&)
 .text._ZN6mosqpp11mosquittopp21on_connect_with_flagsEii
                0x000000000001d454        0x4 _build_giec_I04L-debug/mqtt.o
                0x000000000001d454                mosqpp::mosquittopp::on_connect_with_flags(int, int)
 .text._ZN6mosqpp11mosquittopp14on_unsubscribeEi
                0x000000000001d458        0x4 _build_giec_I04L-debug/mqtt.o
                0x000000000001d458                mosqpp::mosquittopp::on_unsubscribe(int)
 .text._ZN6mosqpp11mosquittopp8on_errorEv
                0x000000000001d45c        0x4 _build_giec_I04L-debug/mqtt.o
                0x000000000001d45c                mosqpp::mosquittopp::on_error()
 .text._ZN8nlohmann6detail21output_string_adapterIcNSt7__cxx1112basic_stringIcSt11char_traitsIcESaIcEEEED2Ev
                0x000000000001d460        0x4 _build_giec_I04L-debug/mqtt.o
                0x000000000001d460                nlohmann::detail::output_string_adapter<char, std::__cxx11::basic_string<char, std::char_traits<char>, std::allocator<char> > >::~output_string_adapter()
                0x000000000001d460                nlohmann::detail::output_string_adapter<char, std::__cxx11::basic_string<char, std::char_traits<char>, std::allocator<char> > >::~output_string_adapter()
 .text._ZNSt23_Sp_counted_ptr_inplaceIN8nlohmann6detail21output_string_adapterIcNSt7__cxx1112basic_stringIcSt11char_traitsIcESaIcEEEEESaIS9_ELN9__gnu_cxx12_Lock_policyE1EED2Ev
                0x000000000001d464        0x4 _build_giec_I04L-debug/mqtt.o
                0x000000000001d464                std::_Sp_counted_ptr_inplace<nlohmann::detail::output_string_adapter<char, std::__cxx11::basic_string<char, std::char_traits<char>, std::allocator<char> > >, std::allocator<nlohmann::detail::output_string_adapter<char, std::__cxx11::basic_string<char, std::char_traits<char>, std::allocator<char> > > >, (__gnu_cxx::_Lock_policy)1>::~_Sp_counted_ptr_inplace()
                0x000000000001d464                std::_Sp_counted_ptr_inplace<nlohmann::detail::output_string_adapter<char, std::__cxx11::basic_string<char, std::char_traits<char>, std::allocator<char> > >, std::allocator<nlohmann::detail::output_string_adapter<char, std::__cxx11::basic_string<char, std::char_traits<char>, std::allocator<char> > > >, (__gnu_cxx::_Lock_policy)1>::~_Sp_counted_ptr_inplace()
 .text._ZNSt23_Sp_counted_ptr_inplaceIN8nlohmann6detail21output_string_adapterIcNSt7__cxx1112basic_stringIcSt11char_traitsIcESaIcEEEEESaIS9_ELN9__gnu_cxx12_Lock_policyE1EE10_M_disposeEv
                0x000000000001d468       0x10 _build_giec_I04L-debug/mqtt.o
                0x000000000001d468                std::_Sp_counted_ptr_inplace<nlohmann::detail::output_string_adapter<char, std::__cxx11::basic_string<char, std::char_traits<char>, std::allocator<char> > >, std::allocator<nlohmann::detail::output_string_adapter<char, std::__cxx11::basic_string<char, std::char_traits<char>, std::allocator<char> > > >, (__gnu_cxx::_Lock_policy)1>::_M_dispose()
 .text._ZNSt23_Sp_counted_ptr_inplaceIN8nlohmann6detail21output_string_adapterIcNSt7__cxx1112basic_stringIcSt11char_traitsIcESaIcEEEEESaIS9_ELN9__gnu_cxx12_Lock_policyE1EE10_M_destroyEv
                0x000000000001d478        0x4 _build_giec_I04L-debug/mqtt.o
                0x000000000001d478                std::_Sp_counted_ptr_inplace<nlohmann::detail::output_string_adapter<char, std::__cxx11::basic_string<char, std::char_traits<char>, std::allocator<char> > >, std::allocator<nlohmann::detail::output_string_adapter<char, std::__cxx11::basic_string<char, std::char_traits<char>, std::allocator<char> > > >, (__gnu_cxx::_Lock_policy)1>::_M_destroy()
 .text._ZNSt23_Sp_counted_ptr_inplaceIN8nlohmann6detail21output_string_adapterIcNSt7__cxx1112basic_stringIcSt11char_traitsIcESaIcEEEEESaIS9_ELN9__gnu_cxx12_Lock_policyE1EE14_M_get_deleterERKSt9type_info
                0x000000000001d47c       0x28 _build_giec_I04L-debug/mqtt.o
                0x000000000001d47c                std::_Sp_counted_ptr_inplace<nlohmann::detail::output_string_adapter<char, std::__cxx11::basic_string<char, std::char_traits<char>, std::allocator<char> > >, std::allocator<nlohmann::detail::output_string_adapter<char, std::__cxx11::basic_string<char, std::char_traits<char>, std::allocator<char> > > >, (__gnu_cxx::_Lock_policy)1>::_M_get_deleter(std::type_info const&)
 .text._ZNSt23_Sp_counted_ptr_inplaceIN8nlohmann6detail21output_string_adapterIcNSt7__cxx1112basic_stringIcSt11char_traitsIcESaIcEEEEESaIS9_ELN9__gnu_cxx12_Lock_policyE1EED0Ev
                0x000000000001d4a4       0x18 _build_giec_I04L-debug/mqtt.o
                0x000000000001d4a4                std::_Sp_counted_ptr_inplace<nlohmann::detail::output_string_adapter<char, std::__cxx11::basic_string<char, std::char_traits<char>, std::allocator<char> > >, std::allocator<nlohmann::detail::output_string_adapter<char, std::__cxx11::basic_string<char, std::char_traits<char>, std::allocator<char> > > >, (__gnu_cxx::_Lock_policy)1>::~_Sp_counted_ptr_inplace()
 .text._ZN8nlohmann6detail21output_string_adapterIcNSt7__cxx1112basic_stringIcSt11char_traitsIcESaIcEEEED0Ev
                0x000000000001d4bc       0x18 _build_giec_I04L-debug/mqtt.o
                0x000000000001d4bc                nlohmann::detail::output_string_adapter<char, std::__cxx11::basic_string<char, std::char_traits<char>, std::allocator<char> > >::~output_string_adapter()
 .text._ZN8nlohmann6detail10serializerINS_10basic_jsonISt3mapSt6vectorNSt7__cxx1112basic_stringIcSt11char_traitsIcESaIcEEEbxydSaNS_14adl_serializerES4_IhSaIhEEEEED2Ev
                0x000000000001d4d4       0xc8 _build_giec_I04L-debug/mqtt.o
                0x000000000001d4d4                nlohmann::detail::serializer<nlohmann::basic_json<std::map, std::vector, std::__cxx11::basic_string<char, std::char_traits<char>, std::allocator<char> >, bool, long long, unsigned long long, double, std::allocator, nlohmann::adl_serializer, std::vector<unsigned char, std::allocator<unsigned char> > > >::~serializer()
                0x000000000001d4d4                nlohmann::detail::serializer<nlohmann::basic_json<std::map, std::vector, std::__cxx11::basic_string<char, std::char_traits<char>, std::allocator<char> >, bool, long long, unsigned long long, double, std::allocator, nlohmann::adl_serializer, std::vector<unsigned char, std::allocator<unsigned char> > > >::~serializer()
 .text._ZNSt16_Sp_counted_baseILN9__gnu_cxx12_Lock_policyE1EE10_M_releaseEv
                0x000000000001d59c       0xa4 _build_giec_I04L-debug/mqtt.o
                0x000000000001d59c                std::_Sp_counted_base<(__gnu_cxx::_Lock_policy)1>::_M_release()
 .text._ZNK8nlohmann10basic_jsonISt3mapSt6vectorNSt7__cxx1112basic_stringIcSt11char_traitsIcESaIcEEEbxydSaNS_14adl_serializerES2_IhSaIhEEE16assert_invariantEb
                0x000000000001d640       0xd0 _build_giec_I04L-debug/mqtt.o
                0x000000000001d640                nlohmann::basic_json<std::map, std::vector, std::__cxx11::basic_string<char, std::char_traits<char>, std::allocator<char> >, bool, long long, unsigned long long, double, std::allocator, nlohmann::adl_serializer, std::vector<unsigned char, std::allocator<unsigned char> > >::assert_invariant(bool) const
 .text._ZNSt7__cxx1112basic_stringIcSt11char_traitsIcESaIcEE9_M_appendEPKcj
                0x000000000001d710       0x94 _build_giec_I04L-debug/mqtt.o
                0x000000000001d710                std::__cxx11::basic_string<char, std::char_traits<char>, std::allocator<char> >::_M_append(char const*, unsigned int)
 .text._ZN8nlohmann6detail21output_string_adapterIcNSt7__cxx1112basic_stringIcSt11char_traitsIcESaIcEEEE15write_characterEc
                0x000000000001d7a4       0x70 _build_giec_I04L-debug/mqtt.o
                0x000000000001d7a4                nlohmann::detail::output_string_adapter<char, std::__cxx11::basic_string<char, std::char_traits<char>, std::allocator<char> > >::write_character(char)
 .text._ZN8nlohmann6detail21output_string_adapterIcNSt7__cxx1112basic_stringIcSt11char_traitsIcESaIcEEEE16write_charactersEPKcj
                0x000000000001d814       0xac _build_giec_I04L-debug/mqtt.o
                0x000000000001d814                nlohmann::detail::output_string_adapter<char, std::__cxx11::basic_string<char, std::char_traits<char>, std::allocator<char> > >::write_characters(char const*, unsigned int)
 .text._ZNSt7__cxx1112basic_stringIcSt11char_traitsIcESaIcEE6appendEPKc
                0x000000000001d8c0       0xc4 _build_giec_I04L-debug/mqtt.o
                0x000000000001d8c0                std::__cxx11::basic_string<char, std::char_traits<char>, std::allocator<char> >::append(char const*)
 .text._ZStplIcSt11char_traitsIcESaIcEENSt7__cxx1112basic_stringIT_T0_T1_EEPKS5_RKS8_
                0x000000000001d984      0x204 _build_giec_I04L-debug/mqtt.o
                0x000000000001d984                std::__cxx11::basic_string<char, std::char_traits<char>, std::allocator<char> > std::operator+<char, std::char_traits<char>, std::allocator<char> >(char const*, std::__cxx11::basic_string<char, std::char_traits<char>, std::allocator<char> > const&)
 .text._ZN8nlohmann6detail9exception4nameERKNSt7__cxx1112basic_stringIcSt11char_traitsIcESaIcEEEi
                0x000000000001db88      0x348 _build_giec_I04L-debug/mqtt.o
                0x000000000001db88                nlohmann::detail::exception::name(std::__cxx11::basic_string<char, std::char_traits<char>, std::allocator<char> > const&, int)
 .text._ZN8nlohmann6detail10type_error6createINS_10basic_jsonISt3mapSt6vectorNSt7__cxx1112basic_stringIcSt11char_traitsIcESaIcEEEbxydSaNS_14adl_serializerES5_IhSaIhEEEEEES1_iRKSB_RKT_
                0x000000000001ded0      0x2b4 _build_giec_I04L-debug/mqtt.o
                0x000000000001ded0                nlohmann::detail::type_error nlohmann::detail::type_error::create<nlohmann::basic_json<std::map, std::vector, std::__cxx11::basic_string<char, std::char_traits<char>, std::allocator<char> >, bool, long long, unsigned long long, double, std::allocator, nlohmann::adl_serializer, std::vector<unsigned char, std::allocator<unsigned char> > > >(int, std::__cxx11::basic_string<char, std::char_traits<char>, std::allocator<char> > const&, nlohmann::basic_json<std::map, std::vector, std::__cxx11::basic_string<char, std::char_traits<char>, std::allocator<char> >, bool, long long, unsigned long long, double, std::allocator, nlohmann::adl_serializer, std::vector<unsigned char, std::allocator<unsigned char> > > const&)
 .text._ZNSt7__cxx1112basic_stringIcSt11char_traitsIcESaIcEE9_M_assignERKS4_
                0x000000000001e184       0xdc _build_giec_I04L-debug/mqtt.o
                0x000000000001e184                std::__cxx11::basic_string<char, std::char_traits<char>, std::allocator<char> >::_M_assign(std::__cxx11::basic_string<char, std::char_traits<char>, std::allocator<char> > const&)
 .text._ZNSt7__cxx1112basic_stringIcSt11char_traitsIcESaIcEE6resizeEjc
                0x000000000001e260       0xc8 _build_giec_I04L-debug/mqtt.o
                0x000000000001e260                std::__cxx11::basic_string<char, std::char_traits<char>, std::allocator<char> >::resize(unsigned int, char)
 .text._ZN8nlohmann6detail10serializerINS_10basic_jsonISt3mapSt6vectorNSt7__cxx1112basic_stringIcSt11char_traitsIcESaIcEEEbxydSaNS_14adl_serializerES4_IhSaIhEEEEE12dump_integerIhLi0EEEvT_
                0x000000000001e328      0x218 _build_giec_I04L-debug/mqtt.o
                0x000000000001e328                void nlohmann::detail::serializer<nlohmann::basic_json<std::map, std::vector, std::__cxx11::basic_string<char, std::char_traits<char>, std::allocator<char> >, bool, long long, unsigned long long, double, std::allocator, nlohmann::adl_serializer, std::vector<unsigned char, std::allocator<unsigned char> > > >::dump_integer<unsigned char, 0>(unsigned char)
 .text._ZN8nlohmann6detail10serializerINS_10basic_jsonISt3mapSt6vectorNSt7__cxx1112basic_stringIcSt11char_traitsIcESaIcEEEbxydSaNS_14adl_serializerES4_IhSaIhEEEEE12dump_integerIyLi0EEEvT_
                0x000000000001e540      0x344 _build_giec_I04L-debug/mqtt.o
                0x000000000001e540                void nlohmann::detail::serializer<nlohmann::basic_json<std::map, std::vector, std::__cxx11::basic_string<char, std::char_traits<char>, std::allocator<char> >, bool, long long, unsigned long long, double, std::allocator, nlohmann::adl_serializer, std::vector<unsigned char, std::allocator<unsigned char> > > >::dump_integer<unsigned long long, 0>(unsigned long long)
 .text._ZN8nlohmann6detail11other_error6createINS_10basic_jsonISt3mapSt6vectorNSt7__cxx1112basic_stringIcSt11char_traitsIcESaIcEEEbxydSaNS_14adl_serializerES5_IhSaIhEEEEEES1_iRKSB_RKT_
                0x000000000001e884      0x2bc _build_giec_I04L-debug/mqtt.o
                0x000000000001e884                nlohmann::detail::other_error nlohmann::detail::other_error::create<nlohmann::basic_json<std::map, std::vector, std::__cxx11::basic_string<char, std::char_traits<char>, std::allocator<char> >, bool, long long, unsigned long long, double, std::allocator, nlohmann::adl_serializer, std::vector<unsigned char, std::allocator<unsigned char> > > >(int, std::__cxx11::basic_string<char, std::char_traits<char>, std::allocator<char> > const&, nlohmann::basic_json<std::map, std::vector, std::__cxx11::basic_string<char, std::char_traits<char>, std::allocator<char> >, bool, long long, unsigned long long, double, std::allocator, nlohmann::adl_serializer, std::vector<unsigned char, std::allocator<unsigned char> > > const&)
 .text._ZNKSt7__cxx1112basic_stringIcSt11char_traitsIcESaIcEE7compareERKS4_
                0x000000000001eb40       0x3c _build_giec_I04L-debug/mqtt.o
                0x000000000001eb40                std::__cxx11::basic_string<char, std::char_traits<char>, std::allocator<char> >::compare(std::__cxx11::basic_string<char, std::char_traits<char>, std::allocator<char> > const&) const
 .text._ZNSt8_Rb_treeINSt7__cxx1112basic_stringIcSt11char_traitsIcESaIcEEESt4pairIKS5_St3mapIS5_iSt4lessIS5_ESaIS6_IS7_iEEEESt10_Select1stISE_ESA_SaISE_EE24_M_get_insert_unique_posERS7_
                0x000000000001eb7c      0x12c _build_giec_I04L-debug/mqtt.o
                0x000000000001eb7c                std::_Rb_tree<std::__cxx11::basic_string<char, std::char_traits<char>, std::allocator<char> >, std::pair<std::__cxx11::basic_string<char, std::char_traits<char>, std::allocator<char> > const, std::map<std::__cxx11::basic_string<char, std::char_traits<char>, std::allocator<char> >, int, std::less<std::__cxx11::basic_string<char, std::char_traits<char>, std::allocator<char> > >, std::allocator<std::pair<std::__cxx11::basic_string<char, std::char_traits<char>, std::allocator<char> > const, int> > > >, std::_Select1st<std::pair<std::__cxx11::basic_string<char, std::char_traits<char>, std::allocator<char> > const, std::map<std::__cxx11::basic_string<char, std::char_traits<char>, std::allocator<char> >, int, std::less<std::__cxx11::basic_string<char, std::char_traits<char>, std::allocator<char> > >, std::allocator<std::pair<std::__cxx11::basic_string<char, std::char_traits<char>, std::allocator<char> > const, int> > > > >, std::less<std::__cxx11::basic_string<char, std::char_traits<char>, std::allocator<char> > >, std::allocator<std::pair<std::__cxx11::basic_string<char, std::char_traits<char>, std::allocator<char> > const, std::map<std::__cxx11::basic_string<char, std::char_traits<char>, std::allocator<char> >, int, std::less<std::__cxx11::basic_string<char, std::char_traits<char>, std::allocator<char> > >, std::allocator<std::pair<std::__cxx11::basic_string<char, std::char_traits<char>, std::allocator<char> > const, int> > > > > >::_M_get_insert_unique_pos(std::__cxx11::basic_string<char, std::char_traits<char>, std::allocator<char> > const&)
 .text._ZNSt8_Rb_treeINSt7__cxx1112basic_stringIcSt11char_traitsIcESaIcEEESt4pairIKS5_iESt10_Select1stIS8_ESt4lessIS5_ESaIS8_EE24_M_get_insert_unique_posERS7_
                0x000000000001eca8      0x12c _build_giec_I04L-debug/mqtt.o
                0x000000000001eca8                std::_Rb_tree<std::__cxx11::basic_string<char, std::char_traits<char>, std::allocator<char> >, std::pair<std::__cxx11::basic_string<char, std::char_traits<char>, std::allocator<char> > const, int>, std::_Select1st<std::pair<std::__cxx11::basic_string<char, std::char_traits<char>, std::allocator<char> > const, int> >, std::less<std::__cxx11::basic_string<char, std::char_traits<char>, std::allocator<char> > >, std::allocator<std::pair<std::__cxx11::basic_string<char, std::char_traits<char>, std::allocator<char> > const, int> > >::_M_get_insert_unique_pos(std::__cxx11::basic_string<char, std::char_traits<char>, std::allocator<char> > const&)
 .text._ZNSt8_Rb_treeINSt7__cxx1112basic_stringIcSt11char_traitsIcESaIcEEESt4pairIKS5_N8nlohmann10basic_jsonISt3mapSt6vectorS5_bxydSaNS8_14adl_serializerESB_IhSaIhEEEEESt10_Select1stISG_ESt4lessIvESaISG_EE8_M_eraseEPSt13_Rb_tree_nodeISG_E
                0x000000000001edd4      0x708 _build_giec_I04L-debug/mqtt.o
                0x000000000001edd4                std::_Rb_tree<std::__cxx11::basic_string<char, std::char_traits<char>, std::allocator<char> >, std::pair<std::__cxx11::basic_string<char, std::char_traits<char>, std::allocator<char> > const, nlohmann::basic_json<std::map, std::vector, std::__cxx11::basic_string<char, std::char_traits<char>, std::allocator<char> >, bool, long long, unsigned long long, double, std::allocator, nlohmann::adl_serializer, std::vector<unsigned char, std::allocator<unsigned char> > > >, std::_Select1st<std::pair<std::__cxx11::basic_string<char, std::char_traits<char>, std::allocator<char> > const, nlohmann::basic_json<std::map, std::vector, std::__cxx11::basic_string<char, std::char_traits<char>, std::allocator<char> >, bool, long long, unsigned long long, double, std::allocator, nlohmann::adl_serializer, std::vector<unsigned char, std::allocator<unsigned char> > > > >, std::less<void>, std::allocator<std::pair<std::__cxx11::basic_string<char, std::char_traits<char>, std::allocator<char> > const, nlohmann::basic_json<std::map, std::vector, std::__cxx11::basic_string<char, std::char_traits<char>, std::allocator<char> >, bool, long long, unsigned long long, double, std::allocator, nlohmann::adl_serializer, std::vector<unsigned char, std::allocator<unsigned char> > > > > >::_M_erase(std::_Rb_tree_node<std::pair<std::__cxx11::basic_string<char, std::char_traits<char>, std::allocator<char> > const, nlohmann::basic_json<std::map, std::vector, std::__cxx11::basic_string<char, std::char_traits<char>, std::allocator<char> >, bool, long long, unsigned long long, double, std::allocator, nlohmann::adl_serializer, std::vector<unsigned char, std::allocator<unsigned char> > > > >*)
 .text._ZN8nlohmann10basic_jsonISt3mapSt6vectorNSt7__cxx1112basic_stringIcSt11char_traitsIcESaIcEEEbxydSaNS_14adl_serializerES2_IhSaIhEEE10json_value7destroyENS_6detail7value_tE
                0x000000000001f4dc      0x748 _build_giec_I04L-debug/mqtt.o
                0x000000000001f4dc                nlohmann::basic_json<std::map, std::vector, std::__cxx11::basic_string<char, std::char_traits<char>, std::allocator<char> >, bool, long long, unsigned long long, double, std::allocator, nlohmann::adl_serializer, std::vector<unsigned char, std::allocator<unsigned char> > >::json_value::destroy(nlohmann::detail::value_t)
 .text._ZN8nlohmann10basic_jsonISt3mapSt6vectorNSt7__cxx1112basic_stringIcSt11char_traitsIcESaIcEEEbxydSaNS_14adl_serializerES2_IhSaIhEEED2Ev
                0x000000000001fc24       0xe4 _build_giec_I04L-debug/mqtt.o
                0x000000000001fc24                nlohmann::basic_json<std::map, std::vector, std::__cxx11::basic_string<char, std::char_traits<char>, std::allocator<char> >, bool, long long, unsigned long long, double, std::allocator, nlohmann::adl_serializer, std::vector<unsigned char, std::allocator<unsigned char> > >::~basic_json()
                0x000000000001fc24                nlohmann::basic_json<std::map, std::vector, std::__cxx11::basic_string<char, std::char_traits<char>, std::allocator<char> >, bool, long long, unsigned long long, double, std::allocator, nlohmann::adl_serializer, std::vector<unsigned char, std::allocator<unsigned char> > >::~basic_json()
 .text._ZN8nlohmann10basic_jsonISt3mapSt6vectorNSt7__cxx1112basic_stringIcSt11char_traitsIcESaIcEEEbxydSaNS_14adl_serializerES2_IhSaIhEEE10json_valueC2ENS_6detail7value_tE
                0x000000000001fd08      0x13c _build_giec_I04L-debug/mqtt.o
                0x000000000001fd08                nlohmann::basic_json<std::map, std::vector, std::__cxx11::basic_string<char, std::char_traits<char>, std::allocator<char> >, bool, long long, unsigned long long, double, std::allocator, nlohmann::adl_serializer, std::vector<unsigned char, std::allocator<unsigned char> > >::json_value::json_value(nlohmann::detail::value_t)
                0x000000000001fd08                nlohmann::basic_json<std::map, std::vector, std::__cxx11::basic_string<char, std::char_traits<char>, std::allocator<char> >, bool, long long, unsigned long long, double, std::allocator, nlohmann::adl_serializer, std::vector<unsigned char, std::allocator<unsigned char> > >::json_value::json_value(nlohmann::detail::value_t)
 .text._ZN8nlohmann10basic_jsonISt3mapSt6vectorNSt7__cxx1112basic_stringIcSt11char_traitsIcESaIcEEEbxydSaNS_14adl_serializerES2_IhSaIhEEEC2EDn
                0x000000000001fe44       0xe8 _build_giec_I04L-debug/mqtt.o
                0x000000000001fe44                nlohmann::basic_json<std::map, std::vector, std::__cxx11::basic_string<char, std::char_traits<char>, std::allocator<char> >, bool, long long, unsigned long long, double, std::allocator, nlohmann::adl_serializer, std::vector<unsigned char, std::allocator<unsigned char> > >::basic_json(decltype(nullptr))
                0x000000000001fe44                nlohmann::basic_json<std::map, std::vector, std::__cxx11::basic_string<char, std::char_traits<char>, std::allocator<char> >, bool, long long, unsigned long long, double, std::allocator, nlohmann::adl_serializer, std::vector<unsigned char, std::allocator<unsigned char> > >::basic_json(decltype(nullptr))
 .text._ZN8nlohmann6detail10serializerINS_10basic_jsonISt3mapSt6vectorNSt7__cxx1112basic_stringIcSt11char_traitsIcESaIcEEEbxydSaNS_14adl_serializerES4_IhSaIhEEEEE12dump_escapedERKSA_b
                0x000000000001ff2c      0x864 _build_giec_I04L-debug/mqtt.o
                0x000000000001ff2c                nlohmann::detail::serializer<nlohmann::basic_json<std::map, std::vector, std::__cxx11::basic_string<char, std::char_traits<char>, std::allocator<char> >, bool, long long, unsigned long long, double, std::allocator, nlohmann::adl_serializer, std::vector<unsigned char, std::allocator<unsigned char> > > >::dump_escaped(std::__cxx11::basic_string<char, std::char_traits<char>, std::allocator<char> > const&, bool)
 .text._ZNSt6vectorIN8nlohmann10basic_jsonISt3mapS_NSt7__cxx1112basic_stringIcSt11char_traitsIcESaIcEEEbxydSaNS0_14adl_serializerES_IhSaIhEEEESaISC_EED2Ev
                0x0000000000020790      0x11c _build_giec_I04L-debug/mqtt.o
                0x0000000000020790                std::vector<nlohmann::basic_json<std::map, std::vector, std::__cxx11::basic_string<char, std::char_traits<char>, std::allocator<char> >, bool, long long, unsigned long long, double, std::allocator, nlohmann::adl_serializer, std::vector<unsigned char, std::allocator<unsigned char> > >, std::allocator<nlohmann::basic_json<std::map, std::vector, std::__cxx11::basic_string<char, std::char_traits<char>, std::allocator<char> >, bool, long long, unsigned long long, double, std::allocator, nlohmann::adl_serializer, std::vector<unsigned char, std::allocator<unsigned char> > > > >::~vector()
                0x0000000000020790                std::vector<nlohmann::basic_json<std::map, std::vector, std::__cxx11::basic_string<char, std::char_traits<char>, std::allocator<char> >, bool, long long, unsigned long long, double, std::allocator, nlohmann::adl_serializer, std::vector<unsigned char, std::allocator<unsigned char> > >, std::allocator<nlohmann::basic_json<std::map, std::vector, std::__cxx11::basic_string<char, std::char_traits<char>, std::allocator<char> >, bool, long long, unsigned long long, double, std::allocator, nlohmann::adl_serializer, std::vector<unsigned char, std::allocator<unsigned char> > > > >::~vector()
 .text._ZNSt6vectorIN8nlohmann10basic_jsonISt3mapS_NSt7__cxx1112basic_stringIcSt11char_traitsIcESaIcEEEbxydSaNS0_14adl_serializerES_IhSaIhEEEESaISC_EE17_M_realloc_insertIJSC_EEEvN9__gnu_cxx17__normal_iteratorIPSC_SE_EEDpOT_
                0x00000000000208ac      0x4fc _build_giec_I04L-debug/mqtt.o
                0x00000000000208ac                void std::vector<nlohmann::basic_json<std::map, std::vector, std::__cxx11::basic_string<char, std::char_traits<char>, std::allocator<char> >, bool, long long, unsigned long long, double, std::allocator, nlohmann::adl_serializer, std::vector<unsigned char, std::allocator<unsigned char> > >, std::allocator<nlohmann::basic_json<std::map, std::vector, std::__cxx11::basic_string<char, std::char_traits<char>, std::allocator<char> >, bool, long long, unsigned long long, double, std::allocator, nlohmann::adl_serializer, std::vector<unsigned char, std::allocator<unsigned char> > > > >::_M_realloc_insert<nlohmann::basic_json<std::map, std::vector, std::__cxx11::basic_string<char, std::char_traits<char>, std::allocator<char> >, bool, long long, unsigned long long, double, std::allocator, nlohmann::adl_serializer, std::vector<unsigned char, std::allocator<unsigned char> > > >(__gnu_cxx::__normal_iterator<nlohmann::basic_json<std::map, std::vector, std::__cxx11::basic_string<char, std::char_traits<char>, std::allocator<char> >, bool, long long, unsigned long long, double, std::allocator, nlohmann::adl_serializer, std::vector<unsigned char, std::allocator<unsigned char> > >*, std::vector<nlohmann::basic_json<std::map, std::vector, std::__cxx11::basic_string<char, std::char_traits<char>, std::allocator<char> >, bool, long long, unsigned long long, double, std::allocator, nlohmann::adl_serializer, std::vector<unsigned char, std::allocator<unsigned char> > >, std::allocator<nlohmann::basic_json<std::map, std::vector, std::__cxx11::basic_string<char, std::char_traits<char>, std::allocator<char> >, bool, long long, unsigned long long, double, std::allocator, nlohmann::adl_serializer, std::vector<unsigned char, std::allocator<unsigned char> > > > > >, nlohmann::basic_json<std::map, std::vector, std::__cxx11::basic_string<char, std::char_traits<char>, std::allocator<char> >, bool, long long, unsigned long long, double, std::allocator, nlohmann::adl_serializer, std::vector<unsigned char, std::allocator<unsigned char> > >&&)
 .text._ZNSt6vectorIN8nlohmann10basic_jsonISt3mapS_NSt7__cxx1112basic_stringIcSt11char_traitsIcESaIcEEEbxydSaNS0_14adl_serializerES_IhSaIhEEEESaISC_EE7reserveEj
                0x0000000000020da8      0x28c _build_giec_I04L-debug/mqtt.o
                0x0000000000020da8                std::vector<nlohmann::basic_json<std::map, std::vector, std::__cxx11::basic_string<char, std::char_traits<char>, std::allocator<char> >, bool, long long, unsigned long long, double, std::allocator, nlohmann::adl_serializer, std::vector<unsigned char, std::allocator<unsigned char> > >, std::allocator<nlohmann::basic_json<std::map, std::vector, std::__cxx11::basic_string<char, std::char_traits<char>, std::allocator<char> >, bool, long long, unsigned long long, double, std::allocator, nlohmann::adl_serializer, std::vector<unsigned char, std::allocator<unsigned char> > > > >::reserve(unsigned int)
 .text._ZNSt8_Rb_treeINSt7__cxx1112basic_stringIcSt11char_traitsIcESaIcEEESt4pairIKS5_N8nlohmann10basic_jsonISt3mapSt6vectorS5_bxydSaNS8_14adl_serializerESB_IhSaIhEEEEESt10_Select1stISG_ESt4lessIvESaISG_EE24_M_get_insert_unique_posERS7_
                0x0000000000021034      0x12c _build_giec_I04L-debug/mqtt.o
                0x0000000000021034                std::_Rb_tree<std::__cxx11::basic_string<char, std::char_traits<char>, std::allocator<char> >, std::pair<std::__cxx11::basic_string<char, std::char_traits<char>, std::allocator<char> > const, nlohmann::basic_json<std::map, std::vector, std::__cxx11::basic_string<char, std::char_traits<char>, std::allocator<char> >, bool, long long, unsigned long long, double, std::allocator, nlohmann::adl_serializer, std::vector<unsigned char, std::allocator<unsigned char> > > >, std::_Select1st<std::pair<std::__cxx11::basic_string<char, std::char_traits<char>, std::allocator<char> > const, nlohmann::basic_json<std::map, std::vector, std::__cxx11::basic_string<char, std::char_traits<char>, std::allocator<char> >, bool, long long, unsigned long long, double, std::allocator, nlohmann::adl_serializer, std::vector<unsigned char, std::allocator<unsigned char> > > > >, std::less<void>, std::allocator<std::pair<std::__cxx11::basic_string<char, std::char_traits<char>, std::allocator<char> > const, nlohmann::basic_json<std::map, std::vector, std::__cxx11::basic_string<char, std::char_traits<char>, std::allocator<char> >, bool, long long, unsigned long long, double, std::allocator, nlohmann::adl_serializer, std::vector<unsigned char, std::allocator<unsigned char> > > > > >::_M_get_insert_unique_pos(std::__cxx11::basic_string<char, std::char_traits<char>, std::allocator<char> > const&)
 .text._ZN8nlohmann10basic_jsonISt3mapSt6vectorNSt7__cxx1112basic_stringIcSt11char_traitsIcESaIcEEEbxydSaNS_14adl_serializerES2_IhSaIhEEEixIKcEERSC_PT_
                0x0000000000021160      0x500 _build_giec_I04L-debug/mqtt.o
                0x0000000000021160                nlohmann::basic_json<std::map, std::vector, std::__cxx11::basic_string<char, std::char_traits<char>, std::allocator<char> >, bool, long long, unsigned long long, double, std::allocator, nlohmann::adl_serializer, std::vector<unsigned char, std::allocator<unsigned char> > >& nlohmann::basic_json<std::map, std::vector, std::__cxx11::basic_string<char, std::char_traits<char>, std::allocator<char> >, bool, long long, unsigned long long, double, std::allocator, nlohmann::adl_serializer, std::vector<unsigned char, std::allocator<unsigned char> > >::operator[]<char const>(char const*)
 .text._ZN8nlohmann6detail9dtoa_impl18compute_boundariesIdEENS1_10boundariesET_
                0x0000000000021660      0x2e4 _build_giec_I04L-debug/mqtt.o
                0x0000000000021660                nlohmann::detail::dtoa_impl::boundaries nlohmann::detail::dtoa_impl::compute_boundaries<double>(double)
 .text._ZN8nlohmann6detail9dtoa_impl6grisu2IdEEvPcRiS4_T_
                0x0000000000021944      0xc74 _build_giec_I04L-debug/mqtt.o
                0x0000000000021944                void nlohmann::detail::dtoa_impl::grisu2<double>(char*, int&, int&, double)
 .text._ZN8nlohmann6detail8to_charsIdEEPcS2_PKcT_
                0x00000000000225b8      0x3b4 _build_giec_I04L-debug/mqtt.o
                0x00000000000225b8                char* nlohmann::detail::to_chars<double>(char*, char const*, double)
 .text._ZN8nlohmann6detail10serializerINS_10basic_jsonISt3mapSt6vectorNSt7__cxx1112basic_stringIcSt11char_traitsIcESaIcEEEbxydSaNS_14adl_serializerES4_IhSaIhEEEEE4dumpERKSE_bbjj
                0x000000000002296c     0x1588 _build_giec_I04L-debug/mqtt.o
                0x000000000002296c                nlohmann::detail::serializer<nlohmann::basic_json<std::map, std::vector, std::__cxx11::basic_string<char, std::char_traits<char>, std::allocator<char> >, bool, long long, unsigned long long, double, std::allocator, nlohmann::adl_serializer, std::vector<unsigned char, std::allocator<unsigned char> > > >::dump(nlohmann::basic_json<std::map, std::vector, std::__cxx11::basic_string<char, std::char_traits<char>, std::allocator<char> >, bool, long long, unsigned long long, double, std::allocator, nlohmann::adl_serializer, std::vector<unsigned char, std::allocator<unsigned char> > > const&, bool, bool, unsigned int, unsigned int)
 .text._ZNSt8_Rb_treeINSt7__cxx1112basic_stringIcSt11char_traitsIcESaIcEEESt4pairIKS5_iESt10_Select1stIS8_ESt4lessIS5_ESaIS8_EE8_M_eraseEPSt13_Rb_tree_nodeIS8_E
                0x0000000000023ef4      0x2f0 _build_giec_I04L-debug/mqtt.o
                0x0000000000023ef4                std::_Rb_tree<std::__cxx11::basic_string<char, std::char_traits<char>, std::allocator<char> >, std::pair<std::__cxx11::basic_string<char, std::char_traits<char>, std::allocator<char> > const, int>, std::_Select1st<std::pair<std::__cxx11::basic_string<char, std::char_traits<char>, std::allocator<char> > const, int> >, std::less<std::__cxx11::basic_string<char, std::char_traits<char>, std::allocator<char> > >, std::allocator<std::pair<std::__cxx11::basic_string<char, std::char_traits<char>, std::allocator<char> > const, int> > >::_M_erase(std::_Rb_tree_node<std::pair<std::__cxx11::basic_string<char, std::char_traits<char>, std::allocator<char> > const, int> >*)
 .text._ZNSt8_Rb_treeINSt7__cxx1112basic_stringIcSt11char_traitsIcESaIcEEESt4pairIKS5_St3mapIS5_iSt4lessIS5_ESaIS6_IS7_iEEEESt10_Select1stISE_ESA_SaISE_EE8_M_eraseEPSt13_Rb_tree_nodeISE_E
                0x00000000000241e4      0x688 _build_giec_I04L-debug/mqtt.o
                0x00000000000241e4                std::_Rb_tree<std::__cxx11::basic_string<char, std::char_traits<char>, std::allocator<char> >, std::pair<std::__cxx11::basic_string<char, std::char_traits<char>, std::allocator<char> > const, std::map<std::__cxx11::basic_string<char, std::char_traits<char>, std::allocator<char> >, int, std::less<std::__cxx11::basic_string<char, std::char_traits<char>, std::allocator<char> > >, std::allocator<std::pair<std::__cxx11::basic_string<char, std::char_traits<char>, std::allocator<char> > const, int> > > >, std::_Select1st<std::pair<std::__cxx11::basic_string<char, std::char_traits<char>, std::allocator<char> > const, std::map<std::__cxx11::basic_string<char, std::char_traits<char>, std::allocator<char> >, int, std::less<std::__cxx11::basic_string<char, std::char_traits<char>, std::allocator<char> > >, std::allocator<std::pair<std::__cxx11::basic_string<char, std::char_traits<char>, std::allocator<char> > const, int> > > > >, std::less<std::__cxx11::basic_string<char, std::char_traits<char>, std::allocator<char> > >, std::allocator<std::pair<std::__cxx11::basic_string<char, std::char_traits<char>, std::allocator<char> > const, std::map<std::__cxx11::basic_string<char, std::char_traits<char>, std::allocator<char> >, int, std::less<std::__cxx11::basic_string<char, std::char_traits<char>, std::allocator<char> > >, std::allocator<std::pair<std::__cxx11::basic_string<char, std::char_traits<char>, std::allocator<char> > const, int> > > > > >::_M_erase(std::_Rb_tree_node<std::pair<std::__cxx11::basic_string<char, std::char_traits<char>, std::allocator<char> > const, std::map<std::__cxx11::basic_string<char, std::char_traits<char>, std::allocator<char> >, int, std::less<std::__cxx11::basic_string<char, std::char_traits<char>, std::allocator<char> > >, std::allocator<std::pair<std::__cxx11::basic_string<char, std::char_traits<char>, std::allocator<char> > const, int> > > > >*)
 .text._ZNSt8_Rb_treeINSt7__cxx1112basic_stringIcSt11char_traitsIcESaIcEEESt4pairIKS5_St3mapIS5_iSt4lessIS5_ESaIS6_IS7_iEEEESt10_Select1stISE_ESA_SaISE_EE5eraseERS7_
                0x000000000002486c      0x2fc _build_giec_I04L-debug/mqtt.o
                0x000000000002486c                std::_Rb_tree<std::__cxx11::basic_string<char, std::char_traits<char>, std::allocator<char> >, std::pair<std::__cxx11::basic_string<char, std::char_traits<char>, std::allocator<char> > const, std::map<std::__cxx11::basic_string<char, std::char_traits<char>, std::allocator<char> >, int, std::less<std::__cxx11::basic_string<char, std::char_traits<char>, std::allocator<char> > >, std::allocator<std::pair<std::__cxx11::basic_string<char, std::char_traits<char>, std::allocator<char> > const, int> > > >, std::_Select1st<std::pair<std::__cxx11::basic_string<char, std::char_traits<char>, std::allocator<char> > const, std::map<std::__cxx11::basic_string<char, std::char_traits<char>, std::allocator<char> >, int, std::less<std::__cxx11::basic_string<char, std::char_traits<char>, std::allocator<char> > >, std::allocator<std::pair<std::__cxx11::basic_string<char, std::char_traits<char>, std::allocator<char> > const, int> > > > >, std::less<std::__cxx11::basic_string<char, std::char_traits<char>, std::allocator<char> > >, std::allocator<std::pair<std::__cxx11::basic_string<char, std::char_traits<char>, std::allocator<char> > const, std::map<std::__cxx11::basic_string<char, std::char_traits<char>, std::allocator<char> >, int, std::less<std::__cxx11::basic_string<char, std::char_traits<char>, std::allocator<char> > >, std::allocator<std::pair<std::__cxx11::basic_string<char, std::char_traits<char>, std::allocator<char> > const, int> > > > > >::erase(std::__cxx11::basic_string<char, std::char_traits<char>, std::allocator<char> > const&)
 .text._ZN4mqttD0Ev
                0x0000000000024b68      0x16c _build_giec_I04L-debug/mqtt.o
                0x0000000000024b68                mqtt::~mqtt()
 .text._ZN4mqttD2Ev
                0x0000000000024cd4      0x15c _build_giec_I04L-debug/mqtt.o
                0x0000000000024cd4                mqtt::~mqtt()
                0x0000000000024cd4                mqtt::~mqtt()
 .text._ZNK8nlohmann6detail9exception4whatEv
                0x0000000000024e30        0x8 _build_giec_I04L-debug/mqtt.o
                0x0000000000024e30                nlohmann::detail::exception::what() const
 .text._ZN8nlohmann6detail9exceptionD2Ev
                0x0000000000024e38       0x28 _build_giec_I04L-debug/mqtt.o
                0x0000000000024e38                nlohmann::detail::exception::~exception()
                0x0000000000024e38                nlohmann::detail::exception::~exception()
 .text._ZN8nlohmann6detail9exceptionD0Ev
                0x0000000000024e60       0x34 _build_giec_I04L-debug/mqtt.o
                0x0000000000024e60                nlohmann::detail::exception::~exception()
 .text._ZN8nlohmann6detail10type_errorD2Ev
                0x0000000000024e94       0x28 _build_giec_I04L-debug/mqtt.o
                0x0000000000024e94                nlohmann::detail::type_error::~type_error()
                0x0000000000024e94                nlohmann::detail::type_error::~type_error()
 .text._ZN8nlohmann6detail10type_errorD0Ev
                0x0000000000024ebc       0x34 _build_giec_I04L-debug/mqtt.o
                0x0000000000024ebc                nlohmann::detail::type_error::~type_error()
 .text._ZN8nlohmann6detail11other_errorD2Ev
                0x0000000000024ef0       0x28 _build_giec_I04L-debug/mqtt.o
                0x0000000000024ef0                nlohmann::detail::other_error::~other_error()
                0x0000000000024ef0                nlohmann::detail::other_error::~other_error()
 .text._ZN8nlohmann6detail11other_errorD0Ev
                0x0000000000024f18       0x34 _build_giec_I04L-debug/mqtt.o
                0x0000000000024f18                nlohmann::detail::other_error::~other_error()
 .text          0x0000000000024f4c     0x12e4 _build_giec_I04L-debug/ota.o
                0x00000000000250b4                fca_otaDownloadFile(std::__cxx11::basic_string<char, std::char_traits<char>, std::allocator<char> > const&, std::__cxx11::basic_string<char, std::char_traits<char>, std::allocator<char> > const&, unsigned int)
                0x000000000002536c                fca_otaStatusUpgrade(int)
                0x0000000000026098                fca_otaProcess(void*, double, double, double, double)
 .text._ZNSt7__cxx1112basic_stringIcSt11char_traitsIcESaIcEE6insertEjPKc
                0x0000000000026230      0x248 _build_giec_I04L-debug/ota.o
                0x0000000000026230                std::__cxx11::basic_string<char, std::char_traits<char>, std::allocator<char> >::insert(unsigned int, char const*)
 .text._ZZN8nlohmann10basic_jsonISt3mapSt6vectorNSt7__cxx1112basic_stringIcSt11char_traitsIcESaIcEEEbxydSaNS_14adl_serializerES2_IhSaIhEEEC4ESt16initializer_listINS_6detail8json_refISC_EEEbNSE_7value_tEENKUlRKSG_E_clESK_.constprop.255
                0x0000000000026478       0x48 _build_giec_I04L-debug/ota.o
 .text._ZSt9__find_ifIPKN8nlohmann6detail8json_refINS0_10basic_jsonISt3mapSt6vectorNSt7__cxx1112basic_stringIcSt11char_traitsIcESaIcEEEbxydSaNS0_14adl_serializerES5_IhSaIhEEEEEEN9__gnu_cxx5__ops12_Iter_negateIZNSF_C4ESt16initializer_listISG_EbNS1_7value_tEEUlRSH_E_EEET_SS_SS_T0_St26random_access_iterator_tag
                0x00000000000264c0      0x1cc _build_giec_I04L-debug/ota.o
                0x00000000000264c0                nlohmann::detail::json_ref<nlohmann::basic_json<std::map, std::vector, std::__cxx11::basic_string<char, std::char_traits<char>, std::allocator<char> >, bool, long long, unsigned long long, double, std::allocator, nlohmann::adl_serializer, std::vector<unsigned char, std::allocator<unsigned char> > > > const* std::__find_if<nlohmann::detail::json_ref<nlohmann::basic_json<std::map, std::vector, std::__cxx11::basic_string<char, std::char_traits<char>, std::allocator<char> >, bool, long long, unsigned long long, double, std::allocator, nlohmann::adl_serializer, std::vector<unsigned char, std::allocator<unsigned char> > > > const*, __gnu_cxx::__ops::_Iter_negate<nlohmann::basic_json<std::map, std::vector, std::__cxx11::basic_string<char, std::char_traits<char>, std::allocator<char> >, bool, long long, unsigned long long, double, std::allocator, nlohmann::adl_serializer, std::vector<unsigned char, std::allocator<unsigned char> > >::_Iter_negate(std::initializer_list<nlohmann::detail::json_ref<nlohmann::basic_json<std::map, std::vector, std::__cxx11::basic_string<char, std::char_traits<char>, std::allocator<char> >, bool, long long, unsigned long long, double, std::allocator, nlohmann::adl_serializer, std::vector<unsigned char, std::allocator<unsigned char> > > > >, bool, nlohmann::detail::value_t)::{lambda(nlohmann::detail::json_ref<nlohmann::basic_json<std::map, std::vector, std::__cxx11::basic_string<char, std::char_traits<char>, std::allocator<char> >, bool, long long, unsigned long long, double, std::allocator, nlohmann::adl_serializer, std::vector<unsigned char, std::allocator<unsigned char> > > > const&)#1}> >(__gnu_cxx::__ops::_Iter_negate<nlohmann::basic_json<std::map, std::vector, std::__cxx11::basic_string<char, std::char_traits<char>, std::allocator<char> >, bool, long long, unsigned long long, double, std::allocator, nlohmann::adl_serializer, std::vector<unsigned char, std::allocator<unsigned char> > >::_Iter_negate(std::initializer_list<nlohmann::detail::json_ref<nlohmann::basic_json<std::map, std::vector, std::__cxx11::basic_string<char, std::char_traits<char>, std::allocator<char> >, bool, long long, unsigned long long, double, std::allocator, nlohmann::adl_serializer, std::vector<unsigned char, std::allocator<unsigned char> > > > >, bool, nlohmann::detail::value_t)::{lambda(nlohmann::detail::json_ref<nlohmann::basic_json<std::map, std::vector, std::__cxx11::basic_string<char, std::char_traits<char>, std::allocator<char> >, bool, long long, unsigned long long, double, std::allocator, nlohmann::adl_serializer, std::vector<unsigned char, std::allocator<unsigned char> > > > const&)#1}>, __gnu_cxx::__ops::_Iter_negate<nlohmann::basic_json<std::map, std::vector, std::__cxx11::basic_string<char, std::char_traits<char>, std::allocator<char> >, bool, long long, unsigned long long, double, std::allocator, nlohmann::adl_serializer, std::vector<unsigned char, std::allocator<unsigned char> > >::_Iter_negate(std::initializer_list<nlohmann::detail::json_ref<nlohmann::basic_json<std::map, std::vector, std::__cxx11::basic_string<char, std::char_traits<char>, std::allocator<char> >, bool, long long, unsigned long long, double, std::allocator, nlohmann::adl_serializer, std::vector<unsigned char, std::allocator<unsigned char> > > > >, bool, nlohmann::detail::value_t)::{lambda(nlohmann::detail::json_ref<nlohmann::basic_json<std::map, std::vector, std::__cxx11::basic_string<char, std::char_traits<char>, std::allocator<char> >, bool, long long, unsigned long long, double, std::allocator, nlohmann::adl_serializer, std::vector<unsigned char, std::allocator<unsigned char> > > > const&)#1}>, __gnu_cxx::__ops::_Iter_negate<nlohmann::basic_json<std::map, std::vector, std::__cxx11::basic_string<char, std::char_traits<char>, std::allocator<char> >, bool, long long, unsigned long long, double, std::allocator, nlohmann::adl_serializer, std::vector<unsigned char, std::allocator<unsigned char> > >::_Iter_negate(std::initializer_list<nlohmann::detail::json_ref<nlohmann::basic_json<std::map, std::vector, std::__cxx11::basic_string<char, std::char_traits<char>, std::allocator<char> >, bool, long long, unsigned long long, double, std::allocator, nlohmann::adl_serializer, std::vector<unsigned char, std::allocator<unsigned char> > > > >, bool, nlohmann::detail::value_t)::{lambda(nlohmann::detail::json_ref<nlohmann::basic_json<std::map, std::vector, std::__cxx11::basic_string<char, std::char_traits<char>, std::allocator<char> >, bool, long long, unsigned long long, double, std::allocator, nlohmann::adl_serializer, std::vector<unsigned char, std::allocator<unsigned char> > > > const&)#1}>, std::random_access_iterator_tag)
 .text._ZNSt8_Rb_treeINSt7__cxx1112basic_stringIcSt11char_traitsIcESaIcEEESt4pairIKS5_N8nlohmann10basic_jsonISt3mapSt6vectorS5_bxydSaNS8_14adl_serializerESB_IhSaIhEEEEESt10_Select1stISG_ESt4lessIvESaISG_EE7_M_copyINSM_11_Alloc_nodeEEEPSt13_Rb_tree_nodeISG_EPKSQ_PSt18_Rb_tree_node_baseRT_
                0x000000000002668c      0x2d0 _build_giec_I04L-debug/ota.o