Archive member included to satisfy reference by file (symbol)

libraries/libgiec/lib/libgiec_ipc_lib.a(giec_video_in.o)
                              _build_giec_I04L-debug/task_video.o (fca_video_in_init)
libraries/libgiec/lib/libgiec_ipc_lib.a(giec_video_push.o)
                              _build_giec_I04L-debug/task_video.o (fca_video_in_start_callback)
libraries/libgiec/lib/libgiec_ipc_lib.a(giec_svp.o)
                              libraries/libgiec/lib/libgiec_ipc_lib.a(giec_video_in.o) (giec_svp_init_vi_chn)
libraries/libgiec/lib/libgiec_ipc_lib.a(human_shape_alarm.o)
                              libraries/libgiec/lib/libgiec_ipc_lib.a(giec_svp.o) (human_shape_alarm_init)
libraries/libgiec/lib/libgiec_ipc_lib.a(giec_ircut.o)
                              libraries/libgiec/lib/libgiec_ipc_lib.a(giec_svp.o) (fca_get_dn_status_by_image_sensor)
libraries/libgiec/lib/libgiec_ipc_lib.a(giec_gpio_panel.o)
                              _build_giec_I04L-debug/fca_button.o (fca_get_button_status)
libraries/libgiec/lib/libgiec_ipc_lib.a(giec_osd.o)
                              libraries/libgiec/lib/libgiec_ipc_lib.a(giec_video_in.o) (giec_osd_notify_resoluton_changed)
libraries/libgiec/lib/libgiec_ipc_lib.a(giec_qrcode.o)
                              libraries/libgiec/lib/libgiec_ipc_lib.a(giec_video_in.o) (giec_qrcode_set_width)
libraries/libgiec/lib/libgiec_ipc_lib.a(giec_common.o)
                              libraries/libgiec/lib/libgiec_ipc_lib.a(giec_video_push.o) (giec_sleepmode)
libraries/libgiec/lib/libgiec_ipc_lib.a(ak_rtsp.o)
                              libraries/libgiec/lib/libgiec_ipc_lib.a(giec_video_in.o) (rtsp_video_put)
libraries/libgiec/lib/libgiec_ipc_lib.a(ak_rtsp_demo.o)
                              libraries/libgiec/lib/libgiec_ipc_lib.a(ak_rtsp.o) (g_dvs)
libraries/libgiec/lib/libgiec_ipc_lib.a(ipc_srv.o)
                              libraries/libgiec/lib/libgiec_ipc_lib.a(ak_rtsp_demo.o) (ak_cmd_server_register)
libraries/libgiec/lib/libgiec_ipc_lib.a(ak_dvs.o)
                              libraries/libgiec/lib/libgiec_ipc_lib.a(ak_rtsp.o) (buffers_put_data_with_pts)
libraries/libgiec/lib/libgiec_ipc_lib.a(onvif_service.o)
                              libraries/libgiec/lib/libgiec_ipc_lib.a(ak_dvs.o) (GetNet)
libraries/libgiec/lib/libgiec_ipc_lib.a(onvif_discovery.o)
                              libraries/libgiec/lib/libgiec_ipc_lib.a(ak_rtsp_demo.o) (onvif_discovery_init)
libraries/libgiec/lib/libgiec_ipc_lib.a(ak_net.o)
                              libraries/libgiec/lib/libgiec_ipc_lib.a(ak_rtsp.o) (ak_net_get_ip)
libraries/libgiec/lib/libgiec_ipc_lib.a(http_service.o)
                              libraries/libgiec/lib/libgiec_ipc_lib.a(ak_rtsp_demo.o) (onvif_security)
libraries/libgiec/lib/libgiec_ipc_lib.a(ak_svp_md.o)
                              libraries/libgiec/lib/libgiec_ipc_lib.a(giec_svp.o) (ak_svp_md_init)
libraries/libgiec/lib/libgiec_ipc_lib.a(giec_ptz_sch.o)
                              libraries/libgiec/lib/libgiec_ipc_lib.a(http_service.o) (fca_ptz_go_direction)
libraries/libgiec/lib/libgiec_ipc_lib.a(onvif_cmd.o)
                              libraries/libgiec/lib/libgiec_ipc_lib.a(ak_rtsp_demo.o) (onvif_cmd_init)
libraries/libgiec/lib/libgiec_ipc_lib.a(ak_cmd_exec.o)
                              libraries/libgiec/lib/libgiec_ipc_lib.a(onvif_service.o) (ak_cmd_exec)
libraries/libgiec/lib/libgiec_ipc_lib.a(digest.o)
                              libraries/libgiec/lib/libgiec_ipc_lib.a(http_service.o) (ONVIF_GenrateDigest)
libraries/libgiec/lib/libgiec_ipc_lib.a(rtsp.o)
                              libraries/libgiec/lib/libgiec_ipc_lib.a(ak_dvs.o) (rtsp_init_client)
libraries/libgiec/lib/libgiec_ipc_lib.a(giec_mt.o)
                              libraries/libgiec/lib/libgiec_ipc_lib.a(giec_ptz_sch.o) (giec_mt_get_track_rel_pos)
libraries/libgiec/lib/libgiec_ipc_lib.a(giec_ptz_hal.o)
                              libraries/libgiec/lib/libgiec_ipc_lib.a(giec_ptz_sch.o) (giec_bsp_set_speed_value)
libraries/libgiec/lib/libgiec_ipc_lib.a(ak_md.o)
                              libraries/libgiec/lib/libgiec_ipc_lib.a(giec_mt.o) (ak_md_get_result)
libraries/libzbar/lib/libzbar.a(image.o)
                              libraries/libgiec/lib/libgiec_ipc_lib.a(giec_qrcode.o) (zbar_image_create)
libraries/libzbar/lib/libzbar.a(img_scanner.o)
                              libraries/libgiec/lib/libgiec_ipc_lib.a(giec_qrcode.o) (zbar_image_scanner_create)
libraries/libzbar/lib/libzbar.a(qrdec.o)
                              libraries/libzbar/lib/libzbar.a(img_scanner.o) (_zbar_qr_create)
libraries/libzbar/lib/libzbar.a(qrdectxt.o)
                              libraries/libzbar/lib/libzbar.a(qrdec.o) (qr_code_data_list_extract_text)
libraries/libzbar/lib/libzbar.a(qr_finder.o)
                              libraries/libzbar/lib/libzbar.a(img_scanner.o) (_zbar_decoder_get_qr_finder_line)
libraries/libzbar/lib/libzbar.a(refcnt.o)
[...]
Memory Configuration

Name             Origin             Length             Attributes
*default*        0x0000000000000000 0xffffffffffffffff

Linker script and memory map

LOAD /opt/arm-anycloud-linux-uclibcgnueabi.gcc_7.3.0/arm-anycloud-linux-uclibcgnueabi/sysroot/usr/lib/crt1.o
LOAD /opt/arm-anycloud-linux-uclibcgnueabi.gcc_7.3.0/arm-anycloud-linux-uclibcgnueabi/sysroot/usr/lib/crti.o
LOAD /opt/arm-anycloud-linux-uclibcgnueabi.gcc_7.3.0/bin/../lib/gcc/arm-anycloud-linux-uclibcgnueabi/7.3.0/crtbegin.o
LOAD _build_giec_I04L-debug/ak.o
LOAD _build_giec_I04L-debug/message.o
LOAD _build_giec_I04L-debug/timer.o
LOAD _build_giec_I04L-debug/fsm.o
LOAD _build_giec_I04L-debug/tsm.o
LOAD _build_giec_I04L-debug/sys_dbg.o
LOAD _build_giec_I04L-debug/if_console.o
LOAD _build_giec_I04L-debug/mqtt.o
LOAD _build_giec_I04L-debug/ota.o
LOAD _build_giec_I04L-debug/parser_json.o
LOAD _build_giec_I04L-debug/fca_button.o
LOAD _build_giec_I04L-debug/SocketHelper.o
LOAD _build_giec_I04L-debug/giec_params.o
LOAD _build_giec_I04L-debug/app.o
LOAD _build_giec_I04L-debug/app_config.o
LOAD _build_giec_I04L-debug/app_data.o
LOAD _build_giec_I04L-debug/app_bsp.o
LOAD _build_giec_I04L-debug/task_list.o
LOAD _build_giec_I04L-debug/shell.o
LOAD _build_giec_I04L-debug/task_console.o
LOAD _build_giec_I04L-debug/task_sys.o
LOAD _build_giec_I04L-debug/task_cloud.o
LOAD _build_giec_I04L-debug/task_network.o
LOAD _build_giec_I04L-debug/task_fw.o
LOAD _build_giec_I04L-debug/task_gpio.o
LOAD _build_giec_I04L-debug/task_ircut.o
LOAD _build_giec_I04L-debug/task_video.o
LOAD _build_giec_I04L-debug/cmd_line.o
LOAD _build_giec_I04L-debug/jsmn.o
LOAD _build_giec_I04L-debug/firmware.o
LOAD _build_giec_I04L-debug/utils.o
LOAD _build_giec_I04L-debug/fifo.o
LOAD _build_giec_I04L-debug/g711.o
LOAD libraries/libcurl/lib/libcurl.so
LOAD libraries/libmosquitto/lib/libmosquitto.so
LOAD libraries/libmosquitto/lib/libmosquittopp.so
LOAD libraries/libopenssl/lib/libcrypto.so
LOAD libraries/libopenssl/lib/libssl.so
LOAD libraries/libgiec/lib/libgiec_ipc_lib.a
LOAD libraries/libanyka/lib/libplat_common.so
LOAD libraries/libanyka/lib/libplat_mem.so
LOAD libraries/libanyka/lib/libplat_thread.so
LOAD libraries/libanyka/lib/libplat_log.so
LOAD libraries/libanyka/lib/libplat_osal.so
LOAD libraries/libanyka/lib/libmpi_venc.so
LOAD libraries/libanyka/lib/libplat_dbg.so
LOAD libraries/libanyka/lib/libak_object_filter.so
LOAD libraries/libanyka/lib/libplat_vi.so
LOAD libraries/libanyka/lib/libplat_isp_sdk.so
LOAD libraries/libanyka/lib/libplat_vpss.so
LOAD libraries/libanyka/lib/libplat_ao.so
LOAD libraries/libanyka/lib/libmpi_adec.so
LOAD libraries/libanyka/lib/libplat_vqe.so
LOAD libraries/libanyka/lib/libakaudiofilter.so
LOAD libraries/libanyka/lib/libplat_ai.so
LOAD libraries/libanyka/lib/libakaudiocodec.so
LOAD libraries/libanyka/lib/libmpi_aenc.so
LOAD libraries/libanyka/lib/libak_mrd.so
LOAD libraries/libanyka/lib/libapp_video.so
LOAD libraries/libanyka/lib/libapp_its.so
LOAD libraries/libanyka/lib/libplat_timer.so
LOAD libraries/libanyka/lib/libmpi_osd.so
LOAD libraries/libanyka/lib/libapp_osd_ex.so
LOAD libraries/libanyka/lib/libmpi_svp.so
LOAD libraries/libanyka/lib/libakv_cnn_dt.so
LOAD libraries/libanyka/lib/libakv_cnn_fas.so
LOAD libraries/libanyka/lib/libakv_cnn_re.so
LOAD libraries/libzbar/lib/libzbar.a
LOAD /opt/arm-anycloud-linux-uclibcgnueabi.gcc_7.3.0/arm-anycloud-linux-uclibcgnueabi/sysroot/usr/lib/libpthread.a
LOAD /opt/arm-anycloud-linux-uclibcgnueabi.gcc_7.3.0/arm-anycloud-linux-uclibcgnueabi/sysroot/usr/lib/librt.a
LOAD /opt/arm-anycloud-linux-uclibcgnueabi.gcc_7.3.0/bin/../lib/gcc/arm-anycloud-linux-uclibcgnueabi/7.3.0/../../../../arm-anycloud-linux-uclibcgnueabi/lib/libstdc++fs.a
LOAD /opt/arm-anycloud-linux-uclibcgnueabi.gcc_7.3.0/bin/../lib/gcc/arm-anycloud-linux-uclibcgnueabi/7.3.0/../../../../arm-anycloud-linux-uclibcgnueabi/lib/libstdc++.so
LOAD /opt/arm-anycloud-linux-uclibcgnueabi.gcc_7.3.0/arm-anycloud-linux-uclibcgnueabi/sysroot/usr/lib/libm.a
LOAD /opt/arm-anycloud-linux-uclibcgnueabi.gcc_7.3.0/bin/../lib/gcc/arm-anycloud-linux-uclibcgnueabi/7.3.0/../../../../arm-anycloud-linux-uclibcgnueabi/lib/libgcc_s.so
START GROUP
LOAD /opt/arm-anycloud-linux-uclibcgnueabi.gcc_7.3.0/bin/../lib/gcc/arm-anycloud-linux-uclibcgnueabi/7.3.0/../../../../arm-anycloud-linux-uclibcgnueabi/lib/libgcc_s.so.1
LOAD /opt/arm-anycloud-linux-uclibcgnueabi.gcc_7.3.0/bin/../lib/gcc/arm-anycloud-linux-uclibcgnueabi/7.3.0/libgcc.a
END GROUP
LOAD /opt/arm-anycloud-linux-uclibcgnueabi.gcc_7.3.0/bin/../lib/gcc/arm-anycloud-linux-uclibcgnueabi/7.3.0/libgcc.a
LOAD /opt/arm-anycloud-linux-uclibcgnueabi.gcc_7.3.0/arm-anycloud-linux-uclibcgnueabi/sysroot/usr/lib/libc.so
START GROUP
LOAD /opt/arm-anycloud-linux-uclibcgnueabi.gcc_7.3.0/arm-anycloud-linux-uclibcgnueabi/sysroot/lib/libc.so.1
LOAD /opt/arm-anycloud-linux-uclibcgnueabi.gcc_7.3.0/arm-anycloud-linux-uclibcgnueabi/sysroot/usr/lib/uclibc_nonshared.a
LOAD /opt/arm-anycloud-linux-uclibcgnueabi.gcc_7.3.0/arm-anycloud-linux-uclibcgnueabi/sysroot/usr/lib/libpthread_nonshared.a
LOAD /opt/arm-anycloud-linux-uclibcgnueabi.gcc_7.3.0/arm-anycloud-linux-uclibcgnueabi/sysroot/lib/ld-uClibc.so.1
END GROUP
LOAD /opt/arm-anycloud-linux-uclibcgnueabi.gcc_7.3.0/bin/../lib/gcc/arm-anycloud-linux-uclibcgnueabi/7.3.0/../../../../arm-anycloud-linux-uclibcgnueabi/lib/libgcc_s.so
START GROUP
LOAD /opt/arm-anycloud-linux-uclibcgnueabi.gcc_7.3.0/bin/../lib/gcc/arm-anycloud-linux-uclibcgnueabi/7.3.0/../../../../arm-anycloud-linux-uclibcgnueabi/lib/libgcc_s.so.1
LOAD /opt/arm-anycloud-linux-uclibcgnueabi.gcc_7.3.0/bin/../lib/gcc/arm-anycloud-linux-uclibcgnueabi/7.3.0/libgcc.a
END GROUP
LOAD /opt/arm-anycloud-linux-uclibcgnueabi.gcc_7.3.0/bin/../lib/gcc/arm-anycloud-linux-uclibcgnueabi/7.3.0/libgcc.a
LOAD /opt/arm-anycloud-linux-uclibcgnueabi.gcc_7.3.0/bin/../lib/gcc/arm-anycloud-linux-uclibcgnueabi/7.3.0/crtend.o
LOAD /opt/arm-anycloud-linux-uclibcgnueabi.gcc_7.3.0/arm-anycloud-linux-uclibcgnueabi/sysroot/usr/lib/crtn.o
                [!provide]                        PROVIDE (__executable_start, SEGMENT_START ("text-segment", 0x10000))
                0x0000000000010134                . = (SEGMENT_START ("text-segment", 0x10000) + SIZEOF_HEADERS)

.interp         0x0000000000010134       0x14
 *(.interp)
 .interp        0x0000000000010134       0x14 /opt/arm-anycloud-linux-uclibcgnueabi.gcc_7.3.0/arm-anycloud-linux-uclibcgnueabi/sysroot/usr/lib/crt1.o

.note.gnu.build-id
 *(.note.gnu.build-id)

.hash           0x0000000000010148     0x1080
 *(.hash)
 .hash          0x0000000000010148     0x1080 /opt/arm-anycloud-linux-uclibcgnueabi.gcc_7.3.0/arm-anycloud-linux-uclibcgnueabi/sysroot/usr/lib/crt1.o

.gnu.hash
 *(.gnu.hash)

.dynsym         0x00000000000111c8     0x2150
 *(.dynsym)
 .dynsym        0x00000000000111c8     0x2150 /opt/arm-anycloud-linux-uclibcgnueabi.gcc_7.3.0/arm-anycloud-linux-uclibcgnueabi/sysroot/usr/lib/crt1.o

.dynstr         0x0000000000013318     0x2b90
 *(.dynstr)
 .dynstr        0x0000000000013318     0x2b90 /opt/arm-anycloud-linux-uclibcgnueabi.gcc_7.3.0/arm-anycloud-linux-uclibcgnueabi/sysroot/usr/lib/crt1.o

.gnu.version    0x0000000000015ea8      0x42a
 *(.gnu.version)
 .gnu.version   0x0000000000015ea8      0x42a /opt/arm-anycloud-linux-uclibcgnueabi.gcc_7.3.0/arm-anycloud-linux-uclibcgnueabi/sysroot/usr/lib/crt1.o

.gnu.version_d  0x00000000000162d4        0x0
 *(.gnu.version_d)
 .gnu.version_d
                0x00000000000162d4        0x0 /opt/arm-anycloud-linux-uclibcgnueabi.gcc_7.3.0/arm-anycloud-linux-uclibcgnueabi/sysroot/usr/lib/crt1.o

.gnu.version_r  0x00000000000162d4       0xd0
 *(.gnu.version_r)
 .gnu.version_r
                0x00000000000162d4       0xd0 /opt/arm-anycloud-linux-uclibcgnueabi.gcc_7.3.0/arm-anycloud-linux-uclibcgnueabi/sysroot/usr/lib/crt1.o

.rel.dyn        0x00000000000163a4       0xa8
 *(.rel.init)
 *(.rel.text .rel.text.* .rel.gnu.linkonce.t.*)
 *(.rel.fini)
 *(.rel.rodata .rel.rodata.* .rel.gnu.linkonce.r.*)
 *(.rel.data.rel.ro .rel.data.rel.ro.* .rel.gnu.linkonce.d.rel.ro.*)
 .rel.data.rel.ro
                0x00000000000163a4       0x80 /opt/arm-anycloud-linux-uclibcgnueabi.gcc_7.3.0/arm-anycloud-linux-uclibcgnueabi/sysroot/usr/lib/crt1.o
 *(.rel.data .rel.data.* .rel.gnu.linkonce.d.*)
 *(.rel.tdata .rel.tdata.* .rel.gnu.linkonce.td.*)
 *(.rel.tbss .rel.tbss.* .rel.gnu.linkonce.tb.*)
 *(.rel.ctors)
 *(.rel.dtors)
 *(.rel.got)
 .rel.got       0x0000000000016424       0x20 /opt/arm-anycloud-linux-uclibcgnueabi.gcc_7.3.0/arm-anycloud-linux-uclibcgnueabi/sysroot/usr/lib/crt1.o
 *(.rel.bss .rel.bss.* .rel.gnu.linkonce.b.*)
 .rel.bss       0x0000000000016444        0x8 /opt/arm-anycloud-linux-uclibcgnueabi.gcc_7.3.0/arm-anycloud-linux-uclibcgnueabi/sysroot/usr/lib/crt1.o
                [!provide]                        PROVIDE (__rel_iplt_start, .)
 *(.rel.iplt)
 .rel.iplt      0x000000000001644c        0x0 /opt/arm-anycloud-linux-uclibcgnueabi.gcc_7.3.0/arm-anycloud-linux-uclibcgnueabi/sysroot/usr/lib/crt1.o
                [!provide]                        PROVIDE (__rel_iplt_end, .)

.rela.dyn       0x000000000001644c        0x0
 *(.rela.init)
 *(.rela.text .rela.text.* .rela.gnu.linkonce.t.*)
 *(.rela.fini)
 *(.rela.rodata .rela.rodata.* .rela.gnu.linkonce.r.*)
 *(.rela.data .rela.data.* .rela.gnu.linkonce.d.*)
 *(.rela.tdata .rela.tdata.* .rela.gnu.linkonce.td.*)
 *(.rela.tbss .rela.tbss.* .rela.gnu.linkonce.tb.*)
 *(.rela.ctors)
 *(.rela.dtors)
 *(.rela.got)
 *(.rela.bss .rela.bss.* .rela.gnu.linkonce.b.*)
                [!provide]                        PROVIDE (__rela_iplt_start, .)
 *(.rela.iplt)
                [!provide]                        PROVIDE (__rela_iplt_end, .)

.rel.plt        0x000000000001644c      0xb30
 *(.rel.plt)
 .rel.plt       0x000000000001644c      0xb30 /opt/arm-anycloud-linux-uclibcgnueabi.gcc_7.3.0/arm-anycloud-linux-uclibcgnueabi/sysroot/usr/lib/crt1.o

.rela.plt
 *(.rela.plt)

.init           0x0000000000016f7c       0x10
 *(SORT(.init))
 .init          0x0000000000016f7c        0xc /opt/arm-anycloud-linux-uclibcgnueabi.gcc_7.3.0/arm-anycloud-linux-uclibcgnueabi/sysroot/usr/lib/crti.o
                0x0000000000016f7c                _init
 .init          0x0000000000016f88        0x4 /opt/arm-anycloud-linux-uclibcgnueabi.gcc_7.3.0/arm-anycloud-linux-uclibcgnueabi/sysroot/usr/lib/crtn.o

.plt            0x0000000000016f8c     0x10dc
 *(.plt)
 .plt           0x0000000000016f8c     0x10dc /opt/arm-anycloud-linux-uclibcgnueabi.gcc_7.3.0/arm-anycloud-linux-uclibcgnueabi/sysroot/usr/lib/crt1.o
                0x0000000000016fa0                mosqpp::mosquittopp::tls_set(char const*, char const*, char const*, char const*, int (*)(char*, int, int, void*))
                0x0000000000016fac                timer_delete
                0x0000000000016fb8                ak_sleep_ms
                0x0000000000016fc4                ak_venc_request_idr
                0x0000000000016fd0                std::ostream::put(char)@@GLIBCXX_3.4
                0x0000000000016fdc                pthread_cond_signal
                0x0000000000016fe8                pthread_attr_setschedpolicy
                0x0000000000016ff4                ak_thread_mutex_lock
                0x0000000000017000                __aeabi_d2uiz@@GCC_3.5
                0x000000000001700c                ak_app_video_bind_chn
                0x0000000000017018                curl_easy_perform
                0x0000000000017024                OPENSSL_init_crypto@@OPENSSL_1_1_0
                0x0000000000017030                operator new(unsigned int)@@GLIBCXX_3.4
                0x000000000001703c                signal
                0x0000000000017048                curl_easy_getinfo
                0x0000000000017054                __aeabi_uldivmod@@GCC_3.5
                0x0000000000017060                __aeabi_dcmpeq@@GCC_3.5
                0x000000000001706c                connect
                0x0000000000017078                strncpy
                0x0000000000017084                pthread_rwlock_unlock
                0x0000000000017090                execve
                0x000000000001709c                ak_vi_enable_chn
                0x00000000000170a8                exit
                0x00000000000170b4                std::_Rb_tree_insert_and_rebalance(bool, std::_Rb_tree_node_base*, std::_Rb_tree_node_base*, std::_Rb_tree_node_base&)@@GLIBCXX_3.4
                0x00000000000170c0                ak_vi_get_chn_attr
                0x00000000000170cc                strlen
                0x00000000000170d8                select
                0x00000000000170e4                atof
                0x00000000000170f0                printf
                0x00000000000170fc                ak_vi_open
                0x0000000000017108                ak_vi_set_box_color_table
                0x0000000000017114                ntohs
                0x0000000000017120                std::basic_fstream<char, std::char_traits<char> >::~basic_fstream()@@GLIBCXX_3.4
                0x000000000001712c                std::basic_filebuf<char, std::char_traits<char> >::close()@@GLIBCXX_3.4
                0x0000000000017138                std::__basic_file<char>::is_open() const@@GLIBCXX_3.4
                0x0000000000017144                free
                0x0000000000017150                abort
                0x000000000001715c                memmove
                0x0000000000017168                htons
                0x0000000000017174                std::basic_ifstream<char, std::char_traits<char> >::~basic_ifstream()@@GLIBCXX_3.4
                0x0000000000017180                ak_vpss_get_cur_lumi
                0x000000000001718c                freeaddrinfo
                0x0000000000017198                curl_easy_init
                0x00000000000171a4                ak_venc_get_attr_ex
                0x00000000000171b0                std::ios_base::ios_base()@@GLIBCXX_3.4
                0x00000000000171bc                fork
                0x00000000000171c8                ak_object_filter_set_md_level
                0x00000000000171d4                mosqpp::mosquittopp::mosquittopp(char const*, bool)
                0x00000000000171e0                ak_app_video_set_dst_chn_active
                0x00000000000171ec                ak_object_filter_set_false_record_params
                0x00000000000171f8                pthread_mutex_init
                0x0000000000017204                std::ios_base::~ios_base()@@GLIBCXX_3.4
                0x0000000000017210                ak_vi_get_frame
                0x000000000001721c                ak_vi_disable_chn
                0x0000000000017228                pthread_create
                0x0000000000017234                __aeabi_i2f@@GCC_3.5
                0x0000000000017240                std::__throw_bad_alloc()@@GLIBCXX_3.4
                0x000000000001724c                curl_easy_strerror
                0x0000000000017258                ak_thread_mutex_init
                0x0000000000017264                std::__throw_bad_function_call()@@GLIBCXX_3.4.14
                0x0000000000017270                ak_vi_get_dev_attr
                0x000000000001727c                fprintf
                0x0000000000017288                __aeabi_dcmpge@@GCC_3.5
                0x0000000000017294                strtoull
                0x00000000000172a0                std::runtime_error::runtime_error(char const*)@@GLIBCXX_3.4.21
                0x00000000000172ac                strtok
                0x00000000000172b8                __aeabi_dmul@@GCC_3.5
                0x00000000000172c4                __cxa_begin_catch@@CXXABI_1.3
                0x00000000000172d0                __aeabi_uidivmod@@GCC_3.5
                0x00000000000172dc                atoi
                0x00000000000172e8                std::runtime_error::runtime_error(std::runtime_error const&)@@GLIBCXX_3.4.21
                0x00000000000172f4                puts
                0x0000000000017300                mosqpp::mosquittopp::tls_opts_set(int, char const*, char const*)
                0x000000000001730c                ntohl
                0x0000000000017318                ak_venc_set_attr_ex
                0x0000000000017324                ak_mrd_destroy
                0x0000000000017330                mosqpp::mosquittopp::unsubscribe(int*, char const*)
                0x000000000001733c                ak_vi_set_dev_attr
                0x0000000000017348                __cxa_allocate_exception@@CXXABI_1.3
                0x0000000000017354                __uClibc_main
                0x0000000000017360                ak_its_start
                0x000000000001736c                htonl
                0x0000000000017378                fcntl
                0x0000000000017384                pthread_self
                0x0000000000017390                mosqpp::mosquittopp::~mosquittopp()
                0x000000000001739c                mosqpp::mosquittopp::publish(int*, char const*, int, void const*, int, bool)
                0x00000000000173a8                remove
                0x00000000000173b4                std::__throw_length_error(char const*)@@GLIBCXX_3.4
                0x00000000000173c0                ak_thread_sem_init
                0x00000000000173cc                ioctl
                0x00000000000173d8                ak_vi_set_chn_attr_ex
                0x00000000000173e4                mosqpp::mosquittopp::subscribe(int*, char const*, int)
                0x00000000000173f0                __aeabi_i2d@@GCC_3.5
                0x00000000000173fc                poll
                0x0000000000017408                ak_venc_set_attr
                0x0000000000017414                __aeabi_ddiv@@GCC_3.5
                0x0000000000017420                sleep
                0x000000000001742c                lseek
                0x0000000000017438                ak_osd_ex_set_font_interval
                0x0000000000017444                pthread_exit
                0x0000000000017450                mosqpp::lib_init()
                0x0000000000017468                snprintf
                0x0000000000017474                send
                0x0000000000017480                vsprintf
                0x000000000001748c                std::_Rb_tree_rebalance_for_erase(std::_Rb_tree_node_base*, std::_Rb_tree_node_base&)@@GLIBCXX_3.4
                0x0000000000017498                std::__throw_invalid_argument(char const*)@@GLIBCXX_3.4
                0x00000000000174a4                sscanf
                0x00000000000174b0                ak_app_video_venc_get_stream
                0x00000000000174bc                ak_seconds_to_date
                0x00000000000174c8                ak_venc_open_ex
                0x00000000000174d4                ak_thread_sem_post
                0x00000000000174e0                MD5_Final@@OPENSSL_1_1_0
                0x00000000000174ec                __aeabi_f2d@@GCC_3.5
                0x00000000000174f8                inet_aton
                0x0000000000017504                ak_get_localdate
                0x0000000000017510                fread
                0x000000000001751c                std::ostream::flush()@@GLIBCXX_3.4
                0x0000000000017528                strcmp
                0x0000000000017534                inet_addr
                0x0000000000017540                operator delete(void*, unsigned int)@@CXXABI_1.3.9
                0x000000000001754c                std::_Rb_tree_increment(std::_Rb_tree_node_base*)@@GLIBCXX_3.4
                0x0000000000017558                std::__throw_logic_error(char const*)@@GLIBCXX_3.4
                0x0000000000017564                __cxa_free_exception@@CXXABI_1.3
                0x0000000000017570                ak_venc_open
                0x000000000001757c                pthread_mutex_unlock
                0x0000000000017588                __aeabi_dcmpun@@GCC_3.5
                0x0000000000017594                std::__cxx11::basic_stringstream<char, std::char_traits<char>, std::allocator<char> >::~basic_stringstream()@@GLIBCXX_3.4.21
                0x00000000000175a0                ak_svp_init
                0x00000000000175ac                recv
                0x00000000000175b8                inet_ntoa
                0x00000000000175c4                pthread_rwlock_rdlock
                0x00000000000175d0                __aeabi_dcmplt@@GCC_3.5
                0x00000000000175dc                ak_osd_ex_set_font_file
                0x00000000000175e8                qsort
                0x00000000000175f4                pthread_attr_init
                0x0000000000017600                ak_svp_destroy_chn
                0x000000000001760c                ak_thread_exit
                0x0000000000017618                ak_mem_rb_read
                0x0000000000017624                memset
                0x0000000000017630                ak_vi_disable_dev
                0x000000000001763c                ak_debug_info
                0x0000000000017648                ak_osd_ex_clean_str
                0x0000000000017654                read
                0x0000000000017660                mosqpp::mosquittopp::will_set(char const*, int, void const*, int, bool)
                0x000000000001766c                listen
                0x0000000000017678                perror
                0x0000000000017684                fflush
                0x0000000000017690                std::basic_filebuf<char, std::char_traits<char> >::open(char const*, std::_Ios_Openmode)@@GLIBCXX_3.4
                0x000000000001769c                fopen
                0x00000000000176a8                ak_osd_ex_init2
                0x00000000000176b4                __pthread_key_create
                0x00000000000176c0                pthread_cond_init
                0x00000000000176cc                strcpy
                0x00000000000176d8                bzero
                0x00000000000176e4                ak_mrd
                0x00000000000176f0                __errno_location
                0x00000000000176fc                __aeabi_fdiv@@GCC_3.5
                0x0000000000017708                operator delete(void*)@@GLIBCXX_3.4
                0x0000000000017714                ak_mrd_set_filters
                0x0000000000017720                curl_easy_cleanup
                0x000000000001772c                ak_mem_rb_reset
                0x0000000000017738                ak_osd_ex_set_color
                0x0000000000017744                time
                0x0000000000017750                fwrite
                0x000000000001775c                pthread_mutex_lock
                0x0000000000017768                memchr
                0x0000000000017774                pthread_attr_setstacksize
                0x0000000000017780                mosqpp::mosquittopp::loop_start()
                0x000000000001778c                ak_mem_alloc_
                0x0000000000017798                memcmp
                0x00000000000177a4                fseek
                0x00000000000177b0                std::runtime_error::~runtime_error()@@GLIBCXX_3.4
                0x00000000000177bc                ak_object_filter_set_frames
                0x00000000000177c8                ak_vi_draw_box
                0x00000000000177d4                ak_osd_ex_set_font_size
                0x00000000000177e0                std::type_info::operator==(std::type_info const&) const@@GLIBCXX_3.4
                0x00000000000177ec                std::basic_filebuf<char, std::char_traits<char> >::basic_filebuf()@@GLIBCXX_3.4
                0x00000000000177f8                std::_Rb_tree_decrement(std::_Rb_tree_node_base*)@@GLIBCXX_3.4
                0x0000000000017804                ak_osd_ex_destroy
                0x0000000000017810                ak_object_filter_get_version
                0x000000000001781c                fsync
                0x0000000000017828                strftime
                0x0000000000017834                ak_vpss_get_sensor_fps
                0x0000000000017840                ak_venc_close
                0x000000000001784c                ak_vi_set_chn_attr
                0x0000000000017858                mosqpp::mosquittopp::loop_stop(bool)
                0x0000000000017864                ak_mem_rb_write
                0x0000000000017870                ak_vi_get_sensor_resolution
                0x000000000001787c                __cxa_end_cleanup@@CXXABI_1.3
                0x0000000000017888                strtod
                0x0000000000017894                pthread_mutex_destroy
                0x00000000000178a0                strtol
                0x00000000000178ac                __aeabi_fmul@@GCC_3.5
                0x00000000000178b8                ak_mrd_init
                0x00000000000178c4                ak_vi_load_sensor_cfg
                0x00000000000178d0                timer_settime
                0x00000000000178dc                std::ctype<char>::_M_widen_init() const@@GLIBCXX_3.4.11
                0x00000000000178e8                ak_vpss_md_get_stat
                0x00000000000178f4                ak_thread_create
                0x0000000000017900                ak_object_filter_set_continous_enhancement_params
                0x000000000001790c                malloc
                0x0000000000017918                std::_Rb_tree_increment(std::_Rb_tree_node_base const*)@@GLIBCXX_3.4
                0x0000000000017924                __aeabi_ldivmod@@GCC_3.5
                0x0000000000017930                gettimeofday
                0x000000000001793c                pread
                0x0000000000017948                __aeabi_dadd@@GCC_3.5
                0x0000000000017954                __aeabi_fcmpeq@@GCC_3.5
                0x0000000000017960                calloc
                0x000000000001796c                __aeabi_f2iz@@GCC_3.5
                0x0000000000017978                ak_osd_ex_get_max_rect
                0x0000000000017984                pthread_kill
                0x0000000000017990                mosqpp::lib_cleanup()
                0x000000000001799c                gai_strerror
                0x00000000000179a8                pthread_cond_wait
                0x00000000000179b4                ak_thread_cancel
                0x00000000000179c0                ak_venc_release_stream
                0x00000000000179cc                localeconv
                0x00000000000179d8                ak_mrd_set_floating_wadding_params
                0x00000000000179e4                std::__throw_bad_cast()@@GLIBCXX_3.4
                0x00000000000179f0                fstat
                0x00000000000179fc                ak_get_ostime
                0x0000000000017a08                memcpy
                0x0000000000017a14                localtime_r
                0x0000000000017a20                usleep
                0x0000000000017a2c                ak_mrd_set_mode
                0x0000000000017a38                std::basic_ostream<char, std::char_traits<char> >& std::__ostream_insert<char, std::char_traits<char> >(std::basic_ostream<char, std::char_traits<char> >&, char const*, int)@@GLIBCXX_3.4.9
                0x0000000000017a44                ak_mem_rb_get_data_size
                0x0000000000017a50                ak_vi_switch_mode
                0x0000000000017a5c                pthread_rwlock_wrlock
                0x0000000000017a68                MD5_Update@@OPENSSL_1_1_0
                0x0000000000017a74                popen
                0x0000000000017a80                mosqpp::connack_string(int)
                0x0000000000017a8c                pclose
                0x0000000000017a98                timer_create
                0x0000000000017aa4                __aeabi_idivmod@@GCC_3.5
                0x0000000000017ab0                strtoll
                0x0000000000017abc                localtime
                0x0000000000017ac8                std::basic_ios<char, std::char_traits<char> >::init(std::basic_streambuf<char, std::char_traits<char> >*)@@GLIBCXX_3.4
                0x0000000000017ad4                waitpid
                0x0000000000017ae0                fileno
                0x0000000000017aec                ak_print
                0x0000000000017af8                __aeabi_fcmplt@@GCC_3.5
                0x0000000000017b04                std::runtime_error::what() const@@GLIBCXX_3.4
                0x0000000000017b10                ak_vi_release_frame
                0x0000000000017b1c                ak_osd_ex_draw_str
                0x0000000000017b28                ak_svp_deinit
                0x0000000000017b34                ak_get_os_timestamp
                0x0000000000017b40                mosqpp::mosquittopp::username_pw_set(char const*, char const*)
                0x0000000000017b4c                ak_mrd_get_version
                0x0000000000017b58                std::locale::~locale()@@GLIBCXX_3.4
                0x0000000000017b64                putchar
                0x0000000000017b70                curl_easy_setopt
                0x0000000000017b7c                __aeabi_fsub@@GCC_3.5
                0x0000000000017b88                __aeabi_uidiv@@GCC_3.5
                0x0000000000017ba0                mosqpp::mosquittopp::tls_insecure_set(bool)
                0x0000000000017bac                mkdir
                0x0000000000017bb8                __aeabi_idiv@@GCC_3.5
                0x0000000000017bc4                ak_osd_ex_set_rect
                0x0000000000017bd0                readdir_r
                0x0000000000017bdc                std::__throw_out_of_range(char const*)@@GLIBCXX_3.4
                0x0000000000017be8                closedir
                0x0000000000017bf4                __cxa_rethrow@@CXXABI_1.3
                0x0000000000017c00                ak_svp_release
                0x0000000000017c0c                ak_venc_strictlylimit_frameSize
                0x0000000000017c18                __aeabi_fcmpgt@@GCC_3.5
                0x0000000000017c24                ak_app_video_unbind_chn
                0x0000000000017c30                ak_object_filter_set_distance_enhancement_params
                0x0000000000017c3c                ak_thread_join
                0x0000000000017c48                ak_svp_create_chn
                0x0000000000017c54                kill
                0x0000000000017c60                std::__throw_out_of_range_fmt(char const*, ...)@@GLIBCXX_3.4.20
                0x0000000000017c6c                sendto
                0x0000000000017c78                open
                0x0000000000017c84                bind
                0x0000000000017c90                ak_svp_process
                0x0000000000017c9c                setsockopt
                0x0000000000017ca8                std::ios_base::Init::Init()@@GLIBCXX_3.4
                0x0000000000017cb4                socket
                0x0000000000017cc0                opendir
                0x0000000000017ccc                std::istream::read(char*, int)@@GLIBCXX_3.4
                0x0000000000017cd8                ak_mem_rb_destroy
                0x0000000000017ce4                std::basic_filebuf<char, std::char_traits<char> >::~basic_filebuf()@@GLIBCXX_3.4
                0x0000000000017cf0                ak_date_to_seconds
                0x0000000000017cfc                ak_thread_set_name
                0x0000000000017d08                vfprintf
                0x0000000000017d14                access
                0x0000000000017d20                sprintf
                0x0000000000017d2c                __aeabi_ui2d@@GCC_3.5
                0x0000000000017d38                vsnprintf
                0x0000000000017d44                ak_vi_close
                0x0000000000017d50                ak_object_filter_destroy
                0x0000000000017d5c                MD5_Init@@OPENSSL_1_1_0
                0x0000000000017d68                __aeabi_d2iz@@GCC_3.5
                0x0000000000017d74                fclose
                0x0000000000017d80                feof
                0x0000000000017d8c                __cxa_end_catch@@CXXABI_1.3
                0x0000000000017d98                __gxx_personality_v0@@CXXABI_1.3
                0x0000000000017da4                stat
                0x0000000000017db0                readdir
                0x0000000000017dbc                close
                0x0000000000017dc8                fgets
                0x0000000000017dd4                recvfrom
                0x0000000000017de0                fputc
                0x0000000000017dec                pthread_attr_setschedparam
                0x0000000000017df8                strstr
                0x0000000000017e04                getaddrinfo
                0x0000000000017e10                ak_vi_enable_dev
                0x0000000000017e1c                ak_vpss_get_awb_stat_info
                0x0000000000017e28                realloc
                0x0000000000017e34                ak_sdk_init
                0x0000000000017e40                std::basic_ios<char, std::char_traits<char> >::clear(std::_Ios_Iostate)@@GLIBCXX_3.4
                0x0000000000017e4c                ak_thread_mutex_destroy
                0x0000000000017e58                ak_mem_rb_init_
                0x0000000000017e64                fputs
                0x0000000000017e70                __cxa_throw@@CXXABI_1.3
                0x0000000000017e7c                std::ostream::operator<<(int)@@GLIBCXX_3.4
                0x0000000000017e88                ak_thread_sem_wait
                0x0000000000017e94                __aeabi_dcmpgt@@GCC_3.5
                0x0000000000017ea0                ak_seconds_to_string
                0x0000000000017eac                strncmp
                0x0000000000017eb8                ak_osd_ex_set_edge_color
                0x0000000000017ec4                getchar
                0x0000000000017ed0                pthread_join
                0x0000000000017edc                ak_diff_ms_time
                0x0000000000017ee8                ak_venc_encode_frame
                0x0000000000017ef4                accept
                0x0000000000017f00                __aeabi_d2f@@GCC_3.5
                0x0000000000017f0c                ak_venc_get_version
                0x0000000000017f18                ak_mem_free
                0x0000000000017f24                ak_vi_reset_chn_crop
                0x0000000000017f30                ak_vi_get_chn_attr_ex
                0x0000000000017f3c                ak_object_filter_init
                0x0000000000017f48                prctl
                0x0000000000017f54                mosqpp::mosquittopp::connect_async(char const*, int, int)
                0x0000000000017f60                ak_thread_sem_destroy
                0x0000000000017f6c                strerror
                0x0000000000017f78                std::exception::~exception()@@GLIBCXX_3.4
                0x0000000000017f84                std::basic_istream<char, std::char_traits<char> >& std::getline<char, std::char_traits<char>, std::allocator<char> >(std::basic_istream<char, std::char_traits<char> >&, std::__cxx11::basic_string<char, std::char_traits<char>, std::allocator<char> >&, char)@@GLIBCXX_3.4.21
                0x0000000000017f90                pthread_cancel
                0x0000000000017f9c                getenv
                0x0000000000017fa8                ak_thread_detach
                0x0000000000017fb4                std::__basic_file<char>::~__basic_file()@@GLIBCXX_3.4
                0x0000000000017fc0                pthread_setname_np
                0x0000000000017fcc                __assert
                0x0000000000017fd8                ak_thread_get_tid
                0x0000000000017fe4                pthread_detach
                0x0000000000017ff0                __aeabi_fadd@@GCC_3.5
                0x0000000000017ffc                system
                0x0000000000018008                ak_mrd_set_motion_region_size
                0x0000000000018014                strcat
                0x0000000000018020                ak_thread_mutex_unlock
                0x000000000001802c                OPENSSL_config@@OPENSSL_1_1_0
                0x0000000000018038                pthread_attr_destroy
                0x0000000000018044                std::locale::locale()@@GLIBCXX_3.4
                0x0000000000018050                ak_venc_get_attr
                0x000000000001805c                std::ios_base::Init::~Init()@@GLIBCXX_3.4

.iplt           0x0000000000018068        0x0
 *(.iplt)
 .iplt          0x0000000000018068        0x0 /opt/arm-anycloud-linux-uclibcgnueabi.gcc_7.3.0/arm-anycloud-linux-uclibcgnueabi/sysroot/usr/lib/crt1.o

.text           0x0000000000018068    0x9cb7c
 *(.text.unlikely .text.*_unlikely .text.unlikely.*)
 .text.unlikely
                0x0000000000018068       0x5c _build_giec_I04L-debug/task_cloud.o
 .text.unlikely
                0x00000000000180c4       0xb0 _build_giec_I04L-debug/utils.o
 *(.text.exit .text.exit.*)
 .text.exit     0x0000000000018174        0xc _build_giec_I04L-debug/if_console.o
 .text.exit     0x0000000000018180        0xc _build_giec_I04L-debug/app_config.o
 .text.exit     0x000000000001818c       0x38 _build_giec_I04L-debug/task_cloud.o
 .text.exit     0x00000000000181c4        0xc _build_giec_I04L-debug/utils.o
 *(.text.startup .text.startup.*)
 .text.startup  0x00000000000181d0      0x110 _build_giec_I04L-debug/ak.o
                0x00000000000181d0                main
 .text.startup  0x00000000000182e0        0xc _build_giec_I04L-debug/if_console.o
 .text.startup  0x00000000000182ec        0xc _build_giec_I04L-debug/app_config.o
 .text.startup  0x00000000000182f8        0xc _build_giec_I04L-debug/task_cloud.o
 .text.startup  0x0000000000018304        0xc _build_giec_I04L-debug/utils.o
 *(.text.hot .text.hot.*)
 *(.text .stub .text.* .gnu.linkonce.t.*)
 .text          0x0000000000018310       0x3c /opt/arm-anycloud-linux-uclibcgnueabi.gcc_7.3.0/arm-anycloud-linux-uclibcgnueabi/sysroot/usr/lib/crt1.o
                0x0000000000018310                _start
 .text          0x000000000001834c        0x0 /opt/arm-anycloud-linux-uclibcgnueabi.gcc_7.3.0/arm-anycloud-linux-uclibcgnueabi/sysroot/usr/lib/crti.o
 .text          0x000000000001834c       0xdc /opt/arm-anycloud-linux-uclibcgnueabi.gcc_7.3.0/bin/../lib/gcc/arm-anycloud-linux-uclibcgnueabi/7.3.0/crtbegin.o
 .text          0x0000000000018428     0x12f0 _build_giec_I04L-debug/ak.o
                0x0000000000018428                wait_all_tasks_started()
                0x0000000000018490                get_pure_msg()
                0x0000000000018518                get_dynamic_msg()
                0x00000000000185a0                get_common_msg()
                0x0000000000018628                ak_memcpy_msg(ak_msg_t*)
                0x00000000000188d0                ak_msg_free(ak_msg_t*)
                0x00000000000188ec                set_msg_sig(ak_msg_t*, unsigned int)
                0x0000000000018910                set_msg_des_task_id(ak_msg_t*, unsigned int)
                0x0000000000018934                set_msg_src_task_id(ak_msg_t*, unsigned int)
                0x0000000000018958                set_if_des_task_id(ak_msg_t*, unsigned int)
                0x000000000001897c                set_if_src_task_id(ak_msg_t*, unsigned int)
                0x00000000000189a0                set_if_des_type(ak_msg_t*, unsigned int)
                0x00000000000189c4                set_if_src_type(ak_msg_t*, unsigned int)
                0x00000000000189e8                set_if_sig(ak_msg_t*, unsigned int)
                0x0000000000018a0c                set_if_data_common_msg(ak_msg_t*, unsigned char*, unsigned int)
                0x0000000000018aa0                set_if_data_dynamic_msg(ak_msg_t*, unsigned char*, unsigned int)
                0x0000000000018b1c                set_data_common_msg(ak_msg_t*, unsigned char*, unsigned int)
                0x0000000000018bb0                get_data_common_msg(ak_msg_t*, unsigned char*, unsigned int)
                0x0000000000018c10                get_data_common_msg(ak_msg_t*)
                0x0000000000018c78                get_data_len_common_msg(ak_msg_t*)
                0x0000000000018cc8                set_data_dynamic_msg(ak_msg_t*, unsigned char*, unsigned int)
                0x0000000000018d44                get_data_dynamic_msg(ak_msg_t*, unsigned char*, unsigned int)
                0x0000000000018da4                get_data_len_dynamic_msg(ak_msg_t*)
                0x0000000000018df4                task_post(unsigned int, ak_msg_t*)
                0x0000000000018e84                task_post_pure_msg(unsigned int, unsigned int, unsigned int)
                0x0000000000018f7c                task_post_pure_msg(unsigned int, unsigned int)
                0x0000000000019070                task_post_common_msg(unsigned int, unsigned int, unsigned int, unsigned char*, unsigned int)
                0x00000000000191cc                task_post_common_msg(unsigned int, unsigned int, unsigned char*, unsigned int)
                0x0000000000019324                task_post_dynamic_msg(unsigned int, unsigned int, unsigned int, unsigned char*, unsigned int)
                0x000000000001945c                task_post_dynamic_msg(unsigned int, unsigned int, unsigned char*, unsigned int)
                0x0000000000019590                ak_msg_rev(unsigned int)
                0x0000000000019628                get_msg_type(ak_msg_t*)
                0x0000000000019634                get_task_id()
 .text          0x0000000000019718      0x180 _build_giec_I04L-debug/message.o
                0x0000000000019718                q_msg_init(q_msg_t*)
                0x000000000001972c                q_msg_put(q_msg_t*, ak_msg_t*)
                0x0000000000019784                q_msg_get(q_msg_t*)
                0x00000000000197e0                q_msg_free(ak_msg_t*)
                0x0000000000019820                q_msg_len(q_msg_t*)
                0x0000000000019860                q_msg_available(q_msg_t*)
 .text          0x0000000000019898      0x420 _build_giec_I04L-debug/timer.o
                0x0000000000019898                timer_handler(sigval)
                0x00000000000199cc                TaskTimerEntry(void*)
                0x0000000000019a5c                timer_set(unsigned int, unsigned int, unsigned int, timer_type_t)
                0x0000000000019be4                timer_remove_attr(unsigned int, unsigned int)
                0x0000000000019ca8                timer_stick_get()
 .text          0x0000000000019cb8        0xc _build_giec_I04L-debug/fsm.o
                0x0000000000019cb8                fsm_dispatch(fsm_t*, ak_msg_t*)
 .text          0x0000000000019cc4       0xd4 _build_giec_I04L-debug/tsm.o
                0x0000000000019cc4                tsm_init(tsm_tbl_t*, tsm_t**, unsigned char)
                0x0000000000019d10                tsm_dispatch(tsm_tbl_t*, ak_msg_t*)
                0x0000000000019d80                tsm_tran(tsm_tbl_t*, unsigned char)
 .text          0x0000000000019d98      0x3d0 _build_giec_I04L-debug/sys_dbg.o
                0x0000000000019d98                sys_dbg_get_time()
                0x0000000000019e2c                sys_dbg_fatal(char const*, unsigned char)
 .text._ZN9__gnu_cxx12__to_xstringINSt7__cxx1112basic_stringIcSt11char_traitsIcESaIcEEEcEET_PFiPT0_jPKS8_St9__va_listEjSB_z
                0x000000000001a168       0xd4 _build_giec_I04L-debug/sys_dbg.o
                0x000000000001a168                std::__cxx11::basic_string<char, std::char_traits<char>, std::allocator<char> > __gnu_cxx::__to_xstring<std::__cxx11::basic_string<char, std::char_traits<char>, std::allocator<char> >, char>(int (*)(char*, unsigned int, char const*, std::__va_list), unsigned int, char const*, ...)
 .text._ZNSt7__cxx1112basic_stringIcSt11char_traitsIcESaIcEEC2EOS4_
                0x000000000001a23c       0x60 _build_giec_I04L-debug/sys_dbg.o
                0x000000000001a23c                std::__cxx11::basic_string<char, std::char_traits<char>, std::allocator<char> >::basic_string(std::__cxx11::basic_string<char, std::char_traits<char>, std::allocator<char> >&&)
                0x000000000001a23c                std::__cxx11::basic_string<char, std::char_traits<char>, std::allocator<char> >::basic_string(std::__cxx11::basic_string<char, std::char_traits<char>, std::allocator<char> >&&)
 .text._ZNSt7__cxx1112basic_stringIcSt11char_traitsIcESaIcEE10_M_replaceEjjPKcj
                0x000000000001a29c      0x3a8 _build_giec_I04L-debug/sys_dbg.o
                0x000000000001a29c                std::__cxx11::basic_string<char, std::char_traits<char>, std::allocator<char> >::_M_replace(unsigned int, unsigned int, char const*, unsigned int)
 .text._ZNSt7__cxx1112basic_stringIcSt11char_traitsIcESaIcEE9_M_mutateEjjPKcj
                0x000000000001a644      0x158 _build_giec_I04L-debug/sys_dbg.o
                0x000000000001a644                std::__cxx11::basic_string<char, std::char_traits<char>, std::allocator<char> >::_M_mutate(unsigned int, unsigned int, char const*, unsigned int)
 .text          0x000000000001a79c      0x104 _build_giec_I04L-debug/if_console.o
                0x000000000001a79c                gw_task_if_console_entry(void*)
 .text          0x000000000001a8a0     0x2ad4 _build_giec_I04L-debug/mqtt.o
                0x000000000001a8a0                mqtt::on_publish(int)
                0x000000000001a8a4                mqtt::on_disconnect(int)
                0x000000000001a944                mqtt::on_subscribe(int, int, int const*)
                0x000000000001a96c                mqtt::on_log(int, char const*)
                0x000000000001aa84                mqtt::clearRetainMsg(char const*, bool)
                0x000000000001aabc                mqtt::showSubTopicMap()
                0x000000000001ada8                mqtt::setConnected(bool)
                0x000000000001adc4                mqtt::isConnected()
                0x000000000001ade4                mqtt::checkMessageDuplicate(mosquitto_message const*)
                0x000000000001af68                mqtt::on_message(mosquitto_message const*)
                0x000000000001b348                mqtt::retrySubTopics()
                0x000000000001b92c                mqtt::publishResponse(nlohmann::basic_json<std::map, std::vector, std::__cxx11::basic_string<char, std::char_traits<char>, std::allocator<char> >, bool, long long, unsigned long long, double, std::allocator, nlohmann::adl_serializer, std::vector<unsigned char, std::allocator<unsigned char> > >&, int, bool)
                0x000000000001baa4                mqtt::publishStatus(nlohmann::basic_json<std::map, std::vector, std::__cxx11::basic_string<char, std::char_traits<char>, std::allocator<char> >, bool, long long, unsigned long long, double, std::allocator, nlohmann::adl_serializer, std::vector<unsigned char, std::allocator<unsigned char> > >&, int, bool)
                0x000000000001bc1c                mqtt::tryConnect(char const*)
                0x000000000001c6a8                mqtt::addSubTopicMap(std::__cxx11::basic_string<char, std::char_traits<char>, std::allocator<char> > const&, int const&, int const&)
                0x000000000001cad8                mqtt::subcribePerform(std::__cxx11::basic_string<char, std::char_traits<char>, std::allocator<char> >&, int)
                0x000000000001cb60                mqtt::on_connect(int)
                0x000000000001ce84                mqtt::mqtt(mqttTopicCfg_t*, fca_netMQTT_t*)
                0x000000000001ce84                mqtt::mqtt(mqttTopicCfg_t*, fca_netMQTT_t*)
                0x000000000001cf80                mqtt::removeSubTopicMap(std::__cxx11::basic_string<char, std::char_traits<char>, std::allocator<char> > const&)
                0x000000000001d024                mqtt::removeSubTopicMap(int const&)
                0x000000000001d2a8                mqtt::unsubcribePerform(std::__cxx11::basic_string<char, std::char_traits<char>, std::allocator<char> >&)
 .text._ZN6mosqpp11mosquittopp21on_connect_with_flagsEii
                0x000000000001d374        0x4 _build_giec_I04L-debug/mqtt.o
                0x000000000001d374                mosqpp::mosquittopp::on_connect_with_flags(int, int)
 .text._ZN6mosqpp11mosquittopp14on_unsubscribeEi
                0x000000000001d378        0x4 _build_giec_I04L-debug/mqtt.o
                0x000000000001d378                mosqpp::mosquittopp::on_unsubscribe(int)
 .text._ZN6mosqpp11mosquittopp8on_errorEv
                0x000000000001d37c        0x4 _build_giec_I04L-debug/mqtt.o
                0x000000000001d37c                mosqpp::mosquittopp::on_error()
 .text._ZN8nlohmann6detail21output_string_adapterIcNSt7__cxx1112basic_stringIcSt11char_traitsIcESaIcEEEED2Ev
                0x000000000001d380        0x4 _build_giec_I04L-debug/mqtt.o
                0x000000000001d380                nlohmann::detail::output_string_adapter<char, std::__cxx11::basic_string<char, std::char_traits<char>, std::allocator<char> > >::~output_string_adapter()
                0x000000000001d380                nlohmann::detail::output_string_adapter<char, std::__cxx11::basic_string<char, std::char_traits<char>, std::allocator<char> > >::~output_string_adapter()
 .text._ZNSt23_Sp_counted_ptr_inplaceIN8nlohmann6detail21output_string_adapterIcNSt7__cxx1112basic_stringIcSt11char_traitsIcESaIcEEEEESaIS9_ELN9__gnu_cxx12_Lock_policyE1EED2Ev
                0x000000000001d384        0x4 _build_giec_I04L-debug/mqtt.o
                0x000000000001d384                std::_Sp_counted_ptr_inplace<nlohmann::detail::output_string_adapter<char, std::__cxx11::basic_string<char, std::char_traits<char>, std::allocator<char> > >, std::allocator<nlohmann::detail::output_string_adapter<char, std::__cxx11::basic_string<char, std::char_traits<char>, std::allocator<char> > > >, (__gnu_cxx::_Lock_policy)1>::~_Sp_counted_ptr_inplace()
                0x000000000001d384                std::_Sp_counted_ptr_inplace<nlohmann::detail::output_string_adapter<char, std::__cxx11::basic_string<char, std::char_traits<char>, std::allocator<char> > >, std::allocator<nlohmann::detail::output_string_adapter<char, std::__cxx11::basic_string<char, std::char_traits<char>, std::allocator<char> > > >, (__gnu_cxx::_Lock_policy)1>::~_Sp_counted_ptr_inplace()
 .text._ZNSt23_Sp_counted_ptr_inplaceIN8nlohmann6detail21output_string_adapterIcNSt7__cxx1112basic_stringIcSt11char_traitsIcESaIcEEEEESaIS9_ELN9__gnu_cxx12_Lock_policyE1EE10_M_disposeEv
                0x000000000001d388       0x10 _build_giec_I04L-debug/mqtt.o
                0x000000000001d388                std::_Sp_counted_ptr_inplace<nlohmann::detail::output_string_adapter<char, std::__cxx11::basic_string<char, std::char_traits<char>, std::allocator<char> > >, std::allocator<nlohmann::detail::output_string_adapter<char, std::__cxx11::basic_string<char, std::char_traits<char>, std::allocator<char> > > >, (__gnu_cxx::_Lock_policy)1>::_M_dispose()
 .text._ZNSt23_Sp_counted_ptr_inplaceIN8nlohmann6detail21output_string_adapterIcNSt7__cxx1112basic_stringIcSt11char_traitsIcESaIcEEEEESaIS9_ELN9__gnu_cxx12_Lock_policyE1EE10_M_destroyEv
                0x000000000001d398        0x4 _build_giec_I04L-debug/mqtt.o
                0x000000000001d398                std::_Sp_counted_ptr_inplace<nlohmann::detail::output_string_adapter<char, std::__cxx11::basic_string<char, std::char_traits<char>, std::allocator<char> > >, std::allocator<nlohmann::detail::output_string_adapter<char, std::__cxx11::basic_string<char, std::char_traits<char>, std::allocator<char> > > >, (__gnu_cxx::_Lock_policy)1>::_M_destroy()
 .text._ZNSt23_Sp_counted_ptr_inplaceIN8nlohmann6detail21output_string_adapterIcNSt7__cxx1112basic_stringIcSt11char_traitsIcESaIcEEEEESaIS9_ELN9__gnu_cxx12_Lock_policyE1EE14_M_get_deleterERKSt9type_info
                0x000000000001d39c       0x28 _build_giec_I04L-debug/mqtt.o
                0x000000000001d39c                std::_Sp_counted_ptr_inplace<nlohmann::detail::output_string_adapter<char, std::__cxx11::basic_string<char, std::char_traits<char>, std::allocator<char> > >, std::allocator<nlohmann::detail::output_string_adapter<char, std::__cxx11::basic_string<char, std::char_traits<char>, std::allocator<char> > > >, (__gnu_cxx::_Lock_policy)1>::_M_get_deleter(std::type_info const&)
 .text._ZNSt23_Sp_counted_ptr_inplaceIN8nlohmann6detail21output_string_adapterIcNSt7__cxx1112basic_stringIcSt11char_traitsIcESaIcEEEEESaIS9_ELN9__gnu_cxx12_Lock_policyE1EED0Ev
                0x000000000001d3c4       0x18 _build_giec_I04L-debug/mqtt.o
                0x000000000001d3c4                std::_Sp_counted_ptr_inplace<nlohmann::detail::output_string_adapter<char, std::__cxx11::basic_string<char, std::char_traits<char>, std::allocator<char> > >, std::allocator<nlohmann::detail::output_string_adapter<char, std::__cxx11::basic_string<char, std::char_traits<char>, std::allocator<char> > > >, (__gnu_cxx::_Lock_policy)1>::~_Sp_counted_ptr_inplace()
 .text._ZN8nlohmann6detail21output_string_adapterIcNSt7__cxx1112basic_stringIcSt11char_traitsIcESaIcEEEED0Ev
                0x000000000001d3dc       0x18 _build_giec_I04L-debug/mqtt.o
                0x000000000001d3dc                nlohmann::detail::output_string_adapter<char, std::__cxx11::basic_string<char, std::char_traits<char>, std::allocator<char> > >::~output_string_adapter()
 .text._ZN8nlohmann6detail10serializerINS_10basic_jsonISt3mapSt6vectorNSt7__cxx1112basic_stringIcSt11char_traitsIcESaIcEEEbxydSaNS_14adl_serializerES4_IhSaIhEEEEED2Ev
                0x000000000001d3f4       0xc8 _build_giec_I04L-debug/mqtt.o
                0x000000000001d3f4                nlohmann::detail::serializer<nlohmann::basic_json<std::map, std::vector, std::__cxx11::basic_string<char, std::char_traits<char>, std::allocator<char> >, bool, long long, unsigned long long, double, std::allocator, nlohmann::adl_serializer, std::vector<unsigned char, std::allocator<unsigned char> > > >::~serializer()
                0x000000000001d3f4                nlohmann::detail::serializer<nlohmann::basic_json<std::map, std::vector, std::__cxx11::basic_string<char, std::char_traits<char>, std::allocator<char> >, bool, long long, unsigned long long, double, std::allocator, nlohmann::adl_serializer, std::vector<unsigned char, std::allocator<unsigned char> > > >::~serializer()
 .text._ZNSt16_Sp_counted_baseILN9__gnu_cxx12_Lock_policyE1EE10_M_releaseEv
                0x000000000001d4bc       0xa4 _build_giec_I04L-debug/mqtt.o
                0x000000000001d4bc                std::_Sp_counted_base<(__gnu_cxx::_Lock_policy)1>::_M_release()
 .text._ZNK8nlohmann10basic_jsonISt3mapSt6vectorNSt7__cxx1112basic_stringIcSt11char_traitsIcESaIcEEEbxydSaNS_14adl_serializerES2_IhSaIhEEE16assert_invariantEb
                0x000000000001d560       0xd0 _build_giec_I04L-debug/mqtt.o
                0x000000000001d560                nlohmann::basic_json<std::map, std::vector, std::__cxx11::basic_string<char, std::char_traits<char>, std::allocator<char> >, bool, long long, unsigned long long, double, std::allocator, nlohmann::adl_serializer, std::vector<unsigned char, std::allocator<unsigned char> > >::assert_invariant(bool) const
 .text._ZNSt7__cxx1112basic_stringIcSt11char_traitsIcESaIcEE9_M_appendEPKcj
                0x000000000001d630       0x94 _build_giec_I04L-debug/mqtt.o
                0x000000000001d630                std::__cxx11::basic_string<char, std::char_traits<char>, std::allocator<char> >::_M_append(char const*, unsigned int)
 .text._ZN8nlohmann6detail21output_string_adapterIcNSt7__cxx1112basic_stringIcSt11char_traitsIcESaIcEEEE15write_characterEc
                0x000000000001d6c4       0x70 _build_giec_I04L-debug/mqtt.o
                0x000000000001d6c4                nlohmann::detail::output_string_adapter<char, std::__cxx11::basic_string<char, std::char_traits<char>, std::allocator<char> > >::write_character(char)
 .text._ZN8nlohmann6detail21output_string_adapterIcNSt7__cxx1112basic_stringIcSt11char_traitsIcESaIcEEEE16write_charactersEPKcj
                0x000000000001d734       0xac _build_giec_I04L-debug/mqtt.o
                0x000000000001d734                nlohmann::detail::output_string_adapter<char, std::__cxx11::basic_string<char, std::char_traits<char>, std::allocator<char> > >::write_characters(char const*, unsigned int)
 .text._ZNSt7__cxx1112basic_stringIcSt11char_traitsIcESaIcEE6appendEPKc
                0x000000000001d7e0       0xc4 _build_giec_I04L-debug/mqtt.o
                0x000000000001d7e0                std::__cxx11::basic_string<char, std::char_traits<char>, std::allocator<char> >::append(char const*)
 .text._ZStplIcSt11char_traitsIcESaIcEENSt7__cxx1112basic_stringIT_T0_T1_EEPKS5_RKS8_
                0x000000000001d8a4      0x204 _build_giec_I04L-debug/mqtt.o
                0x000000000001d8a4                std::__cxx11::basic_string<char, std::char_traits<char>, std::allocator<char> > std::operator+<char, std::char_traits<char>, std::allocator<char> >(char const*, std::__cxx11::basic_string<char, std::char_traits<char>, std::allocator<char> > const&)
 .text._ZN8nlohmann6detail9exception4nameERKNSt7__cxx1112basic_stringIcSt11char_traitsIcESaIcEEEi
                0x000000000001daa8      0x348 _build_giec_I04L-debug/mqtt.o
                0x000000000001daa8                nlohmann::detail::exception::name(std::__cxx11::basic_string<char, std::char_traits<char>, std::allocator<char> > const&, int)
 .text._ZN8nlohmann6detail10type_error6createINS_10basic_jsonISt3mapSt6vectorNSt7__cxx1112basic_stringIcSt11char_traitsIcESaIcEEEbxydSaNS_14adl_serializerES5_IhSaIhEEEEEES1_iRKSB_RKT_
                0x000000000001ddf0      0x2b4 _build_giec_I04L-debug/mqtt.o
                0x000000000001ddf0                nlohmann::detail::type_error nlohmann::detail::type_error::create<nlohmann::basic_json<std::map, std::vector, std::__cxx11::basic_string<char, std::char_traits<char>, std::allocator<char> >, bool, long long, unsigned long long, double, std::allocator, nlohmann::adl_serializer, std::vector<unsigned char, std::allocator<unsigned char> > > >(int, std::__cxx11::basic_string<char, std::char_traits<char>, std::allocator<char> > const&, nlohmann::basic_json<std::map, std::vector, std::__cxx11::basic_string<char, std::char_traits<char>, std::allocator<char> >, bool, long long, unsigned long long, double, std::allocator, nlohmann::adl_serializer, std::vector<unsigned char, std::allocator<unsigned char> > > const&)
 .text._ZNSt7__cxx1112basic_stringIcSt11char_traitsIcESaIcEE9_M_assignERKS4_
                0x000000000001e0a4       0xdc _build_giec_I04L-debug/mqtt.o
                0x000000000001e0a4                std::__cxx11::basic_string<char, std::char_traits<char>, std::allocator<char> >::_M_assign(std::__cxx11::basic_string<char, std::char_traits<char>, std::allocator<char> > const&)
 .text._ZNSt7__cxx1112basic_stringIcSt11char_traitsIcESaIcEE6resizeEjc
                0x000000000001e180       0xc8 _build_giec_I04L-debug/mqtt.o
                0x000000000001e180                std::__cxx11::basic_string<char, std::char_traits<char>, std::allocator<char> >::resize(unsigned int, char)
 .text._ZN8nlohmann6detail10serializerINS_10basic_jsonISt3mapSt6vectorNSt7__cxx1112basic_stringIcSt11char_traitsIcESaIcEEEbxydSaNS_14adl_serializerES4_IhSaIhEEEEE12dump_integerIhLi0EEEvT_
                0x000000000001e248      0x218 _build_giec_I04L-debug/mqtt.o
                0x000000000001e248                void nlohmann::detail::serializer<nlohmann::basic_json<std::map, std::vector, std::__cxx11::basic_string<char, std::char_traits<char>, std::allocator<char> >, bool, long long, unsigned long long, double, std::allocator, nlohmann::adl_serializer, std::vector<unsigned char, std::allocator<unsigned char> > > >::dump_integer<unsigned char, 0>(unsigned char)
 .text._ZN8nlohmann6detail10serializerINS_10basic_jsonISt3mapSt6vectorNSt7__cxx1112basic_stringIcSt11char_traitsIcESaIcEEEbxydSaNS_14adl_serializerES4_IhSaIhEEEEE12dump_integerIyLi0EEEvT_
                0x000000000001e460      0x344 _build_giec_I04L-debug/mqtt.o
                0x000000000001e460                void nlohmann::detail::serializer<nlohmann::basic_json<std::map, std::vector, std::__cxx11::basic_string<char, std::char_traits<char>, std::allocator<char> >, bool, long long, unsigned long long, double, std::allocator, nlohmann::adl_serializer, std::vector<unsigned char, std::allocator<unsigned char> > > >::dump_integer<unsigned long long, 0>(unsigned long long)
 .text._ZN8nlohmann6detail11other_error6createINS_10basic_jsonISt3mapSt6vectorNSt7__cxx1112basic_stringIcSt11char_traitsIcESaIcEEEbxydSaNS_14adl_serializerES5_IhSaIhEEEEEES1_iRKSB_RKT_
                0x000000000001e7a4      0x2bc _build_giec_I04L-debug/mqtt.o
                0x000000000001e7a4                nlohmann::detail::other_error nlohmann::detail::other_error::create<nlohmann::basic_json<std::map, std::vector, std::__cxx11::basic_string<char, std::char_traits<char>, std::allocator<char> >, bool, long long, unsigned long long, double, std::allocator, nlohmann::adl_serializer, std::vector<unsigned char, std::allocator<unsigned char> > > >(int, std::__cxx11::basic_string<char, std::char_traits<char>, std::allocator<char> > const&, nlohmann::basic_json<std::map, std::vector, std::__cxx11::basic_string<char, std::char_traits<char>, std::allocator<char> >, bool, long long, unsigned long long, double, std::allocator, nlohmann::adl_serializer, std::vector<unsigned char, std::allocator<unsigned char> > > const&)
 .text._ZNKSt7__cxx1112basic_stringIcSt11char_traitsIcESaIcEE7compareERKS4_
                0x000000000001ea60       0x3c _build_giec_I04L-debug/mqtt.o
                0x000000000001ea60                std::__cxx11::basic_string<char, std::char_traits<char>, std::allocator<char> >::compare(std::__cxx11::basic_string<char, std::char_traits<char>, std::allocator<char> > const&) const
 .text._ZNSt8_Rb_treeINSt7__cxx1112basic_stringIcSt11char_traitsIcESaIcEEESt4pairIKS5_St3mapIS5_iSt4lessIS5_ESaIS6_IS7_iEEEESt10_Select1stISE_ESA_SaISE_EE24_M_get_insert_unique_posERS7_
                0x000000000001ea9c      0x12c _build_giec_I04L-debug/mqtt.o
                0x000000000001ea9c                std::_Rb_tree<std::__cxx11::basic_string<char, std::char_traits<char>, std::allocator<char> >, std::pair<std::__cxx11::basic_string<char, std::char_traits<char>, std::allocator<char> > const, std::map<std::__cxx11::basic_string<char, std::char_traits<char>, std::allocator<char> >, int, std::less<std::__cxx11::basic_string<char, std::char_traits<char>, std::allocator<char> > >, std::allocator<std::pair<std::__cxx11::basic_string<char, std::char_traits<char>, std::allocator<char> > const, int> > > >, std::_Select1st<std::pair<std::__cxx11::basic_string<char, std::char_traits<char>, std::allocator<char> > const, std::map<std::__cxx11::basic_string<char, std::char_traits<char>, std::allocator<char> >, int, std::less<std::__cxx11::basic_string<char, std::char_traits<char>, std::allocator<char> > >, std::allocator<std::pair<std::__cxx11::basic_string<char, std::char_traits<char>, std::allocator<char> > const, int> > > > >, std::less<std::__cxx11::basic_string<char, std::char_traits<char>, std::allocator<char> > >, std::allocator<std::pair<std::__cxx11::basic_string<char, std::char_traits<char>, std::allocator<char> > const, std::map<std::__cxx11::basic_string<char, std::char_traits<char>, std::allocator<char> >, int, std::less<std::__cxx11::basic_string<char, std::char_traits<char>, std::allocator<char> > >, std::allocator<std::pair<std::__cxx11::basic_string<char, std::char_traits<char>, std::allocator<char> > const, int> > > > > >::_M_get_insert_unique_pos(std::__cxx11::basic_string<char, std::char_traits<char>, std::allocator<char> > const&)
 .text._ZNSt8_Rb_treeINSt7__cxx1112basic_stringIcSt11char_traitsIcESaIcEEESt4pairIKS5_iESt10_Select1stIS8_ESt4lessIS5_ESaIS8_EE24_M_get_insert_unique_posERS7_
                0x000000000001ebc8      0x12c _build_giec_I04L-debug/mqtt.o
                0x000000000001ebc8                std::_Rb_tree<std::__cxx11::basic_string<char, std::char_traits<char>, std::allocator<char> >, std::pair<std::__cxx11::basic_string<char, std::char_traits<char>, std::allocator<char> > const, int>, std::_Select1st<std::pair<std::__cxx11::basic_string<char, std::char_traits<char>, std::allocator<char> > const, int> >, std::less<std::__cxx11::basic_string<char, std::char_traits<char>, std::allocator<char> > >, std::allocator<std::pair<std::__cxx11::basic_string<char, std::char_traits<char>, std::allocator<char> > const, int> > >::_M_get_insert_unique_pos(std::__cxx11::basic_string<char, std::char_traits<char>, std::allocator<char> > const&)
 .text._ZNSt8_Rb_treeINSt7__cxx1112basic_stringIcSt11char_traitsIcESaIcEEESt4pairIKS5_N8nlohmann10basic_jsonISt3mapSt6vectorS5_bxydSaNS8_14adl_serializerESB_IhSaIhEEEEESt10_Select1stISG_ESt4lessIvESaISG_EE8_M_eraseEPSt13_Rb_tree_nodeISG_E
                0x000000000001ecf4      0x708 _build_giec_I04L-debug/mqtt.o
                0x000000000001ecf4                std::_Rb_tree<std::__cxx11::basic_string<char, std::char_traits<char>, std::allocator<char> >, std::pair<std::__cxx11::basic_string<char, std::char_traits<char>, std::allocator<char> > const, nlohmann::basic_json<std::map, std::vector, std::__cxx11::basic_string<char, std::char_traits<char>, std::allocator<char> >, bool, long long, unsigned long long, double, std::allocator, nlohmann::adl_serializer, std::vector<unsigned char, std::allocator<unsigned char> > > >, std::_Select1st<std::pair<std::__cxx11::basic_string<char, std::char_traits<char>, std::allocator<char> > const, nlohmann::basic_json<std::map, std::vector, std::__cxx11::basic_string<char, std::char_traits<char>, std::allocator<char> >, bool, long long, unsigned long long, double, std::allocator, nlohmann::adl_serializer, std::vector<unsigned char, std::allocator<unsigned char> > > > >, std::less<void>, std::allocator<std::pair<std::__cxx11::basic_string<char, std::char_traits<char>, std::allocator<char> > const, nlohmann::basic_json<std::map, std::vector, std::__cxx11::basic_string<char, std::char_traits<char>, std::allocator<char> >, bool, long long, unsigned long long, double, std::allocator, nlohmann::adl_serializer, std::vector<unsigned char, std::allocator<unsigned char> > > > > >::_M_erase(std::_Rb_tree_node<std::pair<std::__cxx11::basic_string<char, std::char_traits<char>, std::allocator<char> > const, nlohmann::basic_json<std::map, std::vector, std::__cxx11::basic_string<char, std::char_traits<char>, std::allocator<char> >, bool, long long, unsigned long long, double, std::allocator, nlohmann::adl_serializer, std::vector<unsigned char, std::allocator<unsigned char> > > > >*)
 .text._ZN8nlohmann10basic_jsonISt3mapSt6vectorNSt7__cxx1112basic_stringIcSt11char_traitsIcESaIcEEEbxydSaNS_14adl_serializerES2_IhSaIhEEE10json_value7destroyENS_6detail7value_tE
                0x000000000001f3fc      0x748 _build_giec_I04L-debug/mqtt.o
                0x000000000001f3fc                nlohmann::basic_json<std::map, std::vector, std::__cxx11::basic_string<char, std::char_traits<char>, std::allocator<char> >, bool, long long, unsigned long long, double, std::allocator, nlohmann::adl_serializer, std::vector<unsigned char, std::allocator<unsigned char> > >::json_value::destroy(nlohmann::detail::value_t)
 .text._ZN8nlohmann10basic_jsonISt3mapSt6vectorNSt7__cxx1112basic_stringIcSt11char_traitsIcESaIcEEEbxydSaNS_14adl_serializerES2_IhSaIhEEED2Ev
                0x000000000001fb44       0xe4 _build_giec_I04L-debug/mqtt.o
                0x000000000001fb44                nlohmann::basic_json<std::map, std::vector, std::__cxx11::basic_string<char, std::char_traits<char>, std::allocator<char> >, bool, long long, unsigned long long, double, std::allocator, nlohmann::adl_serializer, std::vector<unsigned char, std::allocator<unsigned char> > >::~basic_json()
                0x000000000001fb44                nlohmann::basic_json<std::map, std::vector, std::__cxx11::basic_string<char, std::char_traits<char>, std::allocator<char> >, bool, long long, unsigned long long, double, std::allocator, nlohmann::adl_serializer, std::vector<unsigned char, std::allocator<unsigned char> > >::~basic_json()
 .text._ZN8nlohmann10basic_jsonISt3mapSt6vectorNSt7__cxx1112basic_stringIcSt11char_traitsIcESaIcEEEbxydSaNS_14adl_serializerES2_IhSaIhEEE10json_valueC2ENS_6detail7value_tE
                0x000000000001fc28      0x13c _build_giec_I04L-debug/mqtt.o
                0x000000000001fc28                nlohmann::basic_json<std::map, std::vector, std::__cxx11::basic_string<char, std::char_traits<char>, std::allocator<char> >, bool, long long, unsigned long long, double, std::allocator, nlohmann::adl_serializer, std::vector<unsigned char, std::allocator<unsigned char> > >::json_value::json_value(nlohmann::detail::value_t)
                0x000000000001fc28                nlohmann::basic_json<std::map, std::vector, std::__cxx11::basic_string<char, std::char_traits<char>, std::allocator<char> >, bool, long long, unsigned long long, double, std::allocator, nlohmann::adl_serializer, std::vector<unsigned char, std::allocator<unsigned char> > >::json_value::json_value(nlohmann::detail::value_t)
 .text._ZN8nlohmann10basic_jsonISt3mapSt6vectorNSt7__cxx1112basic_stringIcSt11char_traitsIcESaIcEEEbxydSaNS_14adl_serializerES2_IhSaIhEEEC2EDn
                0x000000000001fd64       0xe8 _build_giec_I04L-debug/mqtt.o
                0x000000000001fd64                nlohmann::basic_json<std::map, std::vector, std::__cxx11::basic_string<char, std::char_traits<char>, std::allocator<char> >, bool, long long, unsigned long long, double, std::allocator, nlohmann::adl_serializer, std::vector<unsigned char, std::allocator<unsigned char> > >::basic_json(decltype(nullptr))
                0x000000000001fd64                nlohmann::basic_json<std::map, std::vector, std::__cxx11::basic_string<char, std::char_traits<char>, std::allocator<char> >, bool, long long, unsigned long long, double, std::allocator, nlohmann::adl_serializer, std::vector<unsigned char, std::allocator<unsigned char> > >::basic_json(decltype(nullptr))
 .text._ZN8nlohmann6detail10serializerINS_10basic_jsonISt3mapSt6vectorNSt7__cxx1112basic_stringIcSt11char_traitsIcESaIcEEEbxydSaNS_14adl_serializerES4_IhSaIhEEEEE12dump_escapedERKSA_b
                0x000000000001fe4c      0x864 _build_giec_I04L-debug/mqtt.o
                0x000000000001fe4c                nlohmann::detail::serializer<nlohmann::basic_json<std::map, std::vector, std::__cxx11::basic_string<char, std::char_traits<char>, std::allocator<char> >, bool, long long, unsigned long long, double, std::allocator, nlohmann::adl_serializer, std::vector<unsigned char, std::allocator<unsigned char> > > >::dump_escaped(std::__cxx11::basic_string<char, std::char_traits<char>, std::allocator<char> > const&, bool)
 .text._ZNSt6vectorIN8nlohmann10basic_jsonISt3mapS_NSt7__cxx1112basic_stringIcSt11char_traitsIcESaIcEEEbxydSaNS0_14adl_serializerES_IhSaIhEEEESaISC_EED2Ev
                0x00000000000206b0      0x11c _build_giec_I04L-debug/mqtt.o
                0x00000000000206b0                std::vector<nlohmann::basic_json<std::map, std::vector, std::__cxx11::basic_string<char, std::char_traits<char>, std::allocator<char> >, bool, long long, unsigned long long, double, std::allocator, nlohmann::adl_serializer, std::vector<unsigned char, std::allocator<unsigned char> > >, std::allocator<nlohmann::basic_json<std::map, std::vector, std::__cxx11::basic_string<char, std::char_traits<char>, std::allocator<char> >, bool, long long, unsigned long long, double, std::allocator, nlohmann::adl_serializer, std::vector<unsigned char, std::allocator<unsigned char> > > > >::~vector()
                0x00000000000206b0                std::vector<nlohmann::basic_json<std::map, std::vector, std::__cxx11::basic_string<char, std::char_traits<char>, std::allocator<char> >, bool, long long, unsigned long long, double, std::allocator, nlohmann::adl_serializer, std::vector<unsigned char, std::allocator<unsigned char> > >, std::allocator<nlohmann::basic_json<std::map, std::vector, std::__cxx11::basic_string<char, std::char_traits<char>, std::allocator<char> >, bool, long long, unsigned long long, double, std::allocator, nlohmann::adl_serializer, std::vector<unsigned char, std::allocator<unsigned char> > > > >::~vector()
 .text._ZNSt6vectorIN8nlohmann10basic_jsonISt3mapS_NSt7__cxx1112basic_stringIcSt11char_traitsIcESaIcEEEbxydSaNS0_14adl_serializerES_IhSaIhEEEESaISC_EE17_M_realloc_insertIJSC_EEEvN9__gnu_cxx17__normal_iteratorIPSC_SE_EEDpOT_
                0x00000000000207cc      0x4fc _build_giec_I04L-debug/mqtt.o
                0x00000000000207cc                void std::vector<nlohmann::basic_json<std::map, std::vector, std::__cxx11::basic_string<char, std::char_traits<char>, std::allocator<char> >, bool, long long, unsigned long long, double, std::allocator, nlohmann::adl_serializer, std::vector<unsigned char, std::allocator<unsigned char> > >, std::allocator<nlohmann::basic_json<std::map, std::vector, std::__cxx11::basic_string<char, std::char_traits<char>, std::allocator<char> >, bool, long long, unsigned long long, double, std::allocator, nlohmann::adl_serializer, std::vector<unsigned char, std::allocator<unsigned char> > > > >::_M_realloc_insert<nlohmann::basic_json<std::map, std::vector, std::__cxx11::basic_string<char, std::char_traits<char>, std::allocator<char> >, bool, long long, unsigned long long, double, std::allocator, nlohmann::adl_serializer, std::vector<unsigned char, std::allocator<unsigned char> > > >(__gnu_cxx::__normal_iterator<nlohmann::basic_json<std::map, std::vector, std::__cxx11::basic_string<char, std::char_traits<char>, std::allocator<char> >, bool, long long, unsigned long long, double, std::allocator, nlohmann::adl_serializer, std::vector<unsigned char, std::allocator<unsigned char> > >*, std::vector<nlohmann::basic_json<std::map, std::vector, std::__cxx11::basic_string<char, std::char_traits<char>, std::allocator<char> >, bool, long long, unsigned long long, double, std::allocator, nlohmann::adl_serializer, std::vector<unsigned char, std::allocator<unsigned char> > >, std::allocator<nlohmann::basic_json<std::map, std::vector, std::__cxx11::basic_string<char, std::char_traits<char>, std::allocator<char> >, bool, long long, unsigned long long, double, std::allocator, nlohmann::adl_serializer, std::vector<unsigned char, std::allocator<unsigned char> > > > > >, nlohmann::basic_json<std::map, std::vector, std::__cxx11::basic_string<char, std::char_traits<char>, std::allocator<char> >, bool, long long, unsigned long long, double, std::allocator, nlohmann::adl_serializer, std::vector<unsigned char, std::allocator<unsigned char> > >&&)
 .text._ZNSt6vectorIN8nlohmann10basic_jsonISt3mapS_NSt7__cxx1112basic_stringIcSt11char_traitsIcESaIcEEEbxydSaNS0_14adl_serializerES_IhSaIhEEEESaISC_EE7reserveEj
                0x0000000000020cc8      0x28c _build_giec_I04L-debug/mqtt.o
                0x0000000000020cc8                std::vector<nlohmann::basic_json<std::map, std::vector, std::__cxx11::basic_string<char, std::char_traits<char>, std::allocator<char> >, bool, long long, unsigned long long, double, std::allocator, nlohmann::adl_serializer, std::vector<unsigned char, std::allocator<unsigned char> > >, std::allocator<nlohmann::basic_json<std::map, std::vector, std::__cxx11::basic_string<char, std::char_traits<char>, std::allocator<char> >, bool, long long, unsigned long long, double, std::allocator, nlohmann::adl_serializer, std::vector<unsigned char, std::allocator<unsigned char> > > > >::reserve(unsigned int)
 .text._ZNSt8_Rb_treeINSt7__cxx1112basic_stringIcSt11char_traitsIcESaIcEEESt4pairIKS5_N8nlohmann10basic_jsonISt3mapSt6vectorS5_bxydSaNS8_14adl_serializerESB_IhSaIhEEEEESt10_Select1stISG_ESt4lessIvESaISG_EE24_M_get_insert_unique_posERS7_
                0x0000000000020f54      0x12c _build_giec_I04L-debug/mqtt.o
                0x0000000000020f54                std::_Rb_tree<std::__cxx11::basic_string<char, std::char_traits<char>, std::allocator<char> >, std::pair<std::__cxx11::basic_string<char, std::char_traits<char>, std::allocator<char> > const, nlohmann::basic_json<std::map, std::vector, std::__cxx11::basic_string<char, std::char_traits<char>, std::allocator<char> >, bool, long long, unsigned long long, double, std::allocator, nlohmann::adl_serializer, std::vector<unsigned char, std::allocator<unsigned char> > > >, std::_Select1st<std::pair<std::__cxx11::basic_string<char, std::char_traits<char>, std::allocator<char> > const, nlohmann::basic_json<std::map, std::vector, std::__cxx11::basic_string<char, std::char_traits<char>, std::allocator<char> >, bool, long long, unsigned long long, double, std::allocator, nlohmann::adl_serializer, std::vector<unsigned char, std::allocator<unsigned char> > > > >, std::less<void>, std::allocator<std::pair<std::__cxx11::basic_string<char, std::char_traits<char>, std::allocator<char> > const, nlohmann::basic_json<std::map, std::vector, std::__cxx11::basic_string<char, std::char_traits<char>, std::allocator<char> >, bool, long long, unsigned long long, double, std::allocator, nlohmann::adl_serializer, std::vector<unsigned char, std::allocator<unsigned char> > > > > >::_M_get_insert_unique_pos(std::__cxx11::basic_string<char, std::char_traits<char>, std::allocator<char> > const&)
 .text._ZN8nlohmann10basic_jsonISt3mapSt6vectorNSt7__cxx1112basic_stringIcSt11char_traitsIcESaIcEEEbxydSaNS_14adl_serializerES2_IhSaIhEEEixIKcEERSC_PT_
                0x0000000000021080      0x500 _build_giec_I04L-debug/mqtt.o
                0x0000000000021080                nlohmann::basic_json<std::map, std::vector, std::__cxx11::basic_string<char, std::char_traits<char>, std::allocator<char> >, bool, long long, unsigned long long, double, std::allocator, nlohmann::adl_serializer, std::vector<unsigned char, std::allocator<unsigned char> > >& nlohmann::basic_json<std::map, std::vector, std::__cxx11::basic_string<char, std::char_traits<char>, std::allocator<char> >, bool, long long, unsigned long long, double, std::allocator, nlohmann::adl_serializer, std::vector<unsigned char, std::allocator<unsigned char> > >::operator[]<char const>(char const*)
 .text._ZN8nlohmann6detail9dtoa_impl18compute_boundariesIdEENS1_10boundariesET_
                0x0000000000021580      0x2e4 _build_giec_I04L-debug/mqtt.o
                0x0000000000021580                nlohmann::detail::dtoa_impl::boundaries nlohmann::detail::dtoa_impl::compute_boundaries<double>(double)
 .text._ZN8nlohmann6detail9dtoa_impl6grisu2IdEEvPcRiS4_T_
                0x0000000000021864      0xc74 _build_giec_I04L-debug/mqtt.o
                0x0000000000021864                void nlohmann::detail::dtoa_impl::grisu2<double>(char*, int&, int&, double)
 .text._ZN8nlohmann6detail8to_charsIdEEPcS2_PKcT_
                0x00000000000224d8      0x3b4 _build_giec_I04L-debug/mqtt.o
                0x00000000000224d8                char* nlohmann::detail::to_chars<double>(char*, char const*, double)
 .text._ZN8nlohmann6detail10serializerINS_10basic_jsonISt3mapSt6vectorNSt7__cxx1112basic_stringIcSt11char_traitsIcESaIcEEEbxydSaNS_14adl_serializerES4_IhSaIhEEEEE4dumpERKSE_bbjj
                0x000000000002288c     0x1588 _build_giec_I04L-debug/mqtt.o
                0x000000000002288c                nlohmann::detail::serializer<nlohmann::basic_json<std::map, std::vector, std::__cxx11::basic_string<char, std::char_traits<char>, std::allocator<char> >, bool, long long, unsigned long long, double, std::allocator, nlohmann::adl_serializer, std::vector<unsigned char, std::allocator<unsigned char> > > >::dump(nlohmann::basic_json<std::map, std::vector, std::__cxx11::basic_string<char, std::char_traits<char>, std::allocator<char> >, bool, long long, unsigned long long, double, std::allocator, nlohmann::adl_serializer, std::vector<unsigned char, std::allocator<unsigned char> > > const&, bool, bool, unsigned int, unsigned int)
 .text._ZNSt8_Rb_treeINSt7__cxx1112basic_stringIcSt11char_traitsIcESaIcEEESt4pairIKS5_iESt10_Select1stIS8_ESt4lessIS5_ESaIS8_EE8_M_eraseEPSt13_Rb_tree_nodeIS8_E
                0x0000000000023e14      0x2f0 _build_giec_I04L-debug/mqtt.o
                0x0000000000023e14                std::_Rb_tree<std::__cxx11::basic_string<char, std::char_traits<char>, std::allocator<char> >, std::pair<std::__cxx11::basic_string<char, std::char_traits<char>, std::allocator<char> > const, int>, std::_Select1st<std::pair<std::__cxx11::basic_string<char, std::char_traits<char>, std::allocator<char> > const, int> >, std::less<std::__cxx11::basic_string<char, std::char_traits<char>, std::allocator<char> > >, std::allocator<std::pair<std::__cxx11::basic_string<char, std::char_traits<char>, std::allocator<char> > const, int> > >::_M_erase(std::_Rb_tree_node<std::pair<std::__cxx11::basic_string<char, std::char_traits<char>, std::allocator<char> > const, int> >*)
 .text._ZNSt8_Rb_treeINSt7__cxx1112basic_stringIcSt11char_traitsIcESaIcEEESt4pairIKS5_St3mapIS5_iSt4lessIS5_ESaIS6_IS7_iEEEESt10_Select1stISE_ESA_SaISE_EE8_M_eraseEPSt13_Rb_tree_nodeISE_E
                0x0000000000024104      0x688 _build_giec_I04L-debug/mqtt.o
                0x0000000000024104                std::_Rb_tree<std::__cxx11::basic_string<char, std::char_traits<char>, std::allocator<char> >, std::pair<std::__cxx11::basic_string<char, std::char_traits<char>, std::allocator<char> > const, std::map<std::__cxx11::basic_string<char, std::char_traits<char>, std::allocator<char> >, int, std::less<std::__cxx11::basic_string<char, std::char_traits<char>, std::allocator<char> > >, std::allocator<std::pair<std::__cxx11::basic_string<char, std::char_traits<char>, std::allocator<char> > const, int> > > >, std::_Select1st<std::pair<std::__cxx11::basic_string<char, std::char_traits<char>, std::allocator<char> > const, std::map<std::__cxx11::basic_string<char, std::char_traits<char>, std::allocator<char> >, int, std::less<std::__cxx11::basic_string<char, std::char_traits<char>, std::allocator<char> > >, std::allocator<std::pair<std::__cxx11::basic_string<char, std::char_traits<char>, std::allocator<char> > const, int> > > > >, std::less<std::__cxx11::basic_string<char, std::char_traits<char>, std::allocator<char> > >, std::allocator<std::pair<std::__cxx11::basic_string<char, std::char_traits<char>, std::allocator<char> > const, std::map<std::__cxx11::basic_string<char, std::char_traits<char>, std::allocator<char> >, int, std::less<std::__cxx11::basic_string<char, std::char_traits<char>, std::allocator<char> > >, std::allocator<std::pair<std::__cxx11::basic_string<char, std::char_traits<char>, std::allocator<char> > const, int> > > > > >::_M_erase(std::_Rb_tree_node<std::pair<std::__cxx11::basic_string<char, std::char_traits<char>, std::allocator<char> > const, std::map<std::__cxx11::basic_string<char, std::char_traits<char>, std::allocator<char> >, int, std::less<std::__cxx11::basic_string<char, std::char_traits<char>, std::allocator<char> > >, std::allocator<std::pair<std::__cxx11::basic_string<char, std::char_traits<char>, std::allocator<char> > const, int> > > > >*)
 .text._ZNSt8_Rb_treeINSt7__cxx1112basic_stringIcSt11char_traitsIcESaIcEEESt4pairIKS5_St3mapIS5_iSt4lessIS5_ESaIS6_IS7_iEEEESt10_Select1stISE_ESA_SaISE_EE5eraseERS7_
                0x000000000002478c      0x2fc _build_giec_I04L-debug/mqtt.o
                0x000000000002478c                std::_Rb_tree<std::__cxx11::basic_string<char, std::char_traits<char>, std::allocator<char> >, std::pair<std::__cxx11::basic_string<char, std::char_traits<char>, std::allocator<char> > const, std::map<std::__cxx11::basic_string<char, std::char_traits<char>, std::allocator<char> >, int, std::less<std::__cxx11::basic_string<char, std::char_traits<char>, std::allocator<char> > >, std::allocator<std::pair<std::__cxx11::basic_string<char, std::char_traits<char>, std::allocator<char> > const, int> > > >, std::_Select1st<std::pair<std::__cxx11::basic_string<char, std::char_traits<char>, std::allocator<char> > const, std::map<std::__cxx11::basic_string<char, std::char_traits<char>, std::allocator<char> >, int, std::less<std::__cxx11::basic_string<char, std::char_traits<char>, std::allocator<char> > >, std::allocator<std::pair<std::__cxx11::basic_string<char, std::char_traits<char>, std::allocator<char> > const, int> > > > >, std::less<std::__cxx11::basic_string<char, std::char_traits<char>, std::allocator<char> > >, std::allocator<std::pair<std::__cxx11::basic_string<char, std::char_traits<char>, std::allocator<char> > const, std::map<std::__cxx11::basic_string<char, std::char_traits<char>, std::allocator<char> >, int, std::less<std::__cxx11::basic_string<char, std::char_traits<char>, std::allocator<char> > >, std::allocator<std::pair<std::__cxx11::basic_string<char, std::char_traits<char>, std::allocator<char> > const, int> > > > > >::erase(std::__cxx11::basic_string<char, std::char_traits<char>, std::allocator<char> > const&)
 .text._ZN4mqttD0Ev
                0x0000000000024a88      0x16c _build_giec_I04L-debug/mqtt.o
                0x0000000000024a88                mqtt::~mqtt()
 .text._ZN4mqttD2Ev
                0x0000000000024bf4      0x15c _build_giec_I04L-debug/mqtt.o
                0x0000000000024bf4                mqtt::~mqtt()
                0x0000000000024bf4                mqtt::~mqtt()
 .text._ZNK8nlohmann6detail9exception4whatEv
                0x0000000000024d50        0x8 _build_giec_I04L-debug/mqtt.o
                0x0000000000024d50                nlohmann::detail::exception::what() const
 .text._ZN8nlohmann6detail9exceptionD2Ev
                0x0000000000024d58       0x28 _build_giec_I04L-debug/mqtt.o
                0x0000000000024d58                nlohmann::detail::exception::~exception()
                0x0000000000024d58                nlohmann::detail::exception::~exception()
 .text._ZN8nlohmann6detail9exceptionD0Ev
                0x0000000000024d80       0x34 _build_giec_I04L-debug/mqtt.o
                0x0000000000024d80                nlohmann::detail::exception::~exception()
 .text._ZN8nlohmann6detail10type_errorD2Ev
                0x0000000000024db4       0x28 _build_giec_I04L-debug/mqtt.o
                0x0000000000024db4                nlohmann::detail::type_error::~type_error()
                0x0000000000024db4                nlohmann::detail::type_error::~type_error()
 .text._ZN8nlohmann6detail10type_errorD0Ev
                0x0000000000024ddc       0x34 _build_giec_I04L-debug/mqtt.o
                0x0000000000024ddc                nlohmann::detail::type_error::~type_error()
 .text._ZN8nlohmann6detail11other_errorD2Ev
                0x0000000000024e10       0x28 _build_giec_I04L-debug/mqtt.o
                0x0000000000024e10                nlohmann::detail::other_error::~other_error()
                0x0000000000024e10                nlohmann::detail::other_error::~other_error()
 .text._ZN8nlohmann6detail11other_errorD0Ev
                0x0000000000024e38       0x34 _build_giec_I04L-debug/mqtt.o
                0x0000000000024e38                nlohmann::detail::other_error::~other_error()
 .text          0x0000000000024e6c     0x12e4 _build_giec_I04L-debug/ota.o
                0x0000000000024fd4                fca_otaDownloadFile(std::__cxx11::basic_string<char, std::char_traits<char>, std::allocator<char> > const&, std::__cxx11::basic_string<char, std::char_traits<char>, std::allocator<char> > const&, unsigned int)
                0x000000000002528c                fca_otaStatusUpgrade(int)
                0x0000000000025fb8                fca_otaProcess(void*, double, double, double, double)
 .text._ZNSt7__cxx1112basic_stringIcSt11char_traitsIcESaIcEE6insertEjPKc
                0x0000000000026150      0x248 _build_giec_I04L-debug/ota.o
                0x0000000000026150                std::__cxx11::basic_string<char, std::char_traits<char>, std::allocator<char> >::insert(unsigned int, char const*)
 .text._ZZN8nlohmann10basic_jsonISt3mapSt6vectorNSt7__cxx1112basic_stringIcSt11char_traitsIcESaIcEEEbxydSaNS_14adl_serializerES2_IhSaIhEEEC4ESt16initializer_listINS_6detail8json_refISC_EEEbNSE_7value_tEENKUlRKSG_E_clESK_.constprop.255
                0x0000000000026398       0x48 _build_giec_I04L-debug/ota.o
 .text._ZSt9__find_ifIPKN8nlohmann6detail8json_refINS0_10basic_jsonISt3mapSt6vectorNSt7__cxx1112basic_stringIcSt11char_traitsIcESaIcEEEbxydSaNS0_14adl_serializerES5_IhSaIhEEEEEEN9__gnu_cxx5__ops12_Iter_negateIZNSF_C4ESt16initializer_listISG_EbNS1_7value_tEEUlRSH_E_EEET_SS_SS_T0_St26random_access_iterator_tag
                0x00000000000263e0      0x1cc _build_giec_I04L-debug/ota.o
                0x00000000000263e0                nlohmann::detail::json_ref<nlohmann::basic_json<std::map, std::vector, std::__cxx11::basic_string<char, std::char_traits<char>, std::allocator<char> >, bool, long long, unsigned long long, double, std::allocator, nlohmann::adl_serializer, std::vector<unsigned char, std::allocator<unsigned char> > > > const* std::__find_if<nlohmann::detail::json_ref<nlohmann::basic_json<std::map, std::vector, std::__cxx11::basic_string<char, std::char_traits<char>, std::allocator<char> >, bool, long long, unsigned long long, double, std::allocator, nlohmann::adl_serializer, std::vector<unsigned char, std::allocator<unsigned char> > > > const*, __gnu_cxx::__ops::_Iter_negate<nlohmann::basic_json<std::map, std::vector, std::__cxx11::basic_string<char, std::char_traits<char>, std::allocator<char> >, bool, long long, unsigned long long, double, std::allocator, nlohmann::adl_serializer, std::vector<unsigned char, std::allocator<unsigned char> > >::_Iter_negate(std::initializer_list<nlohmann::detail::json_ref<nlohmann::basic_json<std::map, std::vector, std::__cxx11::basic_string<char, std::char_traits<char>, std::allocator<char> >, bool, long long, unsigned long long, double, std::allocator, nlohmann::adl_serializer, std::vector<unsigned char, std::allocator<unsigned char> > > > >, bool, nlohmann::detail::value_t)::{lambda(nlohmann::detail::json_ref<nlohmann::basic_json<std::map, std::vector, std::__cxx11::basic_string<char, std::char_traits<char>, std::allocator<char> >, bool, long long, unsigned long long, double, std::allocator, nlohmann::adl_serializer, std::vector<unsigned char, std::allocator<unsigned char> > > > const&)#1}> >(__gnu_cxx::__ops::_Iter_negate<nlohmann::basic_json<std::map, std::vector, std::__cxx11::basic_string<char, std::char_traits<char>, std::allocator<char> >, bool, long long, unsigned long long, double, std::allocator, nlohmann::adl_serializer, std::vector<unsigned char, std::allocator<unsigned char> > >::_Iter_negate(std::initializer_list<nlohmann::detail::json_ref<nlohmann::basic_json<std::map, std::vector, std::__cxx11::basic_string<char, std::char_traits<char>, std::allocator<char> >, bool, long long, unsigned long long, double, std::allocator, nlohmann::adl_serializer, std::vector<unsigned char, std::allocator<unsigned char> > > > >, bool, nlohmann::detail::value_t)::{lambda(nlohmann::detail::json_ref<nlohmann::basic_json<std::map, std::vector, std::__cxx11::basic_string<char, std::char_traits<char>, std::allocator<char> >, bool, long long, unsigned long long, double, std::allocator, nlohmann::adl_serializer, std::vector<unsigned char, std::allocator<unsigned char> > > > const&)#1}>, __gnu_cxx::__ops::_Iter_negate<nlohmann::basic_json<std::map, std::vector, std::__cxx11::basic_string<char, std::char_traits<char>, std::allocator<char> >, bool, long long, unsigned long long, double, std::allocator, nlohmann::adl_serializer, std::vector<unsigned char, std::allocator<unsigned char> > >::_Iter_negate(std::initializer_list<nlohmann::detail::json_ref<nlohmann::basic_json<std::map, std::vector, std::__cxx11::basic_string<char, std::char_traits<char>, std::allocator<char> >, bool, long long, unsigned long long, double, std::allocator, nlohmann::adl_serializer, std::vector<unsigned char, std::allocator<unsigned char> > > > >, bool, nlohmann::detail::value_t)::{lambda(nlohmann::detail::json_ref<nlohmann::basic_json<std::map, std::vector, std::__cxx11::basic_string<char, std::char_traits<char>, std::allocator<char> >, bool, long long, unsigned long long, double, std::allocator, nlohmann::adl_serializer, std::vector<unsigned char, std::allocator<unsigned char> > > > const&)#1}>, __gnu_cxx::__ops::_Iter_negate<nlohmann::basic_json<std::map, std::vector, std::__cxx11::basic_string<char, std::char_traits<char>, std::allocator<char> >, bool, long long, unsigned long long, double, std::allocator, nlohmann::adl_serializer, std::vector<unsigned char, std::allocator<unsigned char> > >::_Iter_negate(std::initializer_list<nlohmann::detail::json_ref<nlohmann::basic_json<std::map, std::vector, std::__cxx11::basic_string<char, std::char_traits<char>, std::allocator<char> >, bool, long long, unsigned long long, double, std::allocator, nlohmann::adl_serializer, std::vector<unsigned char, std::allocator<unsigned char> > > > >, bool, nlohmann::detail::value_t)::{lambda(nlohmann::detail::json_ref<nlohmann::basic_json<std::map, std::vector, std::__cxx11::basic_string<char, std::char_traits<char>, std::allocator<char> >, bool, long long, unsigned long long, double, std::allocator, nlohmann::adl_serializer, std::vector<unsigned char, std::allocator<unsigned char> > > > const&)#1}>, std::random_access_iterator_tag)
 .text._ZNSt8_Rb_treeINSt7__cxx1112basic_stringIcSt11char_traitsIcESaIcEEESt4pairIKS5_N8nlohmann10basic_jsonISt3mapSt6vectorS5_bxydSaNS8_14adl_serializerESB_IhSaIhEEEEESt10_Select1stISG_ESt4lessIvESaISG_EE7_M_copyINSM_11_Alloc_nodeEEEPSt13_Rb_tree_nodeISG_EPKSQ_PSt18_Rb_tree_node_baseRT_
                0x00000000000265ac      0x2d0 _build_giec_I04L-debug/ota.o